Archive member included to satisfy reference by file (symbol)

C:\Users\benzh\Desktop\LPC55S69-OS\LPC55S69\mcuxpresso\libpower_hardabi.a(fsl_power_lib.o)
                              ./drivers/fsl_clock.o (POWER_SetVoltageForFreq)
C:/nxp/MCUXpressoIDE_11.10.0_3148/ide/plugins/com.nxp.mcuxpresso.tools.win32_11.10.0.202311280810/tools/bin/../lib/gcc/arm-none-eabi/13.2.1/thumb/v8-m.main+fp/hard\libgcc.a(_aeabi_uldivmod.o)
                              ./drivers/fsl_clock.o (__aeabi_uldivmod)
C:/nxp/MCUXpressoIDE_11.10.0_3148/ide/plugins/com.nxp.mcuxpresso.tools.win32_11.10.0.202311280810/tools/bin/../lib/gcc/arm-none-eabi/13.2.1/thumb/v8-m.main+fp/hard\libgcc.a(_fixunssfdi.o)
                              ./device/system_LPC55S69_cm33_core0.o (__aeabi_f2ulz)
C:/nxp/MCUXpressoIDE_11.10.0_3148/ide/plugins/com.nxp.mcuxpresso.tools.win32_11.10.0.202311280810/tools/bin/../lib/gcc/arm-none-eabi/13.2.1/thumb/v8-m.main+fp/hard\libgcc.a(_udivmoddi4.o)
                              C:/nxp/MCUXpressoIDE_11.10.0_3148/ide/plugins/com.nxp.mcuxpresso.tools.win32_11.10.0.202311280810/tools/bin/../lib/gcc/arm-none-eabi/13.2.1/thumb/v8-m.main+fp/hard\libgcc.a(_aeabi_uldivmod.o) (__udivmoddi4)
C:/nxp/MCUXpressoIDE_11.10.0_3148/ide/plugins/com.nxp.mcuxpresso.tools.win32_11.10.0.202311280810/tools/bin/../lib/gcc/arm-none-eabi/13.2.1/thumb/v8-m.main+fp/hard\libgcc.a(_arm_muldf3.o)
                              C:/nxp/MCUXpressoIDE_11.10.0_3148/ide/plugins/com.nxp.mcuxpresso.tools.win32_11.10.0.202311280810/tools/bin/../lib/gcc/arm-none-eabi/13.2.1/thumb/v8-m.main+fp/hard\libgcc.a(_fixunssfdi.o) (__aeabi_dmul)
C:/nxp/MCUXpressoIDE_11.10.0_3148/ide/plugins/com.nxp.mcuxpresso.tools.win32_11.10.0.202311280810/tools/bin/../lib/gcc/arm-none-eabi/13.2.1/thumb/v8-m.main+fp/hard\libgcc.a(_dvmd_tls.o)
                              C:/nxp/MCUXpressoIDE_11.10.0_3148/ide/plugins/com.nxp.mcuxpresso.tools.win32_11.10.0.202311280810/tools/bin/../lib/gcc/arm-none-eabi/13.2.1/thumb/v8-m.main+fp/hard\libgcc.a(_aeabi_uldivmod.o) (__aeabi_ldiv0)
C:/nxp/MCUXpressoIDE_11.10.0_3148/ide/plugins/com.nxp.mcuxpresso.tools.win32_11.10.0.202311280810/tools/bin/../lib/gcc/arm-none-eabi/13.2.1/thumb/v8-m.main+fp/hard\libgcc.a(_arm_addsubdf3.o)
                              C:/nxp/MCUXpressoIDE_11.10.0_3148/ide/plugins/com.nxp.mcuxpresso.tools.win32_11.10.0.202311280810/tools/bin/../lib/gcc/arm-none-eabi/13.2.1/thumb/v8-m.main+fp/hard\libgcc.a(_fixunssfdi.o) (__aeabi_dsub)
C:/nxp/MCUXpressoIDE_11.10.0_3148/ide/plugins/com.nxp.mcuxpresso.tools.win32_11.10.0.202311280810/tools/bin/../lib/gcc/arm-none-eabi/13.2.1/thumb/v8-m.main+fp/hard\libgcc.a(_arm_fixunsdfsi.o)
                              C:/nxp/MCUXpressoIDE_11.10.0_3148/ide/plugins/com.nxp.mcuxpresso.tools.win32_11.10.0.202311280810/tools/bin/../lib/gcc/arm-none-eabi/13.2.1/thumb/v8-m.main+fp/hard\libgcc.a(_fixunssfdi.o) (__aeabi_d2uiz)
C:/nxp/MCUXpressoIDE_11.10.0_3148/ide/plugins/com.nxp.mcuxpresso.tools.win32_11.10.0.202311280810/tools/bin/../lib/gcc/arm-none-eabi/13.2.1/thumb/v8-m.main+fp/hard\libc_nano.a(libc_a-assert.o)
                              ./drivers/fsl_clock.o (__assert_func)
C:/nxp/MCUXpressoIDE_11.10.0_3148/ide/plugins/com.nxp.mcuxpresso.tools.win32_11.10.0.202311280810/tools/bin/../lib/gcc/arm-none-eabi/13.2.1/thumb/v8-m.main+fp/hard\libc_nano.a(libc_a-malloc.o)
                              ./kernel/kernel.o (malloc)
C:/nxp/MCUXpressoIDE_11.10.0_3148/ide/plugins/com.nxp.mcuxpresso.tools.win32_11.10.0.202311280810/tools/bin/../lib/gcc/arm-none-eabi/13.2.1/thumb/v8-m.main+fp/hard\libc_nano.a(libc_a-mallocr.o)
                              C:/nxp/MCUXpressoIDE_11.10.0_3148/ide/plugins/com.nxp.mcuxpresso.tools.win32_11.10.0.202311280810/tools/bin/../lib/gcc/arm-none-eabi/13.2.1/thumb/v8-m.main+fp/hard\libc_nano.a(libc_a-malloc.o) (_malloc_r)
C:/nxp/MCUXpressoIDE_11.10.0_3148/ide/plugins/com.nxp.mcuxpresso.tools.win32_11.10.0.202311280810/tools/bin/../lib/gcc/arm-none-eabi/13.2.1/thumb/v8-m.main+fp/hard\libc_nano.a(libc_a-mlock.o)
                              C:/nxp/MCUXpressoIDE_11.10.0_3148/ide/plugins/com.nxp.mcuxpresso.tools.win32_11.10.0.202311280810/tools/bin/../lib/gcc/arm-none-eabi/13.2.1/thumb/v8-m.main+fp/hard\libc_nano.a(libc_a-mallocr.o) (__malloc_lock)
C:/nxp/MCUXpressoIDE_11.10.0_3148/ide/plugins/com.nxp.mcuxpresso.tools.win32_11.10.0.202311280810/tools/bin/../lib/gcc/arm-none-eabi/13.2.1/thumb/v8-m.main+fp/hard\libc_nano.a(libc_a-strtoul.o)
                              ./utilities/fsl_str.o (strtoul)
C:/nxp/MCUXpressoIDE_11.10.0_3148/ide/plugins/com.nxp.mcuxpresso.tools.win32_11.10.0.202311280810/tools/bin/../lib/gcc/arm-none-eabi/13.2.1/thumb/v8-m.main+fp/hard\libc_nano.a(libc_a-ctype_.o)
                              ./device/termio.o (_ctype_)
C:/nxp/MCUXpressoIDE_11.10.0_3148/ide/plugins/com.nxp.mcuxpresso.tools.win32_11.10.0.202311280810/tools/bin/../lib/gcc/arm-none-eabi/13.2.1/thumb/v8-m.main+fp/hard\libc_nano.a(libc_a-fprintf.o)
[...]
Memory Configuration

Name             Origin             Length             Attributes
PROGRAM_FLASH    0x00000000         0x00098000         xr
SRAM             0x20000000         0x00040000         xrw
SRAM4            0x20040000         0x00004000         xrw
SRAMX            0x04000000         0x00008000         xrw
USB_RAM          0x40100000         0x00004000         xrw
*default*        0x00000000         0xffffffff

Linker script and memory map

LOAD ./utilities/fsl_debug_console.o
LOAD ./utilities/fsl_str.o
LOAD ./startup/boot_multicore_slave.o
LOAD ./startup/startup_lpc55s69_cm33_core0.o
LOAD ./startup/svc.o
LOAD ./source/main.o
LOAD ./source/oslib.o
LOAD ./source/semihost_hardfault.o
LOAD ./kernel/kernel.o
LOAD ./kernel/list.o
LOAD ./drivers/fsl_clock.o
LOAD ./drivers/fsl_common.o
LOAD ./drivers/fsl_flexcomm.o
LOAD ./drivers/fsl_gpio.o
LOAD ./drivers/fsl_i2c.o
LOAD ./drivers/fsl_inputmux.o
LOAD ./drivers/fsl_pint.o
LOAD ./drivers/fsl_reset.o
LOAD ./drivers/fsl_usart.o
LOAD ./device/system_LPC55S69_cm33_core0.o
LOAD ./device/target.o
LOAD ./device/termio.o
LOAD ./device/vfs.o
LOAD ./component/uart/fsl_adapter_usart.o
LOAD ./component/serial_manager/fsl_component_serial_manager.o
LOAD ./component/serial_manager/fsl_component_serial_port_uart.o
LOAD ./component/lists/fsl_component_generic_list.o
LOAD ./board/board.o
LOAD ./board/clock_config.o
LOAD ./board/peripherals.o
LOAD ./board/pin_mux.o
LOAD ./LPC55S69/drivers/fsl_power.o
LOAD C:\Users\benzh\Desktop\LPC55S69-OS\LPC55S69\mcuxpresso\libpower_hardabi.a
START GROUP
LOAD C:/nxp/MCUXpressoIDE_11.10.0_3148/ide/plugins/com.nxp.mcuxpresso.tools.win32_11.10.0.202311280810/tools/bin/../lib/gcc/arm-none-eabi/13.2.1/thumb/v8-m.main+fp/hard\libgcc.a
LOAD C:/nxp/MCUXpressoIDE_11.10.0_3148/ide/plugins/com.nxp.mcuxpresso.tools.win32_11.10.0.202311280810/tools/bin/../lib/gcc/arm-none-eabi/13.2.1/thumb/v8-m.main+fp/hard\libc_nano.a
LOAD C:/nxp/MCUXpressoIDE_11.10.0_3148/ide/plugins/com.nxp.mcuxpresso.tools.win32_11.10.0.202311280810/tools/bin/../lib/gcc/arm-none-eabi/13.2.1/thumb/v8-m.main+fp/hard\libm.a
LOAD C:/nxp/MCUXpressoIDE_11.10.0_3148/ide/plugins/com.nxp.mcuxpresso.tools.win32_11.10.0.202311280810/tools/bin/../lib/gcc/arm-none-eabi/13.2.1/../../../../arm-none-eabi/lib/thumb/v8-m.main+fp/hard\libcr_newlib_semihost.a
END GROUP
                0x00000000                        __base_PROGRAM_FLASH = 0x0
                0x00000000                        __base_Flash = 0x0
                0x00098000                        __top_PROGRAM_FLASH = 0x98000
                0x00098000                        __top_Flash = 0x98000
                0x20000000                        __base_SRAM = 0x20000000
                0x20000000                        __base_RAM = 0x20000000
                0x20040000                        __top_SRAM = 0x20040000
                0x20040000                        __top_RAM = 0x20040000
                0x20040000                        __base_SRAM4 = 0x20040000
                0x20040000                        __base_RAM2 = 0x20040000
                0x20044000                        __top_SRAM4 = 0x20044000
                0x20044000                        __top_RAM2 = 0x20044000
                0x04000000                        __base_SRAMX = 0x4000000
                0x04000000                        __base_RAM3 = 0x4000000
                0x04008000                        __top_SRAMX = 0x4008000
                0x04008000                        __top_RAM3 = 0x4008000
                0x40100000                        __base_USB_RAM = 0x40100000
                0x40100000                        __base_RAM4 = 0x40100000
                0x40104000                        __top_USB_RAM = 0x40104000
                0x40104000                        __top_RAM4 = 0x40104000

.text           0x00000000     0x588c
 FILL mask 0xff
                0x00000000                        __vectors_start__ = ABSOLUTE (.)
 *(SORT_BY_ALIGNMENT(.isr_vector))
 .isr_vector    0x00000000      0x130 ./startup/startup_lpc55s69_cm33_core0.o
                0x00000000                g_pfnVectors
                0x00000000                __Vectors
                0x00000130                        . = ALIGN (0x4)
                0x00000130                        __section_table_start = .
                0x00000130                        __data_section_table = .
                0x00000130        0x4 LONG 0x5894 LOADADDR (.data)
                0x00000134        0x4 LONG 0x20000000 ADDR (.data)
                0x00000138        0x4 LONG 0x14c SIZEOF (.data)
                0x0000013c        0x4 LONG 0x5894 LOADADDR (.data_RAM2)
                0x00000140        0x4 LONG 0x20040000 ADDR (.data_RAM2)
                0x00000144        0x4 LONG 0x0 SIZEOF (.data_RAM2)
                0x00000148        0x4 LONG 0x5894 LOADADDR (.data_RAM3)
                0x0000014c        0x4 LONG 0x4000000 ADDR (.data_RAM3)
                0x00000150        0x4 LONG 0x0 SIZEOF (.data_RAM3)
                0x00000154        0x4 LONG 0x5894 LOADADDR (.data_RAM4)
                0x00000158        0x4 LONG 0x40100000 ADDR (.data_RAM4)
                0x0000015c        0x4 LONG 0x0 SIZEOF (.data_RAM4)
                0x00000160                        __data_section_table_end = .
                0x00000160                        __bss_section_table = .
                0x00000160        0x4 LONG 0x2000014c ADDR (.bss)
                0x00000164        0x4 LONG 0x270 SIZEOF (.bss)
                0x00000168        0x4 LONG 0x20040000 ADDR (.bss_RAM2)
                0x0000016c        0x4 LONG 0x0 SIZEOF (.bss_RAM2)
                0x00000170        0x4 LONG 0x4000000 ADDR (.bss_RAM3)
                0x00000174        0x4 LONG 0x0 SIZEOF (.bss_RAM3)
                0x00000178        0x4 LONG 0x40100000 ADDR (.bss_RAM4)
                0x0000017c        0x4 LONG 0x0 SIZEOF (.bss_RAM4)
                0x00000180                        __bss_section_table_end = .
                0x00000180                        __section_table_end = .
 *(SORT_BY_ALIGNMENT(.after_vectors*))
 .after_vectors.reset
                0x00000180       0x70 ./startup/startup_lpc55s69_cm33_core0.o
                0x00000180                ResetISR
 .after_vectors.init_data
                0x000001f0       0x1e ./startup/startup_lpc55s69_cm33_core0.o
                0x000001f0                data_init
 .after_vectors.init_bss
                0x0000020e       0x12 ./startup/startup_lpc55s69_cm33_core0.o
                0x0000020e                bss_init
 .after_vectors
                0x00000220       0x16 ./startup/startup_lpc55s69_cm33_core0.o
                0x00000220                NMI_Handler
                0x00000224                MemManage_Handler
                0x00000226                BusFault_Handler
                0x00000228                UsageFault_Handler
                0x0000022a                SecureFault_Handler
                0x0000022e                DebugMon_Handler
                0x00000234                Reserved56_DriverIRQHandler
                0x00000234                CTIMER2_DriverIRQHandler
                0x00000234                SEC_VIO_DriverIRQHandler
                0x00000234                IntDefaultHandler
                0x00000234                USB0_DriverIRQHandler
                0x00000234                CASER_DriverIRQHandler
                0x00000234                MRT0_DriverIRQHandler
                0x00000234                UTICK0_DriverIRQHandler
                0x00000234                Reserved41_DriverIRQHandler
                0x00000234                CTIMER4_DriverIRQHandler
                0x00000234                GINT1_DriverIRQHandler
                0x00000234                Reserved55_DriverIRQHandler
                0x00000234                HASHCRYPT_DriverIRQHandler
                0x00000234                USB0_NEEDCLK_DriverIRQHandler
                0x00000234                CTIMER0_DriverIRQHandler
                0x00000234                Reserved42_DriverIRQHandler
                0x00000234                DMA0_DriverIRQHandler
                0x00000234                PQ_DriverIRQHandler
                0x00000234                MAILBOX_DriverIRQHandler
                0x00000234                CTIMER3_DriverIRQHandler
                0x00000234                Reserved61_DriverIRQHandler
                0x00000234                PUF_DriverIRQHandler
                0x00000234                RTC_DriverIRQHandler
                0x00000234                Reserved39_DriverIRQHandler
                0x00000234                USB1_DriverIRQHandler
                0x00000234                Reserved60_DriverIRQHandler
                0x00000234                DMA1_DriverIRQHandler
                0x00000234                ADC0_DriverIRQHandler
                0x00000234                USB1_NEEDCLK_DriverIRQHandler
                0x00000234                Reserved59_DriverIRQHandler
                0x00000234                SDIO_DriverIRQHandler
                0x00000234                GINT0_DriverIRQHandler
                0x00000234                USB1_PHY_DriverIRQHandler
                0x00000234                ACMP_DriverIRQHandler
                0x00000234                Reserved57_DriverIRQHandler
                0x00000234                CTIMER1_DriverIRQHandler
                0x00000234                Reserved46_DriverIRQHandler
                0x00000234                WDT_BOD_DriverIRQHandler
                0x00000234                SCT0_DriverIRQHandler
                0x00000234                PLU_DriverIRQHandler
                0x00000234                OS_EVENT_DriverIRQHandler
                0x00000234                SEC_HYPERVISOR_CALL_DriverIRQHandler
 *(SORT_BY_ALIGNMENT(.text*))
 *fill*         0x00000236        0x2 ff
 .text.__NVIC_SetPriority
                0x00000238       0x54 ./startup/startup_lpc55s69_cm33_core0.o
 .text.PendSV_Handler
                0x0000028c       0x50 ./startup/svc.o
                0x0000028c                PendSV_Handler
 .text.tache1   0x000002dc       0xa8 ./source/main.o
                0x000002dc                tache1
 .text.main     0x00000384       0x2c ./source/main.o
                0x00000384                main
 .text.__NVIC_SetPriority
                0x000003b0       0x54 ./kernel/kernel.o
 .text.SysTick_Config
                0x00000404       0x44 ./kernel/kernel.o
 .text.svc_dispatch
                0x00000448       0xf4 ./kernel/kernel.o
                0x00000448                svc_dispatch
 .text.sys_switch_ctx
                0x0000053c       0x20 ./kernel/kernel.o
                0x0000053c                sys_switch_ctx
 .text.sys_tick_cb
                0x0000055c       0xc0 ./kernel/kernel.o
                0x0000055c                sys_tick_cb
 .text.SysTick_Handler
                0x0000061c       0x28 ./kernel/kernel.o
                0x0000061c                SysTick_Handler
 .text.sys_os_start
                0x00000644       0x48 ./kernel/kernel.o
                0x00000644                sys_os_start
 .text.sys_task_new
                0x0000068c       0xec ./kernel/kernel.o
                0x0000068c                sys_task_new
 .text.sys_task_kill
                0x00000778       0x3c ./kernel/kernel.o
                0x00000778                sys_task_kill
 .text.sys_task_id
                0x000007b4       0x18 ./kernel/kernel.o
                0x000007b4                sys_task_id
 .text.sys_task_wait
                0x000007cc       0x64 ./kernel/kernel.o
                0x000007cc                sys_task_wait
 .text.sys_sem_p
                0x00000830       0x74 ./kernel/kernel.o
                0x00000830                sys_sem_p
 .text.sys_sem_v
                0x000008a4       0x74 ./kernel/kernel.o
                0x000008a4                sys_sem_v
 .text.POWER_EnablePD
                0x00000918       0x20 ./drivers/fsl_clock.o
 .text.POWER_DisablePD
                0x00000938       0x20 ./drivers/fsl_clock.o
 .text.CLOCK_AttachClk
                0x00000958       0x98 ./drivers/fsl_clock.o
                0x00000958                CLOCK_AttachClk
 .text.CLOCK_SetClkDiv
                0x000009f0       0x80 ./drivers/fsl_clock.o
                0x000009f0                CLOCK_SetClkDiv
 .text.CLOCK_SetupFROClocking
                0x00000a70       0x80 ./drivers/fsl_clock.o
                0x00000a70                CLOCK_SetupFROClocking
 .text.CLOCK_SetFLASHAccessCyclesForFreq
                0x00000af0      0x148 ./drivers/fsl_clock.o
                0x00000af0                CLOCK_SetFLASHAccessCyclesForFreq
 .text.CLOCK_SetupExtClocking
                0x00000c38       0x50 ./drivers/fsl_clock.o
                0x00000c38                CLOCK_SetupExtClocking
 .text.CLOCK_GetFro12MFreq
                0x00000c88       0x28 ./drivers/fsl_clock.o
                0x00000c88                CLOCK_GetFro12MFreq
 .text.CLOCK_GetFro1MFreq
                0x00000cb0       0x28 ./drivers/fsl_clock.o
                0x00000cb0                CLOCK_GetFro1MFreq
 .text.CLOCK_GetExtClkFreq
                0x00000cd8       0x2c ./drivers/fsl_clock.o
                0x00000cd8                CLOCK_GetExtClkFreq
 .text.CLOCK_GetFroHfFreq
                0x00000d04       0x28 ./drivers/fsl_clock.o
                0x00000d04                CLOCK_GetFroHfFreq
 .text.CLOCK_GetPll0OutFreq
                0x00000d2c       0x18 ./drivers/fsl_clock.o
                0x00000d2c                CLOCK_GetPll0OutFreq
 .text.CLOCK_GetPll1OutFreq
                0x00000d44       0x18 ./drivers/fsl_clock.o
                0x00000d44                CLOCK_GetPll1OutFreq
 .text.CLOCK_GetOsc32KFreq
                0x00000d5c       0x58 ./drivers/fsl_clock.o
                0x00000d5c                CLOCK_GetOsc32KFreq
 .text.CLOCK_GetCoreSysClkFreq
                0x00000db4       0xa8 ./drivers/fsl_clock.o
                0x00000db4                CLOCK_GetCoreSysClkFreq
 .text.CLOCK_GetI2SMClkFreq
                0x00000e5c       0x18 ./drivers/fsl_clock.o
                0x00000e5c                CLOCK_GetI2SMClkFreq
 .text.CLOCK_GetFlexCommInputClock
                0x00000e74       0xcc ./drivers/fsl_clock.o
                0x00000e74                CLOCK_GetFlexCommInputClock
 .text.CLOCK_GetPLL0InClockRate
                0x00000f40       0x64 ./drivers/fsl_clock.o
                0x00000f40                CLOCK_GetPLL0InClockRate
 .text.CLOCK_SetPLL0Freq
                0x00000fa4      0x12c ./drivers/fsl_clock.o
                0x00000fa4                CLOCK_SetPLL0Freq
 .text.SDK_DelayAtLeastUs
                0x000010d0       0xac ./drivers/fsl_common.o
                0x000010d0                SDK_DelayAtLeastUs
 .text.FLEXCOMM_GetInstance
                0x0000117c       0x5c ./drivers/fsl_flexcomm.o
                0x0000117c                FLEXCOMM_GetInstance
 .text.FLEXCOMM_Init
                0x000011d8       0x50 ./drivers/fsl_flexcomm.o
                0x000011d8                FLEXCOMM_Init
 .text.FLEXCOMM0_DriverIRQHandler
                0x00001228       0x44 ./drivers/fsl_flexcomm.o
                0x00001228                FLEXCOMM0_DriverIRQHandler
 .text.FLEXCOMM1_DriverIRQHandler
                0x0000126c       0x44 ./drivers/fsl_flexcomm.o
                0x0000126c                FLEXCOMM1_DriverIRQHandler
 .text.FLEXCOMM2_DriverIRQHandler
                0x000012b0       0x44 ./drivers/fsl_flexcomm.o
                0x000012b0                FLEXCOMM2_DriverIRQHandler
 .text.FLEXCOMM3_DriverIRQHandler
                0x000012f4       0x44 ./drivers/fsl_flexcomm.o
                0x000012f4                FLEXCOMM3_DriverIRQHandler
 .text.FLEXCOMM4_DriverIRQHandler
                0x00001338       0x44 ./drivers/fsl_flexcomm.o
                0x00001338                FLEXCOMM4_DriverIRQHandler
 .text.FLEXCOMM5_DriverIRQHandler
                0x0000137c       0x44 ./drivers/fsl_flexcomm.o
                0x0000137c                FLEXCOMM5_DriverIRQHandler
 .text.FLEXCOMM6_DriverIRQHandler
                0x000013c0       0x44 ./drivers/fsl_flexcomm.o
                0x000013c0                FLEXCOMM6_DriverIRQHandler
 .text.FLEXCOMM7_DriverIRQHandler
                0x00001404       0x44 ./drivers/fsl_flexcomm.o
                0x00001404                FLEXCOMM7_DriverIRQHandler
 .text.FLEXCOMM8_DriverIRQHandler
                0x00001448       0x48 ./drivers/fsl_flexcomm.o
                0x00001448                FLEXCOMM8_DriverIRQHandler
 .text.GPIO_EnablePortClock
                0x00001490       0x44 ./drivers/fsl_gpio.o
 .text.GPIO_PortInit
                0x000014d4       0x2c ./drivers/fsl_gpio.o
                0x000014d4                GPIO_PortInit
 .text.__NVIC_EnableIRQ
                0x00001500       0x3c ./drivers/fsl_pint.o
 .text.__NVIC_ClearPendingIRQ
                0x0000153c       0x3c ./drivers/fsl_pint.o
 .text.PINT_Init
                0x00001578       0xe0 ./drivers/fsl_pint.o
                0x00001578                PINT_Init
 .text.PINT_PinInterruptConfig
                0x00001658       0xe0 ./drivers/fsl_pint.o
                0x00001658                PINT_PinInterruptConfig
 .text.PINT_EnableCallbackByIndex
                0x00001738       0x6c ./drivers/fsl_pint.o
                0x00001738                PINT_EnableCallbackByIndex
 .text.SEC_GPIO_INT0_IRQ0_DriverIRQHandler
                0x000017a4       0x48 ./drivers/fsl_pint.o
                0x000017a4                SEC_GPIO_INT0_IRQ0_DriverIRQHandler
 .text.SEC_GPIO_INT0_IRQ1_DriverIRQHandler
                0x000017ec       0x44 ./drivers/fsl_pint.o
                0x000017ec                SEC_GPIO_INT0_IRQ1_DriverIRQHandler
 .text.PIN_INT0_DriverIRQHandler
                0x00001830       0x48 ./drivers/fsl_pint.o
                0x00001830                PIN_INT0_DriverIRQHandler
 .text.PIN_INT1_DriverIRQHandler
                0x00001878       0x48 ./drivers/fsl_pint.o
                0x00001878                PIN_INT1_DriverIRQHandler
 .text.PIN_INT2_DriverIRQHandler
                0x000018c0       0x48 ./drivers/fsl_pint.o
                0x000018c0                PIN_INT2_DriverIRQHandler
 .text.PIN_INT3_DriverIRQHandler
                0x00001908       0x48 ./drivers/fsl_pint.o
                0x00001908                PIN_INT3_DriverIRQHandler
 .text.PIN_INT4_DriverIRQHandler
                0x00001950       0x48 ./drivers/fsl_pint.o
                0x00001950                PIN_INT4_DriverIRQHandler
 .text.PIN_INT5_DriverIRQHandler
                0x00001998       0x48 ./drivers/fsl_pint.o
                0x00001998                PIN_INT5_DriverIRQHandler
 .text.PIN_INT6_DriverIRQHandler
                0x000019e0       0x48 ./drivers/fsl_pint.o
                0x000019e0                PIN_INT6_DriverIRQHandler
 .text.PIN_INT7_DriverIRQHandler
                0x00001a28       0x48 ./drivers/fsl_pint.o
                0x00001a28                PIN_INT7_DriverIRQHandler
 .text.RESET_SetPeripheralReset
                0x00001a70       0x6c ./drivers/fsl_reset.o
                0x00001a70                RESET_SetPeripheralReset
 .text.RESET_ClearPeripheralReset
                0x00001adc       0x6c ./drivers/fsl_reset.o
                0x00001adc                RESET_ClearPeripheralReset
 .text.USART_Init
                0x00001b48      0x1d8 ./drivers/fsl_usart.o
                0x00001b48                USART_Init
 .text.USART_GetDefaultConfig
                0x00001d20       0x90 ./drivers/fsl_usart.o
                0x00001d20                USART_GetDefaultConfig
 .text.USART_SetBaudRate
                0x00001db0      0x184 ./drivers/fsl_usart.o
                0x00001db0                USART_SetBaudRate
 .text.USART_WriteBlocking
                0x00001f34       0x9c ./drivers/fsl_usart.o
                0x00001f34                USART_WriteBlocking
 .text.USART_ReadBlocking
                0x00001fd0      0x114 ./drivers/fsl_usart.o
                0x00001fd0                USART_ReadBlocking
 .text.SystemInit
                0x000020e4       0x64 ./device/system_LPC55S69_cm33_core0.o
                0x000020e4                SystemInit
 .text.__NVIC_SetPriority
                0x00002148       0x54 ./device/target.o
 .text.dev_read_test
                0x0000219c       0x84 ./device/target.o
 .text.leds     0x00002220       0x64 ./device/target.o
 .text.dev_init_leds
                0x00002284       0x64 ./device/target.o
 .text.on_swuser_cb
                0x000022e8       0x24 ./device/target.o
 .text.dev_init_btn
                0x0000230c       0x74 ./device/target.o
 .text.dev_read_ser
                0x00002380       0x48 ./device/target.o
 .text.dev_write_ser
                0x000023c8       0x3c ./device/target.o
 .text.dev_init
                0x00002404       0x74 ./device/target.o
                0x00002404                dev_init
 .text.initi_usart0
                0x00002478       0x58 ./device/target.o
                0x00002478                initi_usart0
 .text.dirname  0x000024d0       0x60 ./device/vfs.o
                0x000024d0                dirname
 .text.dev_lookup
                0x00002530       0x7c ./device/vfs.o
 .text.open     0x000025ac       0xcc ./device/vfs.o
                0x000025ac                open
 .text.read     0x00002678       0x34 ./device/vfs.o
                0x00002678                read
 .text.write    0x000026ac       0x34 ./device/vfs.o
                0x000026ac                write
 .text.HAL_UartInit
                0x000026e0      0x128 ./component/uart/fsl_adapter_usart.o
                0x000026e0                HAL_UartInit
 .text.HAL_UartReceiveBlocking
                0x00002808       0x8c ./component/uart/fsl_adapter_usart.o
                0x00002808                HAL_UartReceiveBlocking
 .text.HAL_UartSendBlocking
                0x00002894       0x84 ./component/uart/fsl_adapter_usart.o
                0x00002894                HAL_UartSendBlocking
 .text.BOARD_InitDebugConsole
                0x00002918       0x38 ./board/board.o
                0x00002918                BOARD_InitDebugConsole
 .text.POWER_DisablePD
                0x00002950       0x20 ./board/clock_config.o
 .text.BOARD_BootClockPLL100M
                0x00002970       0xec ./board/clock_config.o
                0x00002970                BOARD_BootClockPLL100M
 .text.BOARD_InitPins
                0x00002a5c       0xd4 ./board/pin_mux.o
                0x00002a5c                BOARD_InitPins
 .text.lowpower_set_system_voltage
                0x00002b30       0xa0 C:\Users\benzh\Desktop\LPC55S69-OS\LPC55S69\mcuxpresso\libpower_hardabi.a(fsl_power_lib.o)
 .text.lowpower_set_voltage_for_process
                0x00002bd0       0x84 C:\Users\benzh\Desktop\LPC55S69-OS\LPC55S69\mcuxpresso\libpower_hardabi.a(fsl_power_lib.o)
 .text.POWER_SetVoltageForFreq
                0x00002c54       0x84 C:\Users\benzh\Desktop\LPC55S69-OS\LPC55S69\mcuxpresso\libpower_hardabi.a(fsl_power_lib.o)
                0x00002c54                POWER_SetVoltageForFreq
 .text          0x00002cd8       0x30 C:/nxp/MCUXpressoIDE_11.10.0_3148/ide/plugins/com.nxp.mcuxpresso.tools.win32_11.10.0.202311280810/tools/bin/../lib/gcc/arm-none-eabi/13.2.1/thumb/v8-m.main+fp/hard\libgcc.a(_aeabi_uldivmod.o)
                0x00002cd8                __aeabi_uldivmod
 .text.__udivmoddi4
                0x00002d08      0x300 C:/nxp/MCUXpressoIDE_11.10.0_3148/ide/plugins/com.nxp.mcuxpresso.tools.win32_11.10.0.202311280810/tools/bin/../lib/gcc/arm-none-eabi/13.2.1/thumb/v8-m.main+fp/hard\libgcc.a(_udivmoddi4.o)
                0x00002d08                __udivmoddi4
 .text          0x00003008        0x4 C:/nxp/MCUXpressoIDE_11.10.0_3148/ide/plugins/com.nxp.mcuxpresso.tools.win32_11.10.0.202311280810/tools/bin/../lib/gcc/arm-none-eabi/13.2.1/thumb/v8-m.main+fp/hard\libgcc.a(_dvmd_tls.o)
                0x00003008                __aeabi_idiv0
                0x00003008                __aeabi_ldiv0
 .text.__assert_func
                0x0000300c       0x3c C:/nxp/MCUXpressoIDE_11.10.0_3148/ide/plugins/com.nxp.mcuxpresso.tools.win32_11.10.0.202311280810/tools/bin/../lib/gcc/arm-none-eabi/13.2.1/thumb/v8-m.main+fp/hard\libc_nano.a(libc_a-assert.o)
                0x0000300c                __assert_func
 .text.malloc   0x00003048       0x10 C:/nxp/MCUXpressoIDE_11.10.0_3148/ide/plugins/com.nxp.mcuxpresso.tools.win32_11.10.0.202311280810/tools/bin/../lib/gcc/arm-none-eabi/13.2.1/thumb/v8-m.main+fp/hard\libc_nano.a(libc_a-malloc.o)
                0x00003048                malloc
 .text.free     0x00003058       0x10 C:/nxp/MCUXpressoIDE_11.10.0_3148/ide/plugins/com.nxp.mcuxpresso.tools.win32_11.10.0.202311280810/tools/bin/../lib/gcc/arm-none-eabi/13.2.1/thumb/v8-m.main+fp/hard\libc_nano.a(libc_a-malloc.o)
                0x00003058                free
 .text.sbrk_aligned
                0x00003068       0x44 C:/nxp/MCUXpressoIDE_11.10.0_3148/ide/plugins/com.nxp.mcuxpresso.tools.win32_11.10.0.202311280810/tools/bin/../lib/gcc/arm-none-eabi/13.2.1/thumb/v8-m.main+fp/hard\libc_nano.a(libc_a-mallocr.o)
 .text._malloc_r
                0x000030ac      0x100 C:/nxp/MCUXpressoIDE_11.10.0_3148/ide/plugins/com.nxp.mcuxpresso.tools.win32_11.10.0.202311280810/tools/bin/../lib/gcc/arm-none-eabi/13.2.1/thumb/v8-m.main+fp/hard\libc_nano.a(libc_a-mallocr.o)
                0x000030ac                _malloc_r
 .text.__malloc_lock
                0x000031ac        0xc C:/nxp/MCUXpressoIDE_11.10.0_3148/ide/plugins/com.nxp.mcuxpresso.tools.win32_11.10.0.202311280810/tools/bin/../lib/gcc/arm-none-eabi/13.2.1/thumb/v8-m.main+fp/hard\libc_nano.a(libc_a-mlock.o)
                0x000031ac                __malloc_lock
 .text.__malloc_unlock
                0x000031b8        0xc C:/nxp/MCUXpressoIDE_11.10.0_3148/ide/plugins/com.nxp.mcuxpresso.tools.win32_11.10.0.202311280810/tools/bin/../lib/gcc/arm-none-eabi/13.2.1/thumb/v8-m.main+fp/hard\libc_nano.a(libc_a-mlock.o)
                0x000031b8                __malloc_unlock
 .text.fprintf  0x000031c4       0x24 C:/nxp/MCUXpressoIDE_11.10.0_3148/ide/plugins/com.nxp.mcuxpresso.tools.win32_11.10.0.202311280810/tools/bin/../lib/gcc/arm-none-eabi/13.2.1/thumb/v8-m.main+fp/hard\libc_nano.a(libc_a-fprintf.o)
                0x000031c4                fiprintf
                0x000031c4                fprintf
 .text._sbrk_r  0x000031e8       0x20 C:/nxp/MCUXpressoIDE_11.10.0_3148/ide/plugins/com.nxp.mcuxpresso.tools.win32_11.10.0.202311280810/tools/bin/../lib/gcc/arm-none-eabi/13.2.1/thumb/v8-m.main+fp/hard\libc_nano.a(libc_a-sbrkr.o)
                0x000031e8                _sbrk_r
 .text.__errno  0x00003208        0xc C:/nxp/MCUXpressoIDE_11.10.0_3148/ide/plugins/com.nxp.mcuxpresso.tools.win32_11.10.0.202311280810/tools/bin/../lib/gcc/arm-none-eabi/13.2.1/thumb/v8-m.main+fp/hard\libc_nano.a(libc_a-errno.o)
                0x00003208                __errno
 .text._free_r  0x00003214       0x94 C:/nxp/MCUXpressoIDE_11.10.0_3148/ide/plugins/com.nxp.mcuxpresso.tools.win32_11.10.0.202311280810/tools/bin/../lib/gcc/arm-none-eabi/13.2.1/thumb/v8-m.main+fp/hard\libc_nano.a(libc_a-freer.o)
                0x00003214                _free_r
 .text._vfprintf_r
                0x000032a8      0x230 C:/nxp/MCUXpressoIDE_11.10.0_3148/ide/plugins/com.nxp.mcuxpresso.tools.win32_11.10.0.202311280810/tools/bin/../lib/gcc/arm-none-eabi/13.2.1/thumb/v8-m.main+fp/hard\libc_nano.a(libc_a-nano-vfprintf.o)
                0x000032a8                _vfprintf_r
                0x000032a8                _vfiprintf_r
 .text._printf_i
                0x000034d8      0x23c C:/nxp/MCUXpressoIDE_11.10.0_3148/ide/plugins/com.nxp.mcuxpresso.tools.win32_11.10.0.202311280810/tools/bin/../lib/gcc/arm-none-eabi/13.2.1/thumb/v8-m.main+fp/hard\libc_nano.a(libc_a-nano-vfprintf_i.o)
                0x000034d8                _printf_i
 .text.std      0x00003714       0x6c C:/nxp/MCUXpressoIDE_11.10.0_3148/ide/plugins/com.nxp.mcuxpresso.tools.win32_11.10.0.202311280810/tools/bin/../lib/gcc/arm-none-eabi/13.2.1/thumb/v8-m.main+fp/hard\libc_nano.a(libc_a-findfp.o)
 .text.stdio_exit_handler
                0x00003780       0x18 C:/nxp/MCUXpressoIDE_11.10.0_3148/ide/plugins/com.nxp.mcuxpresso.tools.win32_11.10.0.202311280810/tools/bin/../lib/gcc/arm-none-eabi/13.2.1/thumb/v8-m.main+fp/hard\libc_nano.a(libc_a-findfp.o)
 .text.cleanup_stdio
                0x00003798       0x40 C:/nxp/MCUXpressoIDE_11.10.0_3148/ide/plugins/com.nxp.mcuxpresso.tools.win32_11.10.0.202311280810/tools/bin/../lib/gcc/arm-none-eabi/13.2.1/thumb/v8-m.main+fp/hard\libc_nano.a(libc_a-findfp.o)
 .text.global_stdio_init.part.0
                0x000037d8       0x3c C:/nxp/MCUXpressoIDE_11.10.0_3148/ide/plugins/com.nxp.mcuxpresso.tools.win32_11.10.0.202311280810/tools/bin/../lib/gcc/arm-none-eabi/13.2.1/thumb/v8-m.main+fp/hard\libc_nano.a(libc_a-findfp.o)
 .text.__sfp_lock_acquire
                0x00003814        0xc C:/nxp/MCUXpressoIDE_11.10.0_3148/ide/plugins/com.nxp.mcuxpresso.tools.win32_11.10.0.202311280810/tools/bin/../lib/gcc/arm-none-eabi/13.2.1/thumb/v8-m.main+fp/hard\libc_nano.a(libc_a-findfp.o)
                0x00003814                __sfp_lock_acquire
 .text.__sfp_lock_release
                0x00003820        0xc C:/nxp/MCUXpressoIDE_11.10.0_3148/ide/plugins/com.nxp.mcuxpresso.tools.win32_11.10.0.202311280810/tools/bin/../lib/gcc/arm-none-eabi/13.2.1/thumb/v8-m.main+fp/hard\libc_nano.a(libc_a-findfp.o)
                0x00003820                __sfp_lock_release
 .text.__sinit  0x0000382c       0x30 C:/nxp/MCUXpressoIDE_11.10.0_3148/ide/plugins/com.nxp.mcuxpresso.tools.win32_11.10.0.202311280810/tools/bin/../lib/gcc/arm-none-eabi/13.2.1/thumb/v8-m.main+fp/hard\libc_nano.a(libc_a-findfp.o)
                0x0000382c                __sinit
 .text.__swsetup_r
                0x0000385c       0xac C:/nxp/MCUXpressoIDE_11.10.0_3148/ide/plugins/com.nxp.mcuxpresso.tools.win32_11.10.0.202311280810/tools/bin/../lib/gcc/arm-none-eabi/13.2.1/thumb/v8-m.main+fp/hard\libc_nano.a(libc_a-wsetup.o)
                0x0000385c                __swsetup_r
 .text.raise    0x00003908       0x10 C:/nxp/MCUXpressoIDE_11.10.0_3148/ide/plugins/com.nxp.mcuxpresso.tools.win32_11.10.0.202311280810/tools/bin/../lib/gcc/arm-none-eabi/13.2.1/thumb/v8-m.main+fp/hard\libc_nano.a(libc_a-signal.o)
                0x00003908                raise
 .text._close_r
                0x00003918       0x20 C:/nxp/MCUXpressoIDE_11.10.0_3148/ide/plugins/com.nxp.mcuxpresso.tools.win32_11.10.0.202311280810/tools/bin/../lib/gcc/arm-none-eabi/13.2.1/thumb/v8-m.main+fp/hard\libc_nano.a(libc_a-closer.o)
                0x00003918                _close_r
 .text._lseek_r
                0x00003938       0x24 C:/nxp/MCUXpressoIDE_11.10.0_3148/ide/plugins/com.nxp.mcuxpresso.tools.win32_11.10.0.202311280810/tools/bin/../lib/gcc/arm-none-eabi/13.2.1/thumb/v8-m.main+fp/hard\libc_nano.a(libc_a-lseekr.o)
                0x00003938                _lseek_r
 .text._read_r  0x0000395c       0x24 C:/nxp/MCUXpressoIDE_11.10.0_3148/ide/plugins/com.nxp.mcuxpresso.tools.win32_11.10.0.202311280810/tools/bin/../lib/gcc/arm-none-eabi/13.2.1/thumb/v8-m.main+fp/hard\libc_nano.a(libc_a-readr.o)
                0x0000395c                _read_r
 .text._kill_r  0x00003980       0x24 C:/nxp/MCUXpressoIDE_11.10.0_3148/ide/plugins/com.nxp.mcuxpresso.tools.win32_11.10.0.202311280810/tools/bin/../lib/gcc/arm-none-eabi/13.2.1/thumb/v8-m.main+fp/hard\libc_nano.a(libc_a-signalr.o)
                0x00003980                _kill_r
 .text._write_r
                0x000039a4       0x24 C:/nxp/MCUXpressoIDE_11.10.0_3148/ide/plugins/com.nxp.mcuxpresso.tools.win32_11.10.0.202311280810/tools/bin/../lib/gcc/arm-none-eabi/13.2.1/thumb/v8-m.main+fp/hard\libc_nano.a(libc_a-writer.o)
                0x000039a4                _write_r
 .text.__sflush_r
                0x000039c8      0x108 C:/nxp/MCUXpressoIDE_11.10.0_3148/ide/plugins/com.nxp.mcuxpresso.tools.win32_11.10.0.202311280810/tools/bin/../lib/gcc/arm-none-eabi/13.2.1/thumb/v8-m.main+fp/hard\libc_nano.a(libc_a-fflush.o)
                0x000039c8                __sflush_r
 .text._fstat_r
                0x00003ad0       0x24 C:/nxp/MCUXpressoIDE_11.10.0_3148/ide/plugins/com.nxp.mcuxpresso.tools.win32_11.10.0.202311280810/tools/bin/../lib/gcc/arm-none-eabi/13.2.1/thumb/v8-m.main+fp/hard\libc_nano.a(libc_a-fstatr.o)
                0x00003ad0                _fstat_r
 .text._isatty_r
                0x00003af4       0x20 C:/nxp/MCUXpressoIDE_11.10.0_3148/ide/plugins/com.nxp.mcuxpresso.tools.win32_11.10.0.202311280810/tools/bin/../lib/gcc/arm-none-eabi/13.2.1/thumb/v8-m.main+fp/hard\libc_nano.a(libc_a-isattyr.o)
                0x00003af4                _isatty_r
 .text._sbrk    0x00003b14       0x3c C:/nxp/MCUXpressoIDE_11.10.0_3148/ide/plugins/com.nxp.mcuxpresso.tools.win32_11.10.0.202311280810/tools/bin/../lib/gcc/arm-none-eabi/13.2.1/../../../../arm-none-eabi/lib/thumb/v8-m.main+fp/hard\libcr_newlib_semihost.a(_cr_sbrk.o)
                0x00003b14                _sbrk
 .text._kill    0x00003b50       0x20 C:/nxp/MCUXpressoIDE_11.10.0_3148/ide/plugins/com.nxp.mcuxpresso.tools.win32_11.10.0.202311280810/tools/bin/../lib/gcc/arm-none-eabi/13.2.1/../../../../arm-none-eabi/lib/thumb/v8-m.main+fp/hard\libcr_newlib_semihost.a(_kill.o)
                0x00003b50                _kill
 .text.initialise_monitor_handles.part.0
                0x00003b70       0xa4 C:/nxp/MCUXpressoIDE_11.10.0_3148/ide/plugins/com.nxp.mcuxpresso.tools.win32_11.10.0.202311280810/tools/bin/../lib/gcc/arm-none-eabi/13.2.1/../../../../arm-none-eabi/lib/thumb/v8-m.main+fp/hard\libcr_newlib_semihost.a(syscalls.o)
 .text.findslot
                0x00003c14       0x30 C:/nxp/MCUXpressoIDE_11.10.0_3148/ide/plugins/com.nxp.mcuxpresso.tools.win32_11.10.0.202311280810/tools/bin/../lib/gcc/arm-none-eabi/13.2.1/../../../../arm-none-eabi/lib/thumb/v8-m.main+fp/hard\libcr_newlib_semihost.a(syscalls.o)
 .text._close   0x00003c44       0x4c C:/nxp/MCUXpressoIDE_11.10.0_3148/ide/plugins/com.nxp.mcuxpresso.tools.win32_11.10.0.202311280810/tools/bin/../lib/gcc/arm-none-eabi/13.2.1/../../../../arm-none-eabi/lib/thumb/v8-m.main+fp/hard\libcr_newlib_semihost.a(syscalls.o)
                0x00003c44                _close
 .text.__check_heap_overflow
                0x00003c90       0x18 C:/nxp/MCUXpressoIDE_11.10.0_3148/ide/plugins/com.nxp.mcuxpresso.tools.win32_11.10.0.202311280810/tools/bin/../lib/gcc/arm-none-eabi/13.2.1/../../../../arm-none-eabi/lib/thumb/v8-m.main+fp/hard\libcr_newlib_semihost.a(_cr_check_heap.o)
                0x00003c90                __check_heap_overflow
 .text.WDT_BOD_IRQHandler
                0x00003ca8        0x8 ./startup/startup_lpc55s69_cm33_core0.o
                0x00003ca8                WDT_BOD_IRQHandler
 .text.DMA0_IRQHandler
                0x00003cb0        0x8 ./startup/startup_lpc55s69_cm33_core0.o
                0x00003cb0                DMA0_IRQHandler
 .text.GINT0_IRQHandler
                0x00003cb8        0x8 ./startup/startup_lpc55s69_cm33_core0.o
                0x00003cb8                GINT0_IRQHandler
 .text.GINT1_IRQHandler
                0x00003cc0        0x8 ./startup/startup_lpc55s69_cm33_core0.o
                0x00003cc0                GINT1_IRQHandler
 .text.PIN_INT0_IRQHandler
                0x00003cc8        0x8 ./startup/startup_lpc55s69_cm33_core0.o
                0x00003cc8                PIN_INT0_IRQHandler
 .text.PIN_INT1_IRQHandler
                0x00003cd0        0x8 ./startup/startup_lpc55s69_cm33_core0.o
                0x00003cd0                PIN_INT1_IRQHandler
 .text.PIN_INT2_IRQHandler
                0x00003cd8        0x8 ./startup/startup_lpc55s69_cm33_core0.o
                0x00003cd8                PIN_INT2_IRQHandler
 .text.PIN_INT3_IRQHandler
                0x00003ce0        0x8 ./startup/startup_lpc55s69_cm33_core0.o
                0x00003ce0                PIN_INT3_IRQHandler
 .text.UTICK0_IRQHandler
                0x00003ce8        0x8 ./startup/startup_lpc55s69_cm33_core0.o
                0x00003ce8                UTICK0_IRQHandler
 .text.MRT0_IRQHandler
                0x00003cf0        0x8 ./startup/startup_lpc55s69_cm33_core0.o
                0x00003cf0                MRT0_IRQHandler
 .text.CTIMER0_IRQHandler
                0x00003cf8        0x8 ./startup/startup_lpc55s69_cm33_core0.o
                0x00003cf8                CTIMER0_IRQHandler
 .text.CTIMER1_IRQHandler
                0x00003d00        0x8 ./startup/startup_lpc55s69_cm33_core0.o
                0x00003d00                CTIMER1_IRQHandler
 .text.SCT0_IRQHandler
                0x00003d08        0x8 ./startup/startup_lpc55s69_cm33_core0.o
                0x00003d08                SCT0_IRQHandler
 .text.CTIMER3_IRQHandler
                0x00003d10        0x8 ./startup/startup_lpc55s69_cm33_core0.o
                0x00003d10                CTIMER3_IRQHandler
 .text.FLEXCOMM0_IRQHandler
                0x00003d18        0x8 ./startup/startup_lpc55s69_cm33_core0.o
                0x00003d18                FLEXCOMM0_IRQHandler
 .text.FLEXCOMM1_IRQHandler
                0x00003d20        0x8 ./startup/startup_lpc55s69_cm33_core0.o
                0x00003d20                FLEXCOMM1_IRQHandler
 .text.FLEXCOMM2_IRQHandler
                0x00003d28        0x8 ./startup/startup_lpc55s69_cm33_core0.o
                0x00003d28                FLEXCOMM2_IRQHandler
 .text.FLEXCOMM3_IRQHandler
                0x00003d30        0x8 ./startup/startup_lpc55s69_cm33_core0.o
                0x00003d30                FLEXCOMM3_IRQHandler
 .text.FLEXCOMM4_IRQHandler
                0x00003d38        0x8 ./startup/startup_lpc55s69_cm33_core0.o
                0x00003d38                FLEXCOMM4_IRQHandler
 .text.FLEXCOMM5_IRQHandler
                0x00003d40        0x8 ./startup/startup_lpc55s69_cm33_core0.o
                0x00003d40                FLEXCOMM5_IRQHandler
 .text.FLEXCOMM6_IRQHandler
                0x00003d48        0x8 ./startup/startup_lpc55s69_cm33_core0.o
                0x00003d48                FLEXCOMM6_IRQHandler
 .text.FLEXCOMM7_IRQHandler
                0x00003d50        0x8 ./startup/startup_lpc55s69_cm33_core0.o
                0x00003d50                FLEXCOMM7_IRQHandler
 .text.ADC0_IRQHandler
                0x00003d58        0x8 ./startup/startup_lpc55s69_cm33_core0.o
                0x00003d58                ADC0_IRQHandler
 .text.Reserved39_IRQHandler
                0x00003d60        0x8 ./startup/startup_lpc55s69_cm33_core0.o
                0x00003d60                Reserved39_IRQHandler
 .text.ACMP_IRQHandler
                0x00003d68        0x8 ./startup/startup_lpc55s69_cm33_core0.o
                0x00003d68                ACMP_IRQHandler
 .text.Reserved41_IRQHandler
                0x00003d70        0x8 ./startup/startup_lpc55s69_cm33_core0.o
                0x00003d70                Reserved41_IRQHandler
 .text.Reserved42_IRQHandler
                0x00003d78        0x8 ./startup/startup_lpc55s69_cm33_core0.o
                0x00003d78                Reserved42_IRQHandler
 .text.USB0_NEEDCLK_IRQHandler
                0x00003d80        0x8 ./startup/startup_lpc55s69_cm33_core0.o
                0x00003d80                USB0_NEEDCLK_IRQHandler
 .text.USB0_IRQHandler
                0x00003d88        0x8 ./startup/startup_lpc55s69_cm33_core0.o
                0x00003d88                USB0_IRQHandler
 .text.RTC_IRQHandler
                0x00003d90        0x8 ./startup/startup_lpc55s69_cm33_core0.o
                0x00003d90                RTC_IRQHandler
 .text.Reserved46_IRQHandler
                0x00003d98        0x8 ./startup/startup_lpc55s69_cm33_core0.o
                0x00003d98                Reserved46_IRQHandler
 .text.MAILBOX_IRQHandler
                0x00003da0        0x8 ./startup/startup_lpc55s69_cm33_core0.o
                0x00003da0                MAILBOX_IRQHandler
 .text.PIN_INT4_IRQHandler
                0x00003da8        0x8 ./startup/startup_lpc55s69_cm33_core0.o
                0x00003da8                PIN_INT4_IRQHandler
 .text.PIN_INT5_IRQHandler
                0x00003db0        0x8 ./startup/startup_lpc55s69_cm33_core0.o
                0x00003db0                PIN_INT5_IRQHandler
 .text.PIN_INT6_IRQHandler
                0x00003db8        0x8 ./startup/startup_lpc55s69_cm33_core0.o
                0x00003db8                PIN_INT6_IRQHandler
 .text.PIN_INT7_IRQHandler
                0x00003dc0        0x8 ./startup/startup_lpc55s69_cm33_core0.o
                0x00003dc0                PIN_INT7_IRQHandler
 .text.CTIMER2_IRQHandler
                0x00003dc8        0x8 ./startup/startup_lpc55s69_cm33_core0.o
                0x00003dc8                CTIMER2_IRQHandler
 .text.CTIMER4_IRQHandler
                0x00003dd0        0x8 ./startup/startup_lpc55s69_cm33_core0.o
                0x00003dd0                CTIMER4_IRQHandler
 .text.OS_EVENT_IRQHandler
                0x00003dd8        0x8 ./startup/startup_lpc55s69_cm33_core0.o
                0x00003dd8                OS_EVENT_IRQHandler
 .text.Reserved55_IRQHandler
                0x00003de0        0x8 ./startup/startup_lpc55s69_cm33_core0.o
                0x00003de0                Reserved55_IRQHandler
 .text.Reserved56_IRQHandler
                0x00003de8        0x8 ./startup/startup_lpc55s69_cm33_core0.o
                0x00003de8                Reserved56_IRQHandler
 .text.Reserved57_IRQHandler
                0x00003df0        0x8 ./startup/startup_lpc55s69_cm33_core0.o
                0x00003df0                Reserved57_IRQHandler
 .text.SDIO_IRQHandler
                0x00003df8        0x8 ./startup/startup_lpc55s69_cm33_core0.o
                0x00003df8                SDIO_IRQHandler
 .text.Reserved59_IRQHandler
                0x00003e00        0x8 ./startup/startup_lpc55s69_cm33_core0.o
                0x00003e00                Reserved59_IRQHandler
 .text.Reserved60_IRQHandler
                0x00003e08        0x8 ./startup/startup_lpc55s69_cm33_core0.o
                0x00003e08                Reserved60_IRQHandler
 .text.Reserved61_IRQHandler
                0x00003e10        0x8 ./startup/startup_lpc55s69_cm33_core0.o
                0x00003e10                Reserved61_IRQHandler
 .text.USB1_PHY_IRQHandler
                0x00003e18        0x8 ./startup/startup_lpc55s69_cm33_core0.o
                0x00003e18                USB1_PHY_IRQHandler
 .text.USB1_IRQHandler
                0x00003e20        0x8 ./startup/startup_lpc55s69_cm33_core0.o
                0x00003e20                USB1_IRQHandler
 .text.USB1_NEEDCLK_IRQHandler
                0x00003e28        0x8 ./startup/startup_lpc55s69_cm33_core0.o
                0x00003e28                USB1_NEEDCLK_IRQHandler
 .text.SEC_HYPERVISOR_CALL_IRQHandler
                0x00003e30        0x8 ./startup/startup_lpc55s69_cm33_core0.o
                0x00003e30                SEC_HYPERVISOR_CALL_IRQHandler
 .text.SEC_GPIO_INT0_IRQ0_IRQHandler
                0x00003e38        0x8 ./startup/startup_lpc55s69_cm33_core0.o
                0x00003e38                SEC_GPIO_INT0_IRQ0_IRQHandler
 .text.SEC_GPIO_INT0_IRQ1_IRQHandler
                0x00003e40        0x8 ./startup/startup_lpc55s69_cm33_core0.o
                0x00003e40                SEC_GPIO_INT0_IRQ1_IRQHandler
 .text.PLU_IRQHandler
                0x00003e48        0x8 ./startup/startup_lpc55s69_cm33_core0.o
                0x00003e48                PLU_IRQHandler
 .text.SEC_VIO_IRQHandler
                0x00003e50        0x8 ./startup/startup_lpc55s69_cm33_core0.o
                0x00003e50                SEC_VIO_IRQHandler
 .text.HASHCRYPT_IRQHandler
                0x00003e58        0x8 ./startup/startup_lpc55s69_cm33_core0.o
                0x00003e58                HASHCRYPT_IRQHandler
 .text.CASER_IRQHandler
                0x00003e60        0x8 ./startup/startup_lpc55s69_cm33_core0.o
                0x00003e60                CASER_IRQHandler
 .text.PUF_IRQHandler
                0x00003e68        0x8 ./startup/startup_lpc55s69_cm33_core0.o
                0x00003e68                PUF_IRQHandler
 .text.PQ_IRQHandler
                0x00003e70        0x8 ./startup/startup_lpc55s69_cm33_core0.o
                0x00003e70                PQ_IRQHandler
 .text.DMA1_IRQHandler
                0x00003e78        0x8 ./startup/startup_lpc55s69_cm33_core0.o
                0x00003e78                DMA1_IRQHandler
 .text.FLEXCOMM8_IRQHandler
                0x00003e80        0x8 ./startup/startup_lpc55s69_cm33_core0.o
                0x00003e80                FLEXCOMM8_IRQHandler
 .text.SVC_Handler
                0x00003e88       0x24 ./startup/svc.o
                0x00003e88                SVC_Handler
 .text.idle     0x00003eac        0x8 ./source/main.o
                0x00003eac                idle
 .text.os_alloc
                0x00003eb4       0x1c ./source/oslib.o
                0x00003eb4                os_alloc
 .text.os_free  0x00003ed0       0x16 ./source/oslib.o
                0x00003ed0                os_free
 .text.os_start
                0x00003ee6       0x10 ./source/oslib.o
                0x00003ee6                os_start
 .text.task_new
                0x00003ef6       0x1e ./source/oslib.o
                0x00003ef6                task_new
 .text.task_kill
                0x00003f14       0x10 ./source/oslib.o
                0x00003f14                task_kill
 .text.sem_new  0x00003f24       0x1c ./source/oslib.o
                0x00003f24                sem_new
 .text.sem_p    0x00003f40       0x16 ./source/oslib.o
                0x00003f40                sem_p
 .text.sem_v    0x00003f56       0x16 ./source/oslib.o
                0x00003f56                sem_v
 .text.HardFault_Handler
                0x00003f6c       0x2c ./source/semihost_hardfault.o
                0x00003f6c                HardFault_Handler
 .text.sys_add  0x00003f98       0x1c ./kernel/kernel.o
                0x00003f98                sys_add
 .text.sys_sem_new
                0x00003fb4       0x28 ./kernel/kernel.o
                0x00003fb4                sys_sem_new
 .text.list_insert_head
                0x00003fdc       0x48 ./kernel/list.o
                0x00003fdc                list_insert_head
 .text.list_remove_head
                0x00004024       0x58 ./kernel/list.o
                0x00004024                list_remove_head
 .text.list_insert_tail
                0x0000407c       0x4a ./kernel/list.o
                0x0000407c                list_insert_tail
 .text.list_size
                0x000040c6       0x40 ./kernel/list.o
                0x000040c6                list_size
 .text.CLOCK_IsPLL0Locked
                0x00004106       0x24 ./drivers/fsl_clock.o
 .text.CLOCK_GetFlexCommClkFreq
                0x0000412a       0x4c ./drivers/fsl_clock.o
                0x0000412a                CLOCK_GetFlexCommClkFreq
 .text.findPll0PreDiv
                0x00004176       0x3e ./drivers/fsl_clock.o
 .text.DelayLoop
                0x000041b4       0x20 ./drivers/fsl_common.o
 .text.CLOCK_EnableClock
                0x000041d4       0x30 ./drivers/fsl_flexcomm.o
 .text.FLEXCOMM_PeripheralIsPresent
                0x00004204       0x64 ./drivers/fsl_flexcomm.o
 .text.FLEXCOMM_SetPeriph
                0x00004268       0x74 ./drivers/fsl_flexcomm.o
 .text.CLOCK_EnableClock
                0x000042dc       0x30 ./drivers/fsl_gpio.o
 .text.GPIO_PinInit
                0x0000430c       0xa4 ./drivers/fsl_gpio.o
                0x0000430c                GPIO_PinInit
 .text.CLOCK_EnableClock
                0x000043b0       0x30 ./drivers/fsl_inputmux.o
 .text.CLOCK_DisableClock
                0x000043e0       0x30 ./drivers/fsl_inputmux.o
 .text.INPUTMUX_Init
                0x00004410       0x16 ./drivers/fsl_inputmux.o
                0x00004410                INPUTMUX_Init
 .text.INPUTMUX_AttachSignal
                0x00004426       0x38 ./drivers/fsl_inputmux.o
                0x00004426                INPUTMUX_AttachSignal
 .text.INPUTMUX_Deinit
                0x0000445e       0x16 ./drivers/fsl_inputmux.o
                0x0000445e                INPUTMUX_Deinit
 .text.CLOCK_EnableClock
                0x00004474       0x30 ./drivers/fsl_pint.o
 .text.EnableIRQ
                0x000044a4       0x32 ./drivers/fsl_pint.o
 .text.PINT_PinInterruptClrFallFlag
                0x000044d6       0x22 ./drivers/fsl_pint.o
 .text.PINT_PinInterruptClrRiseFlag
                0x000044f8       0x22 ./drivers/fsl_pint.o
 .text.PINT_PatternMatchResetDetectLogic
                0x0000451a       0x34 ./drivers/fsl_pint.o
                0x0000451a                PINT_PatternMatchResetDetectLogic
 .text.PINT_PinInterruptClrStatus
                0x0000454e       0x4e ./drivers/fsl_pint.o
                0x0000454e                PINT_PinInterruptClrStatus
 .text.RESET_PeripheralReset
                0x0000459c       0x1c ./drivers/fsl_reset.o
                0x0000459c                RESET_PeripheralReset
 .text.USART_EnableContinuousSCLK
                0x000045b8       0x38 ./drivers/fsl_usart.o
 .text.SystemInitHook
                0x000045f0        0xe ./device/system_LPC55S69_cm33_core0.o
                0x000045f0                SystemInitHook
 .text.GPIO_PinWrite
                0x000045fe       0x2a ./device/target.o
 .text.dev_init_test
                0x00004628       0x2a ./device/target.o
 .text.dev_open_test
                0x00004652       0x50 ./device/target.o
 .text.dev_close_test
                0x000046a2       0x34 ./device/target.o
 .text.dev_open_leds
                0x000046d6       0x6e ./device/target.o
 .text.dev_close_leds
                0x00004744       0x34 ./device/target.o
 .text.dev_write_leds
                0x00004778       0x38 ./device/target.o
 .text.dev_open_btn
                0x000047b0       0x6e ./device/target.o
 .text.dev_close_btn
                0x0000481e       0x34 ./device/target.o
 .text.dev_read_btn
                0x00004852       0x22 ./device/target.o
 .text.dev_init_ser
                0x00004874       0x2a ./device/target.o
 .text.dev_open_ser
                0x0000489e       0x5c ./device/target.o
 .text.dev_close_ser
                0x000048fa       0x34 ./device/target.o
 .text.strdup   0x0000492e       0x3a ./device/vfs.o
                0x0000492e                strdup
 .text.basename
                0x00004968       0x46 ./device/vfs.o
                0x00004968                basename
 .text.HAL_UartGetStatus
                0x000049ae       0x22 ./component/uart/fsl_adapter_usart.o
 .text.DbgConsole_Init
                0x000049d0       0x20 ./board/board.o
 .text.BOARD_InitBootClocks
                0x000049f0        0xc ./board/clock_config.o
                0x000049f0                BOARD_InitBootClocks
 .text.BOARD_InitPeripherals
                0x000049fc        0xe ./board/peripherals.o
                0x000049fc                BOARD_InitPeripherals
 .text.BOARD_InitBootPeripherals
                0x00004a0a        0xc ./board/peripherals.o
                0x00004a0a                BOARD_InitBootPeripherals
 .text.Chip_GetVersion
                0x00004a16       0x36 ./board/pin_mux.o
 .text.CLOCK_EnableClock
                0x00004a4c       0x30 ./board/pin_mux.o
 .text.IOCON_PinMuxSet
                0x00004a7c       0x2e ./board/pin_mux.o
 .text.BOARD_InitBootPins
                0x00004aaa        0xc ./board/pin_mux.o
                0x00004aaa                BOARD_InitBootPins
 .text.memcmp   0x00004ab6       0x20 C:/nxp/MCUXpressoIDE_11.10.0_3148/ide/plugins/com.nxp.mcuxpresso.tools.win32_11.10.0.202311280810/tools/bin/../lib/gcc/arm-none-eabi/13.2.1/thumb/v8-m.main+fp/hard\libc_nano.a(libc_a-memcmp.o)
                0x00004ab6                memcmp
 .text.memset   0x00004ad6       0x10 C:/nxp/MCUXpressoIDE_11.10.0_3148/ide/plugins/com.nxp.mcuxpresso.tools.win32_11.10.0.202311280810/tools/bin/../lib/gcc/arm-none-eabi/13.2.1/thumb/v8-m.main+fp/hard\libc_nano.a(libc_a-memset.o)
                0x00004ad6                memset
 .text.__retarget_lock_init_recursive
                0x00004ae6        0x2 C:/nxp/MCUXpressoIDE_11.10.0_3148/ide/plugins/com.nxp.mcuxpresso.tools.win32_11.10.0.202311280810/tools/bin/../lib/gcc/arm-none-eabi/13.2.1/thumb/v8-m.main+fp/hard\libc_nano.a(libc_a-lock.o)
                0x00004ae6                __retarget_lock_init_recursive
 .text.__retarget_lock_acquire_recursive
                0x00004ae8        0x2 C:/nxp/MCUXpressoIDE_11.10.0_3148/ide/plugins/com.nxp.mcuxpresso.tools.win32_11.10.0.202311280810/tools/bin/../lib/gcc/arm-none-eabi/13.2.1/thumb/v8-m.main+fp/hard\libc_nano.a(libc_a-lock.o)
                0x00004ae8                __retarget_lock_acquire_recursive
 .text.__retarget_lock_release_recursive
                0x00004aea        0x2 C:/nxp/MCUXpressoIDE_11.10.0_3148/ide/plugins/com.nxp.mcuxpresso.tools.win32_11.10.0.202311280810/tools/bin/../lib/gcc/arm-none-eabi/13.2.1/thumb/v8-m.main+fp/hard\libc_nano.a(libc_a-lock.o)
                0x00004aea                __retarget_lock_release_recursive
 .text          0x00004aec       0x14 C:/nxp/MCUXpressoIDE_11.10.0_3148/ide/plugins/com.nxp.mcuxpresso.tools.win32_11.10.0.202311280810/tools/bin/../lib/gcc/arm-none-eabi/13.2.1/thumb/v8-m.main+fp/hard\libc_nano.a(libc_a-strcmp.o)
                0x00004aec                strcmp
 .text.strcpy   0x00004b00       0x10 C:/nxp/MCUXpressoIDE_11.10.0_3148/ide/plugins/com.nxp.mcuxpresso.tools.win32_11.10.0.202311280810/tools/bin/../lib/gcc/arm-none-eabi/13.2.1/thumb/v8-m.main+fp/hard\libc_nano.a(libc_a-strcpy.o)
                0x00004b00                strcpy
 .text.memcpy   0x00004b10       0x1a C:/nxp/MCUXpressoIDE_11.10.0_3148/ide/plugins/com.nxp.mcuxpresso.tools.win32_11.10.0.202311280810/tools/bin/../lib/gcc/arm-none-eabi/13.2.1/thumb/v8-m.main+fp/hard\libc_nano.a(libc_a-memcpy-stub.o)
                0x00004b10                memcpy
 .text          0x00004b2a       0x10 C:/nxp/MCUXpressoIDE_11.10.0_3148/ide/plugins/com.nxp.mcuxpresso.tools.win32_11.10.0.202311280810/tools/bin/../lib/gcc/arm-none-eabi/13.2.1/thumb/v8-m.main+fp/hard\libc_nano.a(libc_a-strlen.o)
                0x00004b2a                strlen
 .text.abort    0x00004b3a        0xe C:/nxp/MCUXpressoIDE_11.10.0_3148/ide/plugins/com.nxp.mcuxpresso.tools.win32_11.10.0.202311280810/tools/bin/../lib/gcc/arm-none-eabi/13.2.1/thumb/v8-m.main+fp/hard\libc_nano.a(libc_a-abort.o)
                0x00004b3a                abort
 .text.__sfputc_r
                0x00004b48       0x2e C:/nxp/MCUXpressoIDE_11.10.0_3148/ide/plugins/com.nxp.mcuxpresso.tools.win32_11.10.0.202311280810/tools/bin/../lib/gcc/arm-none-eabi/13.2.1/thumb/v8-m.main+fp/hard\libc_nano.a(libc_a-nano-vfprintf.o)
 .text.__sfputs_r
                0x00004b76       0x24 C:/nxp/MCUXpressoIDE_11.10.0_3148/ide/plugins/com.nxp.mcuxpresso.tools.win32_11.10.0.202311280810/tools/bin/../lib/gcc/arm-none-eabi/13.2.1/thumb/v8-m.main+fp/hard\libc_nano.a(libc_a-nano-vfprintf.o)
                0x00004b76                __sfputs_r
 .text._printf_common
                0x00004b9a       0xe4 C:/nxp/MCUXpressoIDE_11.10.0_3148/ide/plugins/com.nxp.mcuxpresso.tools.win32_11.10.0.202311280810/tools/bin/../lib/gcc/arm-none-eabi/13.2.1/thumb/v8-m.main+fp/hard\libc_nano.a(libc_a-nano-vfprintf_i.o)
                0x00004b9a                _printf_common
 .text._fwalk_sglue
                0x00004c7e       0x3c C:/nxp/MCUXpressoIDE_11.10.0_3148/ide/plugins/com.nxp.mcuxpresso.tools.win32_11.10.0.202311280810/tools/bin/../lib/gcc/arm-none-eabi/13.2.1/thumb/v8-m.main+fp/hard\libc_nano.a(libc_a-fwalk.o)
                0x00004c7e                _fwalk_sglue
 .text.__sread  0x00004cba       0x22 C:/nxp/MCUXpressoIDE_11.10.0_3148/ide/plugins/com.nxp.mcuxpresso.tools.win32_11.10.0.202311280810/tools/bin/../lib/gcc/arm-none-eabi/13.2.1/thumb/v8-m.main+fp/hard\libc_nano.a(libc_a-stdio.o)
                0x00004cba                __sread
 .text.__swrite
                0x00004cdc       0x38 C:/nxp/MCUXpressoIDE_11.10.0_3148/ide/plugins/com.nxp.mcuxpresso.tools.win32_11.10.0.202311280810/tools/bin/../lib/gcc/arm-none-eabi/13.2.1/thumb/v8-m.main+fp/hard\libc_nano.a(libc_a-stdio.o)
                0x00004cdc                __swrite
 .text.__sseek  0x00004d14       0x24 C:/nxp/MCUXpressoIDE_11.10.0_3148/ide/plugins/com.nxp.mcuxpresso.tools.win32_11.10.0.202311280810/tools/bin/../lib/gcc/arm-none-eabi/13.2.1/thumb/v8-m.main+fp/hard\libc_nano.a(libc_a-stdio.o)
                0x00004d14                __sseek
 .text.__sclose
                0x00004d38        0x8 C:/nxp/MCUXpressoIDE_11.10.0_3148/ide/plugins/com.nxp.mcuxpresso.tools.win32_11.10.0.202311280810/tools/bin/../lib/gcc/arm-none-eabi/13.2.1/thumb/v8-m.main+fp/hard\libc_nano.a(libc_a-stdio.o)
                0x00004d38                __sclose
 .text.__swbuf_r
                0x00004d40       0x7c C:/nxp/MCUXpressoIDE_11.10.0_3148/ide/plugins/com.nxp.mcuxpresso.tools.win32_11.10.0.202311280810/tools/bin/../lib/gcc/arm-none-eabi/13.2.1/thumb/v8-m.main+fp/hard\libc_nano.a(libc_a-wbuf.o)
                0x00004d40                __swbuf_r
 .text._raise_r
                0x00004dbc       0x50 C:/nxp/MCUXpressoIDE_11.10.0_3148/ide/plugins/com.nxp.mcuxpresso.tools.win32_11.10.0.202311280810/tools/bin/../lib/gcc/arm-none-eabi/13.2.1/thumb/v8-m.main+fp/hard\libc_nano.a(libc_a-signal.o)
                0x00004dbc                _raise_r
 .text._getpid_r
                0x00004e0c        0x4 C:/nxp/MCUXpressoIDE_11.10.0_3148/ide/plugins/com.nxp.mcuxpresso.tools.win32_11.10.0.202311280810/tools/bin/../lib/gcc/arm-none-eabi/13.2.1/thumb/v8-m.main+fp/hard\libc_nano.a(libc_a-signalr.o)
                0x00004e0c                _getpid_r
 .text.memchr   0x00004e10       0x1c C:/nxp/MCUXpressoIDE_11.10.0_3148/ide/plugins/com.nxp.mcuxpresso.tools.win32_11.10.0.202311280810/tools/bin/../lib/gcc/arm-none-eabi/13.2.1/thumb/v8-m.main+fp/hard\libc_nano.a(libc_a-memchr-stub.o)
                0x00004e10                memchr
 .text._fflush_r
                0x00004e2c       0x50 C:/nxp/MCUXpressoIDE_11.10.0_3148/ide/plugins/com.nxp.mcuxpresso.tools.win32_11.10.0.202311280810/tools/bin/../lib/gcc/arm-none-eabi/13.2.1/thumb/v8-m.main+fp/hard\libc_nano.a(libc_a-fflush.o)
                0x00004e2c                _fflush_r
 .text.__swhatbuf_r
                0x00004e7c       0x4a C:/nxp/MCUXpressoIDE_11.10.0_3148/ide/plugins/com.nxp.mcuxpresso.tools.win32_11.10.0.202311280810/tools/bin/../lib/gcc/arm-none-eabi/13.2.1/thumb/v8-m.main+fp/hard\libc_nano.a(libc_a-makebuf.o)
                0x00004e7c                __swhatbuf_r
 .text.__smakebuf_r
                0x00004ec6       0x78 C:/nxp/MCUXpressoIDE_11.10.0_3148/ide/plugins/com.nxp.mcuxpresso.tools.win32_11.10.0.202311280810/tools/bin/../lib/gcc/arm-none-eabi/13.2.1/thumb/v8-m.main+fp/hard\libc_nano.a(libc_a-makebuf.o)
                0x00004ec6                __smakebuf_r
 .text._exit    0x00004f3e        0x8 C:/nxp/MCUXpressoIDE_11.10.0_3148/ide/plugins/com.nxp.mcuxpresso.tools.win32_11.10.0.202311280810/tools/bin/../lib/gcc/arm-none-eabi/13.2.1/../../../../arm-none-eabi/lib/thumb/v8-m.main+fp/hard\libcr_newlib_semihost.a(_exit.o)
                0x00004f3e                _exit
 .text.error    0x00004f46       0x1c C:/nxp/MCUXpressoIDE_11.10.0_3148/ide/plugins/com.nxp.mcuxpresso.tools.win32_11.10.0.202311280810/tools/bin/../lib/gcc/arm-none-eabi/13.2.1/../../../../arm-none-eabi/lib/thumb/v8-m.main+fp/hard\libcr_newlib_semihost.a(syscalls.o)
 .text.checkerror
                0x00004f62        0xa C:/nxp/MCUXpressoIDE_11.10.0_3148/ide/plugins/com.nxp.mcuxpresso.tools.win32_11.10.0.202311280810/tools/bin/../lib/gcc/arm-none-eabi/13.2.1/../../../../arm-none-eabi/lib/thumb/v8-m.main+fp/hard\libcr_newlib_semihost.a(syscalls.o)
 .text._swiread
                0x00004f6c       0x20 C:/nxp/MCUXpressoIDE_11.10.0_3148/ide/plugins/com.nxp.mcuxpresso.tools.win32_11.10.0.202311280810/tools/bin/../lib/gcc/arm-none-eabi/13.2.1/../../../../arm-none-eabi/lib/thumb/v8-m.main+fp/hard\libcr_newlib_semihost.a(syscalls.o)
                0x00004f6c                _swiread
 .text._read    0x00004f8c       0x34 C:/nxp/MCUXpressoIDE_11.10.0_3148/ide/plugins/com.nxp.mcuxpresso.tools.win32_11.10.0.202311280810/tools/bin/../lib/gcc/arm-none-eabi/13.2.1/../../../../arm-none-eabi/lib/thumb/v8-m.main+fp/hard\libcr_newlib_semihost.a(syscalls.o)
                0x00004f8c                _read
 .text._swilseek
                0x00004fc0       0x78 C:/nxp/MCUXpressoIDE_11.10.0_3148/ide/plugins/com.nxp.mcuxpresso.tools.win32_11.10.0.202311280810/tools/bin/../lib/gcc/arm-none-eabi/13.2.1/../../../../arm-none-eabi/lib/thumb/v8-m.main+fp/hard\libcr_newlib_semihost.a(syscalls.o)
                0x00004fc0                _swilseek
 .text._lseek   0x00005038        0x4 C:/nxp/MCUXpressoIDE_11.10.0_3148/ide/plugins/com.nxp.mcuxpresso.tools.win32_11.10.0.202311280810/tools/bin/../lib/gcc/arm-none-eabi/13.2.1/../../../../arm-none-eabi/lib/thumb/v8-m.main+fp/hard\libcr_newlib_semihost.a(syscalls.o)
                0x00005038                _lseek
 .text._swiwrite
                0x0000503c       0x20 C:/nxp/MCUXpressoIDE_11.10.0_3148/ide/plugins/com.nxp.mcuxpresso.tools.win32_11.10.0.202311280810/tools/bin/../lib/gcc/arm-none-eabi/13.2.1/../../../../arm-none-eabi/lib/thumb/v8-m.main+fp/hard\libcr_newlib_semihost.a(syscalls.o)
                0x0000503c                _swiwrite
 .text._write   0x0000505c       0x40 C:/nxp/MCUXpressoIDE_11.10.0_3148/ide/plugins/com.nxp.mcuxpresso.tools.win32_11.10.0.202311280810/tools/bin/../lib/gcc/arm-none-eabi/13.2.1/../../../../arm-none-eabi/lib/thumb/v8-m.main+fp/hard\libcr_newlib_semihost.a(syscalls.o)
                0x0000505c                _write
 .text._swiclose
                0x0000509c       0x1a C:/nxp/MCUXpressoIDE_11.10.0_3148/ide/plugins/com.nxp.mcuxpresso.tools.win32_11.10.0.202311280810/tools/bin/../lib/gcc/arm-none-eabi/13.2.1/../../../../arm-none-eabi/lib/thumb/v8-m.main+fp/hard\libcr_newlib_semihost.a(syscalls.o)
                0x0000509c                _swiclose
 .text._getpid  0x000050b6        0x4 C:/nxp/MCUXpressoIDE_11.10.0_3148/ide/plugins/com.nxp.mcuxpresso.tools.win32_11.10.0.202311280810/tools/bin/../lib/gcc/arm-none-eabi/13.2.1/../../../../arm-none-eabi/lib/thumb/v8-m.main+fp/hard\libcr_newlib_semihost.a(syscalls.o)
                0x000050b6                _getpid
 .text._swistat
                0x000050ba       0x42 C:/nxp/MCUXpressoIDE_11.10.0_3148/ide/plugins/com.nxp.mcuxpresso.tools.win32_11.10.0.202311280810/tools/bin/../lib/gcc/arm-none-eabi/13.2.1/../../../../arm-none-eabi/lib/thumb/v8-m.main+fp/hard\libcr_newlib_semihost.a(syscalls.o)
                0x000050ba                _swistat
 .text._fstat   0x000050fc       0x1c C:/nxp/MCUXpressoIDE_11.10.0_3148/ide/plugins/com.nxp.mcuxpresso.tools.win32_11.10.0.202311280810/tools/bin/../lib/gcc/arm-none-eabi/13.2.1/../../../../arm-none-eabi/lib/thumb/v8-m.main+fp/hard\libcr_newlib_semihost.a(syscalls.o)
                0x000050fc                _fstat
 .text._isatty  0x00005118       0x2a C:/nxp/MCUXpressoIDE_11.10.0_3148/ide/plugins/com.nxp.mcuxpresso.tools.win32_11.10.0.202311280810/tools/bin/../lib/gcc/arm-none-eabi/13.2.1/../../../../arm-none-eabi/lib/thumb/v8-m.main+fp/hard\libcr_newlib_semihost.a(syscalls.o)
                0x00005118                _isatty
 *(SORT_BY_ALIGNMENT(.rodata) SORT_BY_ALIGNMENT(.rodata.*) SORT_BY_ALIGNMENT(.constdata) SORT_BY_ALIGNMENT(.constdata.*))
 *fill*         0x00005142        0x2 ff
 .rodata.tache1.str1.4
                0x00005144      0x3b7 ./source/main.o
                                 0x2f (size before relaxing)
 .rodata.CLOCK_GetClockOutClkFreq.str1.4
                0x000054fb       0x14 ./drivers/fsl_clock.o
 *fill*         0x000054fb        0x1 ff
 .rodata.__func__.2
                0x000054fc       0x1c ./drivers/fsl_clock.o
 .rodata.SDK_DelayAtLeastUs.str1.4
                0x00005518       0x38 ./drivers/fsl_common.o
 .rodata.__func__.0
                0x00005518       0x13 ./drivers/fsl_common.o
 *fill*         0x0000552b        0x1 ff
 .rodata.s_flexcommBaseAddrs
                0x0000552c       0x24 ./drivers/fsl_flexcomm.o
 .rodata.s_flexcommClocks
                0x00005550       0x12 ./drivers/fsl_flexcomm.o
 *fill*         0x00005562        0x2 ff
 .rodata.s_flexcommResets
                0x00005564       0x24 ./drivers/fsl_flexcomm.o
 .rodata.FLEXCOMM_GetInstance.str1.4
                0x00005588       0x3f ./drivers/fsl_flexcomm.o
 .rodata.FLEXCOMM0_DriverIRQHandler.str1.4
                0x00005588       0x18 ./drivers/fsl_flexcomm.o
 .rodata.FLEXCOMM1_DriverIRQHandler.str1.4
                0x00005588       0x18 ./drivers/fsl_flexcomm.o
 .rodata.FLEXCOMM2_DriverIRQHandler.str1.4
                0x00005588       0x18 ./drivers/fsl_flexcomm.o
 .rodata.FLEXCOMM3_DriverIRQHandler.str1.4
                0x00005588       0x18 ./drivers/fsl_flexcomm.o
 .rodata.FLEXCOMM4_DriverIRQHandler.str1.4
                0x00005588       0x18 ./drivers/fsl_flexcomm.o
 .rodata.FLEXCOMM5_DriverIRQHandler.str1.4
                0x00005588       0x18 ./drivers/fsl_flexcomm.o
 .rodata.FLEXCOMM6_DriverIRQHandler.str1.4
                0x00005588       0x18 ./drivers/fsl_flexcomm.o
 .rodata.FLEXCOMM7_DriverIRQHandler.str1.4
                0x00005588       0x18 ./drivers/fsl_flexcomm.o
 .rodata.FLEXCOMM8_DriverIRQHandler.str1.4
                0x00005588       0x18 ./drivers/fsl_flexcomm.o
 .rodata.__func__.9
                0x00005588       0x15 ./drivers/fsl_flexcomm.o
 *fill*         0x0000559d        0x3 ff
 .rodata.__func__.8
                0x000055a0       0x1b ./drivers/fsl_flexcomm.o
 *fill*         0x000055bb        0x1 ff
 .rodata.__func__.7
                0x000055bc       0x1b ./drivers/fsl_flexcomm.o
 *fill*         0x000055d7        0x1 ff
 .rodata.__func__.6
                0x000055d8       0x1b ./drivers/fsl_flexcomm.o
 *fill*         0x000055f3        0x1 ff
 .rodata.__func__.5
                0x000055f4       0x1b ./drivers/fsl_flexcomm.o
 *fill*         0x0000560f        0x1 ff
 .rodata.__func__.4
                0x00005610       0x1b ./drivers/fsl_flexcomm.o
 *fill*         0x0000562b        0x1 ff
 .rodata.__func__.3
                0x0000562c       0x1b ./drivers/fsl_flexcomm.o
 *fill*         0x00005647        0x1 ff
 .rodata.__func__.2
                0x00005648       0x1b ./drivers/fsl_flexcomm.o
 *fill*         0x00005663        0x1 ff
 .rodata.__func__.1
                0x00005664       0x1b ./drivers/fsl_flexcomm.o
 *fill*         0x0000567f        0x1 ff
 .rodata.__func__.0
                0x00005680       0x1b ./drivers/fsl_flexcomm.o
 *fill*         0x0000569b        0x1 ff
 .rodata.s_gpioClockName
                0x0000569c        0x8 ./drivers/fsl_gpio.o
 .rodata.s_gpioResets
                0x000056a4       0x18 ./drivers/fsl_gpio.o
 .rodata.GPIO_EnablePortClock.str1.4
                0x000056bc       0x2f ./drivers/fsl_gpio.o
 .rodata.__func__.0
                0x000056bc       0x15 ./drivers/fsl_gpio.o
 *fill*         0x000056d1        0x3 ff
 .rodata.s_pintIRQ
                0x000056d4        0xa ./drivers/fsl_pint.o
 .rodata.PINT_Init.str1.4
                0x000056de       0x1b ./drivers/fsl_pint.o
 *fill*         0x000056de        0x2 ff
 .rodata.__func__.9
                0x000056e0        0xa ./drivers/fsl_pint.o
 *fill*         0x000056ea        0x2 ff
 .rodata.__func__.8
                0x000056ec       0x18 ./drivers/fsl_pint.o
 .rodata.__func__.3
                0x00005704       0x1b ./drivers/fsl_pint.o
 .rodata.RESET_SetPeripheralReset.str1.4
                0x0000571f       0x1c ./drivers/fsl_reset.o
 *fill*         0x0000571f        0x1 ff
 .rodata.__func__.1
                0x00005720       0x19 ./drivers/fsl_reset.o
 *fill*         0x00005739        0x3 ff
 .rodata.__func__.0
                0x0000573c       0x1b ./drivers/fsl_reset.o
 .rodata.USART_GetInstance.str1.4
                0x00005757       0x38 ./drivers/fsl_usart.o
 .rodata.USART_Init.str1.4
                0x00005757       0x3d ./drivers/fsl_usart.o
 .rodata.USART_GetDefaultConfig.str1.4
                0x00005757        0xf ./drivers/fsl_usart.o
 .rodata.USART_SetBaudRate.str1.4
                0x00005757       0x41 ./drivers/fsl_usart.o
 .rodata.USART_WriteBlocking.str1.4
                0x00005757       0x24 ./drivers/fsl_usart.o
 *fill*         0x00005757        0x1 ff
 .rodata.__func__.15
                0x00005758        0xb ./drivers/fsl_usart.o
 *fill*         0x00005763        0x1 ff
 .rodata.__func__.13
                0x00005764       0x17 ./drivers/fsl_usart.o
 *fill*         0x0000577b        0x1 ff
 .rodata.__func__.12
                0x0000577c       0x12 ./drivers/fsl_usart.o
 *fill*         0x0000578e        0x2 ff
 .rodata.__func__.9
                0x00005790       0x14 ./drivers/fsl_usart.o
 .rodata.__func__.8
                0x000057a4       0x13 ./drivers/fsl_usart.o
 .rodata.dev_read_test.str1.4
                0x000057b7       0x20 ./device/target.o
 *fill*         0x000057b7        0x1 ff
 .rodata        0x000057b8        0x2 ./device/target.o
 .rodata.dirname.str1.4
                0x000057ba        0x2 ./device/vfs.o
 .rodata.dev_lookup.str1.4
                0x000057ba        0x5 ./device/vfs.o
 *fill*         0x000057ba        0x2 ff
 .rodata.s_UsartAdapterBase
                0x000057bc       0x20 ./component/uart/fsl_adapter_usart.o
 .rodata.HAL_UartInit.str1.4
                0x000057dc       0x91 ./component/uart/fsl_adapter_usart.o
 .rodata.HAL_UartReceiveBlocking.str1.4
                0x000057dc        0xf ./component/uart/fsl_adapter_usart.o
 .rodata.__func__.5
                0x000057dc        0xd ./component/uart/fsl_adapter_usart.o
 *fill*         0x000057e9        0x3 ff
 .rodata.__func__.3
                0x000057ec       0x18 ./component/uart/fsl_adapter_usart.o
 .rodata.__func__.2
                0x00005804       0x15 ./component/uart/fsl_adapter_usart.o
 .rodata.__assert_func.str1.1
                0x00005819       0x73 C:/nxp/MCUXpressoIDE_11.10.0_3148/ide/plugins/com.nxp.mcuxpresso.tools.win32_11.10.0.202311280810/tools/bin/../lib/gcc/arm-none-eabi/13.2.1/thumb/v8-m.main+fp/hard\libc_nano.a(libc_a-assert.o)
                                 0x3d (size before relaxing)
 .rodata._vfprintf_r.str1.1
                0x0000588c       0x11 C:/nxp/MCUXpressoIDE_11.10.0_3148/ide/plugins/com.nxp.mcuxpresso.tools.win32_11.10.0.202311280810/tools/bin/../lib/gcc/arm-none-eabi/13.2.1/thumb/v8-m.main+fp/hard\libc_nano.a(libc_a-nano-vfprintf.o)
 .rodata._printf_i.str1.1
                0x0000588c       0x22 C:/nxp/MCUXpressoIDE_11.10.0_3148/ide/plugins/com.nxp.mcuxpresso.tools.win32_11.10.0.202311280810/tools/bin/../lib/gcc/arm-none-eabi/13.2.1/thumb/v8-m.main+fp/hard\libc_nano.a(libc_a-nano-vfprintf_i.o)
 .rodata.initialise_monitor_handles.part.0.str1.1
                0x0000588c        0x4 C:/nxp/MCUXpressoIDE_11.10.0_3148/ide/plugins/com.nxp.mcuxpresso.tools.win32_11.10.0.202311280810/tools/bin/../lib/gcc/arm-none-eabi/13.2.1/../../../../arm-none-eabi/lib/thumb/v8-m.main+fp/hard\libcr_newlib_semihost.a(syscalls.o)
                0x000058b0                        . = ALIGN (0x4)

.glue_7         0x0000588c        0x0
 .glue_7        0x0000588c        0x0 linker stubs

.glue_7t        0x0000588c        0x0
 .glue_7t       0x0000588c        0x0 linker stubs

.vfp11_veneer   0x0000588c        0x0
 .vfp11_veneer  0x0000588c        0x0 linker stubs

.v4_bx          0x0000588c        0x0
 .v4_bx         0x0000588c        0x0 linker stubs

.iplt           0x0000588c        0x0
 .iplt          0x0000588c        0x0 ./startup/startup_lpc55s69_cm33_core0.o

.ARM.extab
 *(SORT_BY_ALIGNMENT(.ARM.extab*) SORT_BY_ALIGNMENT(.gnu.linkonce.armextab.*))

.ARM.exidx      0x0000588c        0x8
                0x0000588c                        __exidx_start = .
 *(SORT_BY_ALIGNMENT(.ARM.exidx*) SORT_BY_ALIGNMENT(.gnu.linkonce.armexidx.*))
 .ARM.exidx.text.__udivmoddi4
                0x0000588c        0x8 C:/nxp/MCUXpressoIDE_11.10.0_3148/ide/plugins/com.nxp.mcuxpresso.tools.win32_11.10.0.202311280810/tools/bin/../lib/gcc/arm-none-eabi/13.2.1/thumb/v8-m.main+fp/hard\libgcc.a(_udivmoddi4.o)
 .ARM.exidx     0x00005894        0x0 C:/nxp/MCUXpressoIDE_11.10.0_3148/ide/plugins/com.nxp.mcuxpresso.tools.win32_11.10.0.202311280810/tools/bin/../lib/gcc/arm-none-eabi/13.2.1/thumb/v8-m.main+fp/hard\libc_nano.a(libc_a-strcmp.o)
                                  0x8 (size before relaxing)
 .ARM.exidx     0x00005894        0x0 C:/nxp/MCUXpressoIDE_11.10.0_3148/ide/plugins/com.nxp.mcuxpresso.tools.win32_11.10.0.202311280810/tools/bin/../lib/gcc/arm-none-eabi/13.2.1/thumb/v8-m.main+fp/hard\libc_nano.a(libc_a-strlen.o)
                                  0x8 (size before relaxing)
                0x00005894                        __exidx_end = .
                0x00005894                        _etext = .

.rel.dyn        0x00005894        0x0
 .rel.iplt      0x00005894        0x0 ./startup/startup_lpc55s69_cm33_core0.o

.m_usb_data
 *(SORT_BY_ALIGNMENT(m_usb_global))

.data_RAM2      0x20040000        0x0 load address 0x00005894
 FILL mask 0xff
                [!provide]                        PROVIDE (__start_data_RAM2 = .)
                [!provide]                        PROVIDE (__start_data_SRAM4 = .)
 *(SORT_BY_ALIGNMENT(.ramfunc.$RAM2))
 *(SORT_BY_ALIGNMENT(.ramfunc.$SRAM4))
 *(SORT_BY_ALIGNMENT(.data.$RAM2))
 *(SORT_BY_ALIGNMENT(.data.$SRAM4))
 *(SORT_BY_ALIGNMENT(.data.$RAM2.*))
 *(SORT_BY_ALIGNMENT(.data.$SRAM4.*))
                0x20040000                        . = ALIGN (0x4)
                [!provide]                        PROVIDE (__end_data_RAM2 = .)
                [!provide]                        PROVIDE (__end_data_SRAM4 = .)

.data_RAM3      0x04000000        0x0 load address 0x00005894
 FILL mask 0xff
                [!provide]                        PROVIDE (__start_data_RAM3 = .)
                [!provide]                        PROVIDE (__start_data_SRAMX = .)
 *(SORT_BY_ALIGNMENT(.ramfunc.$RAM3))
 *(SORT_BY_ALIGNMENT(.ramfunc.$SRAMX))
 *(SORT_BY_ALIGNMENT(.data.$RAM3))
 *(SORT_BY_ALIGNMENT(.data.$SRAMX))
 *(SORT_BY_ALIGNMENT(.data.$RAM3.*))
 *(SORT_BY_ALIGNMENT(.data.$SRAMX.*))
                0x04000000                        . = ALIGN (0x4)
                [!provide]                        PROVIDE (__end_data_RAM3 = .)
                [!provide]                        PROVIDE (__end_data_SRAMX = .)

.data_RAM4      0x40100000        0x0 load address 0x00005894
 FILL mask 0xff
                [!provide]                        PROVIDE (__start_data_RAM4 = .)
                [!provide]                        PROVIDE (__start_data_USB_RAM = .)
 *(SORT_BY_ALIGNMENT(.ramfunc.$RAM4))
 *(SORT_BY_ALIGNMENT(.ramfunc.$USB_RAM))
 *(SORT_BY_ALIGNMENT(.data.$RAM4))
 *(SORT_BY_ALIGNMENT(.data.$USB_RAM))
 *(SORT_BY_ALIGNMENT(.data.$RAM4.*))
 *(SORT_BY_ALIGNMENT(.data.$USB_RAM.*))
                0x40100000                        . = ALIGN (0x4)
                [!provide]                        PROVIDE (__end_data_RAM4 = .)
                [!provide]                        PROVIDE (__end_data_USB_RAM = .)

.uninit_RESERVED
                0x20000000        0x0
                0x20000000                        _start_uninit_RESERVED = .
 *(SORT_BY_ALIGNMENT(.bss.$RESERVED*))
                0x20000000                        . = ALIGN (0x4)
                0x20000000                        _end_uninit_RESERVED = .

.data           0x20000000      0x14c load address 0x00005894
 FILL mask 0xff
                0x20000000                        _data = .
                [!provide]                        PROVIDE (__start_data_RAM = .)
                [!provide]                        PROVIDE (__start_data_SRAM = .)
 *(SORT_BY_ALIGNMENT(vtable))
 *(SORT_BY_ALIGNMENT(.ramfunc*))
 *(SORT_BY_ALIGNMENT(CodeQuickAccess))
 *(SORT_BY_ALIGNMENT(DataQuickAccess))
 *(SORT_BY_ALIGNMENT(RamFunction))
 *(SORT_BY_ALIGNMENT(.data*))
 .data.id       0x20000000        0x4 ./kernel/kernel.o
 .data.s_Ext_Clk_Freq
                0x20000004        0x4 ./drivers/fsl_clock.o
 .data.SystemCoreClock
                0x20000008        0x4 ./device/system_LPC55S69_cm33_core0.o
                0x20000008                SystemCoreClock
 .data.dev_test
                0x2000000c       0x34 ./device/target.o
                0x2000000c                dev_test
 .data.dev_leds
                0x20000040       0x34 ./device/target.o
                0x20000040                dev_leds
 .data.dev_swuser
                0x20000074       0x34 ./device/target.o
                0x20000074                dev_swuser
 .data.dev_serial
                0x200000a8       0x34 ./device/target.o
                0x200000a8                dev_serial
 .data.device_table
                0x200000dc       0x14 ./device/target.o
                0x200000dc                device_table
 .data._impure_ptr
                0x200000f0        0x4 C:/nxp/MCUXpressoIDE_11.10.0_3148/ide/plugins/com.nxp.mcuxpresso.tools.win32_11.10.0.202311280810/tools/bin/../lib/gcc/arm-none-eabi/13.2.1/thumb/v8-m.main+fp/hard\libc_nano.a(libc_a-impure.o)
                0x200000f0                _impure_ptr
 .data._impure_data
                0x200000f4       0x4c C:/nxp/MCUXpressoIDE_11.10.0_3148/ide/plugins/com.nxp.mcuxpresso.tools.win32_11.10.0.202311280810/tools/bin/../lib/gcc/arm-none-eabi/13.2.1/thumb/v8-m.main+fp/hard\libc_nano.a(libc_a-impure.o)
                0x200000f4                _impure_data
 .data.__sglue  0x20000140        0xc C:/nxp/MCUXpressoIDE_11.10.0_3148/ide/plugins/com.nxp.mcuxpresso.tools.win32_11.10.0.202311280810/tools/bin/../lib/gcc/arm-none-eabi/13.2.1/thumb/v8-m.main+fp/hard\libc_nano.a(libc_a-findfp.o)
                0x20000140                __sglue
                0x2000014c                        . = ALIGN (0x4)
                0x2000014c                        _edata = .
                [!provide]                        PROVIDE (__end_data_RAM = .)
                [!provide]                        PROVIDE (__end_data_SRAM = .)

.igot.plt       0x2000014c        0x0 load address 0x000059e0
 .igot.plt      0x2000014c        0x0 ./startup/startup_lpc55s69_cm33_core0.o

.bss_RAM2       0x20040000        0x0
                [!provide]                        PROVIDE (__start_bss_RAM2 = .)
                [!provide]                        PROVIDE (__start_bss_SRAM4 = .)
 *(SORT_BY_ALIGNMENT(.bss.$RAM2))
 *(SORT_BY_ALIGNMENT(.bss.$SRAM4))
 *(SORT_BY_ALIGNMENT(.bss.$RAM2.*))
 *(SORT_BY_ALIGNMENT(.bss.$SRAM4.*))
                0x20040000                        . = ALIGN ((. != 0x0)?0x4:0x1)
                [!provide]                        PROVIDE (__end_bss_RAM2 = .)
                [!provide]                        PROVIDE (__end_bss_SRAM4 = .)

.bss_RAM3       0x04000000        0x0
                [!provide]                        PROVIDE (__start_bss_RAM3 = .)
                [!provide]                        PROVIDE (__start_bss_SRAMX = .)
 *(SORT_BY_ALIGNMENT(.bss.$RAM3))
 *(SORT_BY_ALIGNMENT(.bss.$SRAMX))
 *(SORT_BY_ALIGNMENT(.bss.$RAM3.*))
 *(SORT_BY_ALIGNMENT(.bss.$SRAMX.*))
                0x04000000                        . = ALIGN ((. != 0x0)?0x4:0x1)
                [!provide]                        PROVIDE (__end_bss_RAM3 = .)
                [!provide]                        PROVIDE (__end_bss_SRAMX = .)

.bss_RAM4       0x40100000        0x0
                [!provide]                        PROVIDE (__start_bss_RAM4 = .)
                [!provide]                        PROVIDE (__start_bss_USB_RAM = .)
 *(SORT_BY_ALIGNMENT(.bss.$RAM4))
 *(SORT_BY_ALIGNMENT(.bss.$USB_RAM))
 *(SORT_BY_ALIGNMENT(.bss.$RAM4.*))
 *(SORT_BY_ALIGNMENT(.bss.$USB_RAM.*))
                0x40100000                        . = ALIGN ((. != 0x0)?0x4:0x1)
                [!provide]                        PROVIDE (__end_bss_RAM4 = .)
                [!provide]                        PROVIDE (__end_bss_USB_RAM = .)

.bss            0x2000014c      0x270
                0x2000014c                        _bss = .
                [!provide]                        PROVIDE (__start_bss_RAM = .)
                [!provide]                        PROVIDE (__start_bss_SRAM = .)
 *(SORT_BY_ALIGNMENT(.bss*))
 .bss.tsk_running
                0x2000014c        0x4 ./kernel/kernel.o
                0x2000014c                tsk_running
 .bss.tsk_prev  0x20000150        0x4 ./kernel/kernel.o
                0x20000150                tsk_prev
 .bss.tsk_sleeping
                0x20000154        0x4 ./kernel/kernel.o
                0x20000154                tsk_sleeping
 .bss.sys_tick_cnt
                0x20000158        0x4 ./kernel/kernel.o
                0x20000158                sys_tick_cnt
 .bss.s_Pll0_Freq
                0x2000015c        0x4 ./drivers/fsl_clock.o
 .bss.s_Pll1_Freq
                0x20000160        0x4 ./drivers/fsl_clock.o
 .bss.s_I2S_Mclk_Freq
                0x20000164        0x4 ./drivers/fsl_clock.o
 .bss.s_flexcommIrqHandler
                0x20000168       0x24 ./drivers/fsl_flexcomm.o
 .bss.s_flexcommHandle
                0x2000018c       0x24 ./drivers/fsl_flexcomm.o
 .bss.s_secpintCallback
                0x200001b0        0x8 ./drivers/fsl_pint.o
 .bss.s_pintCallback
                0x200001b8       0x20 ./drivers/fsl_pint.o
 .bss.uartHandle
                0x200001d8        0x8 ./device/target.o
                0x200001d8                uartHandle
 .bss.opened_fds
                0x200001e0       0x50 ./device/vfs.o
                0x200001e0                opened_fds
 .bss.vfs_mutex
                0x20000230        0x4 ./device/vfs.o
                0x20000230                vfs_mutex
 .bss.__malloc_sbrk_start
                0x20000234        0x4 C:/nxp/MCUXpressoIDE_11.10.0_3148/ide/plugins/com.nxp.mcuxpresso.tools.win32_11.10.0.202311280810/tools/bin/../lib/gcc/arm-none-eabi/13.2.1/thumb/v8-m.main+fp/hard\libc_nano.a(libc_a-mallocr.o)
                0x20000234                __malloc_sbrk_start
 .bss.__malloc_free_list
                0x20000238        0x4 C:/nxp/MCUXpressoIDE_11.10.0_3148/ide/plugins/com.nxp.mcuxpresso.tools.win32_11.10.0.202311280810/tools/bin/../lib/gcc/arm-none-eabi/13.2.1/thumb/v8-m.main+fp/hard\libc_nano.a(libc_a-mallocr.o)
                0x20000238                __malloc_free_list
 .bss.__sf      0x2000023c      0x138 C:/nxp/MCUXpressoIDE_11.10.0_3148/ide/plugins/com.nxp.mcuxpresso.tools.win32_11.10.0.202311280810/tools/bin/../lib/gcc/arm-none-eabi/13.2.1/thumb/v8-m.main+fp/hard\libc_nano.a(libc_a-findfp.o)
                0x2000023c                __sf
 .bss.__stdio_exit_handler
                0x20000374        0x4 C:/nxp/MCUXpressoIDE_11.10.0_3148/ide/plugins/com.nxp.mcuxpresso.tools.win32_11.10.0.202311280810/tools/bin/../lib/gcc/arm-none-eabi/13.2.1/thumb/v8-m.main+fp/hard\libc_nano.a(libc_a-findfp.o)
                0x20000374                __stdio_exit_handler
 .bss.errno     0x20000378        0x4 C:/nxp/MCUXpressoIDE_11.10.0_3148/ide/plugins/com.nxp.mcuxpresso.tools.win32_11.10.0.202311280810/tools/bin/../lib/gcc/arm-none-eabi/13.2.1/thumb/v8-m.main+fp/hard\libc_nano.a(libc_a-reent.o)
                0x20000378                errno
 .bss.__end_of_heap
                0x2000037c        0x4 C:/nxp/MCUXpressoIDE_11.10.0_3148/ide/plugins/com.nxp.mcuxpresso.tools.win32_11.10.0.202311280810/tools/bin/../lib/gcc/arm-none-eabi/13.2.1/../../../../arm-none-eabi/lib/thumb/v8-m.main+fp/hard\libcr_newlib_semihost.a(_cr_sbrk.o)
                0x2000037c                __end_of_heap
 .bss.initialized.0
                0x20000380        0x4 C:/nxp/MCUXpressoIDE_11.10.0_3148/ide/plugins/com.nxp.mcuxpresso.tools.win32_11.10.0.202311280810/tools/bin/../lib/gcc/arm-none-eabi/13.2.1/../../../../arm-none-eabi/lib/thumb/v8-m.main+fp/hard\libcr_newlib_semihost.a(syscalls.o)
 .bss.monitor_stderr
                0x20000384        0x4 C:/nxp/MCUXpressoIDE_11.10.0_3148/ide/plugins/com.nxp.mcuxpresso.tools.win32_11.10.0.202311280810/tools/bin/../lib/gcc/arm-none-eabi/13.2.1/../../../../arm-none-eabi/lib/thumb/v8-m.main+fp/hard\libcr_newlib_semihost.a(syscalls.o)
 .bss.monitor_stdout
                0x20000388        0x4 C:/nxp/MCUXpressoIDE_11.10.0_3148/ide/plugins/com.nxp.mcuxpresso.tools.win32_11.10.0.202311280810/tools/bin/../lib/gcc/arm-none-eabi/13.2.1/../../../../arm-none-eabi/lib/thumb/v8-m.main+fp/hard\libcr_newlib_semihost.a(syscalls.o)
 .bss.monitor_stdin
                0x2000038c        0x4 C:/nxp/MCUXpressoIDE_11.10.0_3148/ide/plugins/com.nxp.mcuxpresso.tools.win32_11.10.0.202311280810/tools/bin/../lib/gcc/arm-none-eabi/13.2.1/../../../../arm-none-eabi/lib/thumb/v8-m.main+fp/hard\libcr_newlib_semihost.a(syscalls.o)
 .bss.openfiles
                0x20000390       0x28 C:/nxp/MCUXpressoIDE_11.10.0_3148/ide/plugins/com.nxp.mcuxpresso.tools.win32_11.10.0.202311280810/tools/bin/../lib/gcc/arm-none-eabi/13.2.1/../../../../arm-none-eabi/lib/thumb/v8-m.main+fp/hard\libcr_newlib_semihost.a(syscalls.o)
 .bss.__lock___malloc_recursive_mutex
                0x200003b8        0x1 C:/nxp/MCUXpressoIDE_11.10.0_3148/ide/plugins/com.nxp.mcuxpresso.tools.win32_11.10.0.202311280810/tools/bin/../lib/gcc/arm-none-eabi/13.2.1/thumb/v8-m.main+fp/hard\libc_nano.a(libc_a-lock.o)
                0x200003b8                __lock___malloc_recursive_mutex
 .bss.__lock___sfp_recursive_mutex
                0x200003b9        0x1 C:/nxp/MCUXpressoIDE_11.10.0_3148/ide/plugins/com.nxp.mcuxpresso.tools.win32_11.10.0.202311280810/tools/bin/../lib/gcc/arm-none-eabi/13.2.1/thumb/v8-m.main+fp/hard\libc_nano.a(libc_a-lock.o)
                0x200003b9                __lock___sfp_recursive_mutex
 *(SORT_BY_ALIGNMENT(COMMON))
                0x200003bc                        . = ALIGN (0x4)
 *fill*         0x200003ba        0x2 
                0x200003bc                        _ebss = .
                [!provide]                        PROVIDE (__end_bss_RAM = .)
                [!provide]                        PROVIDE (__end_bss_SRAM = .)
                [!provide]                        PROVIDE (end = .)

.noinit_RAM2    0x20040000        0x0
                [!provide]                        PROVIDE (__start_noinit_RAM2 = .)
                [!provide]                        PROVIDE (__start_noinit_SRAM4 = .)
 *(SORT_BY_ALIGNMENT(.noinit.$RAM2))
 *(SORT_BY_ALIGNMENT(.noinit.$SRAM4))
 *(SORT_BY_ALIGNMENT(.noinit.$RAM2.*))
 *(SORT_BY_ALIGNMENT(.noinit.$SRAM4.*))
                0x20040000                        . = ALIGN (0x4)
                [!provide]                        PROVIDE (__end_noinit_RAM2 = .)
                [!provide]                        PROVIDE (__end_noinit_SRAM4 = .)

.noinit_RAM3    0x04000000        0x0
                [!provide]                        PROVIDE (__start_noinit_RAM3 = .)
                [!provide]                        PROVIDE (__start_noinit_SRAMX = .)
 *(SORT_BY_ALIGNMENT(.noinit.$RAM3))
 *(SORT_BY_ALIGNMENT(.noinit.$SRAMX))
 *(SORT_BY_ALIGNMENT(.noinit.$RAM3.*))
 *(SORT_BY_ALIGNMENT(.noinit.$SRAMX.*))
                0x04000000                        . = ALIGN (0x4)
                [!provide]                        PROVIDE (__end_noinit_RAM3 = .)
                [!provide]                        PROVIDE (__end_noinit_SRAMX = .)

.noinit_RAM4    0x40100000        0x0
                [!provide]                        PROVIDE (__start_noinit_RAM4 = .)
                [!provide]                        PROVIDE (__start_noinit_USB_RAM = .)
 *(SORT_BY_ALIGNMENT(.noinit.$RAM4))
 *(SORT_BY_ALIGNMENT(.noinit.$USB_RAM))
 *(SORT_BY_ALIGNMENT(.noinit.$RAM4.*))
 *(SORT_BY_ALIGNMENT(.noinit.$USB_RAM.*))
                0x40100000                        . = ALIGN (0x4)
                [!provide]                        PROVIDE (__end_noinit_RAM4 = .)
                [!provide]                        PROVIDE (__end_noinit_USB_RAM = .)

.noinit         0x200003bc        0x0
                0x200003bc                        _noinit = .
                [!provide]                        PROVIDE (__start_noinit_RAM = .)
                [!provide]                        PROVIDE (__start_noinit_SRAM = .)
 *(SORT_BY_ALIGNMENT(.noinit*))
                0x200003bc                        . = ALIGN (0x4)
                0x200003bc                        _end_noinit = .
                [!provide]                        PROVIDE (__end_noinit_RAM = .)
                [!provide]                        PROVIDE (__end_noinit_SRAM = .)
                0x00001000                        _HeapSize = 0x1000

.heap           0x200003bc     0x1000
                0x200003bc                        _pvHeapStart = .
                0x200013bc                        . = (. + _HeapSize)
 *fill*         0x200003bc     0x1000 
                0x200013bc                        . = ALIGN (0x4)
                0x200013bc                        _pvHeapLimit = .
                0x00001000                        _StackSize = 0x1000

.heap2stackfill
                0x200013bc     0x1000
                0x200023bc                        . = (. + _StackSize)
 *fill*         0x200013bc     0x1000 

.stack          0x2003f000        0x0
                0x2003f000                        _vStackBase = .
                0x2003f000                        . = ALIGN (0x4)
                0x20040000                        _vStackTop = (. + _StackSize)
                [!provide]                        PROVIDE (__valid_user_code_checksum = (0x0 - ((((((_vStackTop + (ResetISR + 0x1)) + (NMI_Handler + 0x1)) + (HardFault_Handler + 0x1)) + (DEFINED (MemManage_Handler)?MemManage_Handler:0x0 + 0x1)) + (DEFINED (BusFault_Handler)?BusFault_Handler:0x0 + 0x1)) + (DEFINED (UsageFault_Handler)?UsageFault_Handler:0x0 + 0x1))))
                0x00000000                        _image_start = LOADADDR (.text)
                0x000059e0                        _image_end = (LOADADDR (.data) + SIZEOF (.data))
                0x000059e0                        _image_size = (_image_end - _image_start)
OUTPUT(LPC55S69_OS.src.axf elf32-littlearm)
LOAD linker stubs

.debug_info     0x00000000    0x1c70f
 .debug_info    0x00000000     0x145a ./startup/startup_lpc55s69_cm33_core0.o
 .debug_info    0x0000145a       0x3a ./startup/svc.o
 .debug_info    0x00001494      0x261 ./source/main.o
 .debug_info    0x000016f5      0x2cf ./source/oslib.o
 .debug_info    0x000019c4       0x3c ./source/semihost_hardfault.o
 .debug_info    0x00001a00      0xfa9 ./kernel/kernel.o
 .debug_info    0x000029a9      0x31e ./kernel/list.o
 .debug_info    0x00002cc7     0x32e8 ./drivers/fsl_clock.o
 .debug_info    0x00005faf      0x2d0 ./drivers/fsl_common.o
 .debug_info    0x0000627f     0x1b02 ./drivers/fsl_flexcomm.o
 .debug_info    0x00007d81     0x1776 ./drivers/fsl_gpio.o
 .debug_info    0x000094f7     0x1e33 ./drivers/fsl_inputmux.o
 .debug_info    0x0000b32a     0x23bb ./drivers/fsl_pint.o
 .debug_info    0x0000d6e5      0xf3b ./drivers/fsl_reset.o
 .debug_info    0x0000e620     0x19e2 ./drivers/fsl_usart.o
 .debug_info    0x00010002     0x1366 ./device/system_LPC55S69_cm33_core0.o
 .debug_info    0x00011368     0x27b5 ./device/target.o
 .debug_info    0x00013b1d      0x980 ./device/vfs.o
 .debug_info    0x0001449d      0xd3c ./component/uart/fsl_adapter_usart.o
 .debug_info    0x000151d9      0x92b ./board/board.o
 .debug_info    0x00015b04     0x16e1 ./board/clock_config.o
 .debug_info    0x000171e5       0xa9 ./board/peripherals.o
 .debug_info    0x0001728e     0x1e7c ./board/pin_mux.o
 .debug_info    0x0001910a     0x3605 C:\Users\benzh\Desktop\LPC55S69-OS\LPC55S69\mcuxpresso\libpower_hardabi.a(fsl_power_lib.o)

.debug_abbrev   0x00000000     0x33c0
 .debug_abbrev  0x00000000      0x2b5 ./startup/startup_lpc55s69_cm33_core0.o
 .debug_abbrev  0x000002b5       0x26 ./startup/svc.o
 .debug_abbrev  0x000002db      0x139 ./source/main.o
 .debug_abbrev  0x00000414      0x11e ./source/oslib.o
 .debug_abbrev  0x00000532       0x31 ./source/semihost_hardfault.o
 .debug_abbrev  0x00000563      0x41d ./kernel/kernel.o
 .debug_abbrev  0x00000980      0x169 ./kernel/list.o
 .debug_abbrev  0x00000ae9      0x39b ./drivers/fsl_clock.o
 .debug_abbrev  0x00000e84      0x1c0 ./drivers/fsl_common.o
 .debug_abbrev  0x00001044      0x2fa ./drivers/fsl_flexcomm.o
 .debug_abbrev  0x0000133e      0x251 ./drivers/fsl_gpio.o
 .debug_abbrev  0x0000158f      0x1d7 ./drivers/fsl_inputmux.o
 .debug_abbrev  0x00001766      0x314 ./drivers/fsl_pint.o
 .debug_abbrev  0x00001a7a      0x175 ./drivers/fsl_reset.o
 .debug_abbrev  0x00001bef      0x33b ./drivers/fsl_usart.o
 .debug_abbrev  0x00001f2a      0x1fa ./device/system_LPC55S69_cm33_core0.o
 .debug_abbrev  0x00002124      0x3c2 ./device/target.o
 .debug_abbrev  0x000024e6      0x20a ./device/vfs.o
 .debug_abbrev  0x000026f0      0x266 ./component/uart/fsl_adapter_usart.o
 .debug_abbrev  0x00002956      0x120 ./board/board.o
 .debug_abbrev  0x00002a76      0x226 ./board/clock_config.o
 .debug_abbrev  0x00002c9c       0x61 ./board/peripherals.o
 .debug_abbrev  0x00002cfd      0x22f ./board/pin_mux.o
 .debug_abbrev  0x00002f2c      0x494 C:\Users\benzh\Desktop\LPC55S69-OS\LPC55S69\mcuxpresso\libpower_hardabi.a(fsl_power_lib.o)

.debug_loc      0x00000000     0x1c55
 .debug_loc     0x00000000      0x20d ./startup/startup_lpc55s69_cm33_core0.o
 .debug_loc     0x0000020d     0x1a48 C:\Users\benzh\Desktop\LPC55S69-OS\LPC55S69\mcuxpresso\libpower_hardabi.a(fsl_power_lib.o)

.debug_aranges  0x00000000      0xd78
 .debug_aranges
                0x00000000      0x270 ./startup/startup_lpc55s69_cm33_core0.o
 .debug_aranges
                0x00000270       0x28 ./startup/svc.o
 .debug_aranges
                0x00000298       0x30 ./source/main.o
 .debug_aranges
                0x000002c8       0x78 ./source/oslib.o
 .debug_aranges
                0x00000340       0x20 ./source/semihost_hardfault.o
 .debug_aranges
                0x00000360       0xa0 ./kernel/kernel.o
 .debug_aranges
                0x00000400       0x48 ./kernel/list.o
 .debug_aranges
                0x00000448      0x220 ./drivers/fsl_clock.o
 .debug_aranges
                0x00000668       0x38 ./drivers/fsl_common.o
 .debug_aranges
                0x000006a0       0x90 ./drivers/fsl_flexcomm.o
 .debug_aranges
                0x00000730       0x38 ./drivers/fsl_gpio.o
 .debug_aranges
                0x00000768       0x40 ./drivers/fsl_inputmux.o
 .debug_aranges
                0x000007a8      0x118 ./drivers/fsl_pint.o
 .debug_aranges
                0x000008c0       0x30 ./drivers/fsl_reset.o
 .debug_aranges
                0x000008f0       0xf8 ./drivers/fsl_usart.o
 .debug_aranges
                0x000009e8       0x88 ./device/system_LPC55S69_cm33_core0.o