Archive member included to satisfy reference by file (symbol)

C:\Users\BENZINANE\Desktop\LPC55S69_OS.src\LPC55S69\mcuxpresso\libpower_hardabi.a(fsl_power_lib.o)
                              ./drivers/fsl_clock.o (POWER_SetVoltageForFreq)
D:/MXU/MCUXpressoIDE_11.10.0_3148/ide/plugins/com.nxp.mcuxpresso.tools.win32_11.10.0.202311280810/tools/bin/../lib/gcc/arm-none-eabi/13.2.1/thumb/v8-m.main+fp/hard\libgcc.a(_aeabi_uldivmod.o)
                              ./drivers/fsl_clock.o (__aeabi_uldivmod)
D:/MXU/MCUXpressoIDE_11.10.0_3148/ide/plugins/com.nxp.mcuxpresso.tools.win32_11.10.0.202311280810/tools/bin/../lib/gcc/arm-none-eabi/13.2.1/thumb/v8-m.main+fp/hard\libgcc.a(_fixunssfdi.o)
                              ./device/system_LPC55S69_cm33_core0.o (__aeabi_f2ulz)
D:/MXU/MCUXpressoIDE_11.10.0_3148/ide/plugins/com.nxp.mcuxpresso.tools.win32_11.10.0.202311280810/tools/bin/../lib/gcc/arm-none-eabi/13.2.1/thumb/v8-m.main+fp/hard\libgcc.a(_udivmoddi4.o)
                              D:/MXU/MCUXpressoIDE_11.10.0_3148/ide/plugins/com.nxp.mcuxpresso.tools.win32_11.10.0.202311280810/tools/bin/../lib/gcc/arm-none-eabi/13.2.1/thumb/v8-m.main+fp/hard\libgcc.a(_aeabi_uldivmod.o) (__udivmoddi4)
D:/MXU/MCUXpressoIDE_11.10.0_3148/ide/plugins/com.nxp.mcuxpresso.tools.win32_11.10.0.202311280810/tools/bin/../lib/gcc/arm-none-eabi/13.2.1/thumb/v8-m.main+fp/hard\libgcc.a(_arm_muldf3.o)
                              D:/MXU/MCUXpressoIDE_11.10.0_3148/ide/plugins/com.nxp.mcuxpresso.tools.win32_11.10.0.202311280810/tools/bin/../lib/gcc/arm-none-eabi/13.2.1/thumb/v8-m.main+fp/hard\libgcc.a(_fixunssfdi.o) (__aeabi_dmul)
D:/MXU/MCUXpressoIDE_11.10.0_3148/ide/plugins/com.nxp.mcuxpresso.tools.win32_11.10.0.202311280810/tools/bin/../lib/gcc/arm-none-eabi/13.2.1/thumb/v8-m.main+fp/hard\libgcc.a(_dvmd_tls.o)
                              D:/MXU/MCUXpressoIDE_11.10.0_3148/ide/plugins/com.nxp.mcuxpresso.tools.win32_11.10.0.202311280810/tools/bin/../lib/gcc/arm-none-eabi/13.2.1/thumb/v8-m.main+fp/hard\libgcc.a(_aeabi_uldivmod.o) (__aeabi_ldiv0)
D:/MXU/MCUXpressoIDE_11.10.0_3148/ide/plugins/com.nxp.mcuxpresso.tools.win32_11.10.0.202311280810/tools/bin/../lib/gcc/arm-none-eabi/13.2.1/thumb/v8-m.main+fp/hard\libgcc.a(_arm_addsubdf3.o)
                              D:/MXU/MCUXpressoIDE_11.10.0_3148/ide/plugins/com.nxp.mcuxpresso.tools.win32_11.10.0.202311280810/tools/bin/../lib/gcc/arm-none-eabi/13.2.1/thumb/v8-m.main+fp/hard\libgcc.a(_fixunssfdi.o) (__aeabi_dsub)
D:/MXU/MCUXpressoIDE_11.10.0_3148/ide/plugins/com.nxp.mcuxpresso.tools.win32_11.10.0.202311280810/tools/bin/../lib/gcc/arm-none-eabi/13.2.1/thumb/v8-m.main+fp/hard\libgcc.a(_arm_fixunsdfsi.o)
                              D:/MXU/MCUXpressoIDE_11.10.0_3148/ide/plugins/com.nxp.mcuxpresso.tools.win32_11.10.0.202311280810/tools/bin/../lib/gcc/arm-none-eabi/13.2.1/thumb/v8-m.main+fp/hard\libgcc.a(_fixunssfdi.o) (__aeabi_d2uiz)
D:/MXU/MCUXpressoIDE_11.10.0_3148/ide/plugins/com.nxp.mcuxpresso.tools.win32_11.10.0.202311280810/tools/bin/../lib/gcc/arm-none-eabi/13.2.1/thumb/v8-m.main+fp/hard\libc_nano.a(libc_a-assert.o)
                              ./drivers/fsl_clock.o (__assert_func)
D:/MXU/MCUXpressoIDE_11.10.0_3148/ide/plugins/com.nxp.mcuxpresso.tools.win32_11.10.0.202311280810/tools/bin/../lib/gcc/arm-none-eabi/13.2.1/thumb/v8-m.main+fp/hard\libc_nano.a(libc_a-malloc.o)
                              ./kernel/kernel.o (malloc)
D:/MXU/MCUXpressoIDE_11.10.0_3148/ide/plugins/com.nxp.mcuxpresso.tools.win32_11.10.0.202311280810/tools/bin/../lib/gcc/arm-none-eabi/13.2.1/thumb/v8-m.main+fp/hard\libc_nano.a(libc_a-mallocr.o)
                              D:/MXU/MCUXpressoIDE_11.10.0_3148/ide/plugins/com.nxp.mcuxpresso.tools.win32_11.10.0.202311280810/tools/bin/../lib/gcc/arm-none-eabi/13.2.1/thumb/v8-m.main+fp/hard\libc_nano.a(libc_a-malloc.o) (_malloc_r)
D:/MXU/MCUXpressoIDE_11.10.0_3148/ide/plugins/com.nxp.mcuxpresso.tools.win32_11.10.0.202311280810/tools/bin/../lib/gcc/arm-none-eabi/13.2.1/thumb/v8-m.main+fp/hard\libc_nano.a(libc_a-mlock.o)
                              D:/MXU/MCUXpressoIDE_11.10.0_3148/ide/plugins/com.nxp.mcuxpresso.tools.win32_11.10.0.202311280810/tools/bin/../lib/gcc/arm-none-eabi/13.2.1/thumb/v8-m.main+fp/hard\libc_nano.a(libc_a-mallocr.o) (__malloc_lock)
D:/MXU/MCUXpressoIDE_11.10.0_3148/ide/plugins/com.nxp.mcuxpresso.tools.win32_11.10.0.202311280810/tools/bin/../lib/gcc/arm-none-eabi/13.2.1/thumb/v8-m.main+fp/hard\libc_nano.a(libc_a-strtoul.o)
                              ./utilities/fsl_str.o (strtoul)
D:/MXU/MCUXpressoIDE_11.10.0_3148/ide/plugins/com.nxp.mcuxpresso.tools.win32_11.10.0.202311280810/tools/bin/../lib/gcc/arm-none-eabi/13.2.1/thumb/v8-m.main+fp/hard\libc_nano.a(libc_a-ctype_.o)
                              ./device/termio.o (_ctype_)
D:/MXU/MCUXpressoIDE_11.10.0_3148/ide/plugins/com.nxp.mcuxpresso.tools.win32_11.10.0.202311280810/tools/bin/../lib/gcc/arm-none-eabi/13.2.1/thumb/v8-m.main+fp/hard\libc_nano.a(libc_a-fprintf.o)
[...]
Memory Configuration

Name             Origin             Length             Attributes
PROGRAM_FLASH    0x00000000         0x00098000         xr
SRAM             0x20000000         0x00040000         xrw
SRAM4            0x20040000         0x00004000         xrw
SRAMX            0x04000000         0x00008000         xrw
USB_RAM          0x40100000         0x00004000         xrw
*default*        0x00000000         0xffffffff

Linker script and memory map

LOAD ./utilities/fsl_debug_console.o
LOAD ./utilities/fsl_str.o
LOAD ./startup/boot_multicore_slave.o
LOAD ./startup/startup_lpc55s69_cm33_core0.o
LOAD ./startup/svc.o
LOAD ./source/main.o
LOAD ./source/oslib.o
LOAD ./source/semihost_hardfault.o
LOAD ./kernel/kernel.o
LOAD ./kernel/list.o
LOAD ./drivers/fsl_clock.o
LOAD ./drivers/fsl_common.o
LOAD ./drivers/fsl_flexcomm.o
LOAD ./drivers/fsl_gpio.o
LOAD ./drivers/fsl_i2c.o
LOAD ./drivers/fsl_inputmux.o
LOAD ./drivers/fsl_pint.o
LOAD ./drivers/fsl_reset.o
LOAD ./drivers/fsl_usart.o
LOAD ./device/system_LPC55S69_cm33_core0.o
LOAD ./device/target.o
LOAD ./device/termio.o
LOAD ./device/vfs.o
LOAD ./component/uart/fsl_adapter_usart.o
LOAD ./component/serial_manager/fsl_component_serial_manager.o
LOAD ./component/serial_manager/fsl_component_serial_port_uart.o
LOAD ./component/lists/fsl_component_generic_list.o
LOAD ./board/board.o
LOAD ./board/clock_config.o
LOAD ./board/peripherals.o
LOAD ./board/pin_mux.o
LOAD ./LPC55S69/drivers/fsl_power.o
LOAD C:\Users\BENZINANE\Desktop\LPC55S69_OS.src\LPC55S69\mcuxpresso\libpower_hardabi.a
START GROUP
LOAD D:/MXU/MCUXpressoIDE_11.10.0_3148/ide/plugins/com.nxp.mcuxpresso.tools.win32_11.10.0.202311280810/tools/bin/../lib/gcc/arm-none-eabi/13.2.1/thumb/v8-m.main+fp/hard\libgcc.a
LOAD D:/MXU/MCUXpressoIDE_11.10.0_3148/ide/plugins/com.nxp.mcuxpresso.tools.win32_11.10.0.202311280810/tools/bin/../lib/gcc/arm-none-eabi/13.2.1/thumb/v8-m.main+fp/hard\libc_nano.a
LOAD D:/MXU/MCUXpressoIDE_11.10.0_3148/ide/plugins/com.nxp.mcuxpresso.tools.win32_11.10.0.202311280810/tools/bin/../lib/gcc/arm-none-eabi/13.2.1/thumb/v8-m.main+fp/hard\libm.a
LOAD D:/MXU/MCUXpressoIDE_11.10.0_3148/ide/plugins/com.nxp.mcuxpresso.tools.win32_11.10.0.202311280810/tools/bin/../lib/gcc/arm-none-eabi/13.2.1/../../../../arm-none-eabi/lib/thumb/v8-m.main+fp/hard\libcr_newlib_semihost.a
END GROUP
                0x00000000                        __base_PROGRAM_FLASH = 0x0
                0x00000000                        __base_Flash = 0x0
                0x00098000                        __top_PROGRAM_FLASH = 0x98000
                0x00098000                        __top_Flash = 0x98000
                0x20000000                        __base_SRAM = 0x20000000
                0x20000000                        __base_RAM = 0x20000000
                0x20040000                        __top_SRAM = 0x20040000
                0x20040000                        __top_RAM = 0x20040000
                0x20040000                        __base_SRAM4 = 0x20040000
                0x20040000                        __base_RAM2 = 0x20040000
                0x20044000                        __top_SRAM4 = 0x20044000
                0x20044000                        __top_RAM2 = 0x20044000
                0x04000000                        __base_SRAMX = 0x4000000
                0x04000000                        __base_RAM3 = 0x4000000
                0x04008000                        __top_SRAMX = 0x4008000
                0x04008000                        __top_RAM3 = 0x4008000
                0x40100000                        __base_USB_RAM = 0x40100000
                0x40100000                        __base_RAM4 = 0x40100000
                0x40104000                        __top_USB_RAM = 0x40104000
                0x40104000                        __top_RAM4 = 0x40104000

.text           0x00000000     0x4320
 FILL mask 0xff
                0x00000000                        __vectors_start__ = ABSOLUTE (.)
 *(SORT_BY_ALIGNMENT(.isr_vector))
 .isr_vector    0x00000000      0x130 ./startup/startup_lpc55s69_cm33_core0.o
                0x00000000                g_pfnVectors
                0x00000000                __Vectors
                0x00000130                        . = ALIGN (0x4)
                0x00000130                        __section_table_start = .
                0x00000130                        __data_section_table = .
                0x00000130        0x4 LONG 0x4328 LOADADDR (.data)
                0x00000134        0x4 LONG 0x20000000 ADDR (.data)
                0x00000138        0x4 LONG 0x114 SIZEOF (.data)
                0x0000013c        0x4 LONG 0x4328 LOADADDR (.data_RAM2)
                0x00000140        0x4 LONG 0x20040000 ADDR (.data_RAM2)
                0x00000144        0x4 LONG 0x0 SIZEOF (.data_RAM2)
                0x00000148        0x4 LONG 0x4328 LOADADDR (.data_RAM3)
                0x0000014c        0x4 LONG 0x4000000 ADDR (.data_RAM3)
                0x00000150        0x4 LONG 0x0 SIZEOF (.data_RAM3)
                0x00000154        0x4 LONG 0x4328 LOADADDR (.data_RAM4)
                0x00000158        0x4 LONG 0x40100000 ADDR (.data_RAM4)
                0x0000015c        0x4 LONG 0x0 SIZEOF (.data_RAM4)
                0x00000160                        __data_section_table_end = .
                0x00000160                        __bss_section_table = .
                0x00000160        0x4 LONG 0x20000114 ADDR (.bss)
                0x00000164        0x4 LONG 0x260 SIZEOF (.bss)
                0x00000168        0x4 LONG 0x20040000 ADDR (.bss_RAM2)
                0x0000016c        0x4 LONG 0x0 SIZEOF (.bss_RAM2)
                0x00000170        0x4 LONG 0x4000000 ADDR (.bss_RAM3)
                0x00000174        0x4 LONG 0x0 SIZEOF (.bss_RAM3)
                0x00000178        0x4 LONG 0x40100000 ADDR (.bss_RAM4)
                0x0000017c        0x4 LONG 0x0 SIZEOF (.bss_RAM4)
                0x00000180                        __bss_section_table_end = .
                0x00000180                        __section_table_end = .
 *(SORT_BY_ALIGNMENT(.after_vectors*))
 .after_vectors.reset
                0x00000180       0x70 ./startup/startup_lpc55s69_cm33_core0.o
                0x00000180                ResetISR
 .after_vectors.init_data
                0x000001f0       0x1e ./startup/startup_lpc55s69_cm33_core0.o
                0x000001f0                data_init
 .after_vectors.init_bss
                0x0000020e       0x12 ./startup/startup_lpc55s69_cm33_core0.o
                0x0000020e                bss_init
 .after_vectors
                0x00000220       0x16 ./startup/startup_lpc55s69_cm33_core0.o
                0x00000220                NMI_Handler
                0x00000224                MemManage_Handler
                0x00000226                BusFault_Handler
                0x00000228                UsageFault_Handler
                0x0000022a                SecureFault_Handler
                0x0000022e                DebugMon_Handler
                0x00000234                Reserved56_DriverIRQHandler
                0x00000234                CTIMER2_DriverIRQHandler
                0x00000234                SEC_VIO_DriverIRQHandler
                0x00000234                IntDefaultHandler
                0x00000234                USB0_DriverIRQHandler
                0x00000234                CASER_DriverIRQHandler
                0x00000234                MRT0_DriverIRQHandler
                0x00000234                UTICK0_DriverIRQHandler
                0x00000234                Reserved41_DriverIRQHandler
                0x00000234                CTIMER4_DriverIRQHandler
                0x00000234                GINT1_DriverIRQHandler
                0x00000234                Reserved55_DriverIRQHandler
                0x00000234                HASHCRYPT_DriverIRQHandler
                0x00000234                USB0_NEEDCLK_DriverIRQHandler
                0x00000234                CTIMER0_DriverIRQHandler
                0x00000234                Reserved42_DriverIRQHandler
                0x00000234                DMA0_DriverIRQHandler
                0x00000234                PQ_DriverIRQHandler
                0x00000234                MAILBOX_DriverIRQHandler
                0x00000234                CTIMER3_DriverIRQHandler
                0x00000234                Reserved61_DriverIRQHandler
                0x00000234                PUF_DriverIRQHandler
                0x00000234                RTC_DriverIRQHandler
                0x00000234                Reserved39_DriverIRQHandler
                0x00000234                USB1_DriverIRQHandler
                0x00000234                Reserved60_DriverIRQHandler
                0x00000234                DMA1_DriverIRQHandler
                0x00000234                ADC0_DriverIRQHandler
                0x00000234                USB1_NEEDCLK_DriverIRQHandler
                0x00000234                Reserved59_DriverIRQHandler
                0x00000234                SDIO_DriverIRQHandler
                0x00000234                GINT0_DriverIRQHandler
                0x00000234                USB1_PHY_DriverIRQHandler
                0x00000234                ACMP_DriverIRQHandler
                0x00000234                Reserved57_DriverIRQHandler
                0x00000234                CTIMER1_DriverIRQHandler
                0x00000234                Reserved46_DriverIRQHandler
                0x00000234                WDT_BOD_DriverIRQHandler
                0x00000234                SCT0_DriverIRQHandler
                0x00000234                PLU_DriverIRQHandler
                0x00000234                OS_EVENT_DriverIRQHandler
                0x00000234                SEC_HYPERVISOR_CALL_DriverIRQHandler
 *(SORT_BY_ALIGNMENT(.text*))
 *fill*         0x00000236        0x2 ff
 .text.__NVIC_SetPriority
                0x00000238       0x54 ./startup/startup_lpc55s69_cm33_core0.o
 .text.PendSV_Handler
                0x0000028c       0x50 ./startup/svc.o
                0x0000028c                PendSV_Handler
 .text.leds_init
                0x000002dc       0x48 ./source/main.o
 .text.leds     0x00000324       0x64 ./source/main.o
 .text.main     0x00000388       0x2c ./source/main.o
                0x00000388                main
 .text.__NVIC_SetPriority
                0x000003b4       0x54 ./kernel/kernel.o
 .text.SysTick_Config
                0x00000408       0x44 ./kernel/kernel.o
 .text.svc_dispatch
                0x0000044c       0xf4 ./kernel/kernel.o
                0x0000044c                svc_dispatch
 .text.sys_switch_ctx
                0x00000540       0x20 ./kernel/kernel.o
                0x00000540                sys_switch_ctx
 .text.sys_tick_cb
                0x00000560       0xc0 ./kernel/kernel.o
                0x00000560                sys_tick_cb
 .text.SysTick_Handler
                0x00000620       0x28 ./kernel/kernel.o
                0x00000620                SysTick_Handler
 .text.sys_os_start
                0x00000648       0x48 ./kernel/kernel.o
                0x00000648                sys_os_start
 .text.sys_task_new
                0x00000690       0xec ./kernel/kernel.o
                0x00000690                sys_task_new
 .text.sys_task_kill
                0x0000077c       0x3c ./kernel/kernel.o
                0x0000077c                sys_task_kill
 .text.sys_task_id
                0x000007b8       0x18 ./kernel/kernel.o
                0x000007b8                sys_task_id
 .text.sys_task_wait
                0x000007d0       0x64 ./kernel/kernel.o
                0x000007d0                sys_task_wait
 .text.sys_sem_p
                0x00000834       0x74 ./kernel/kernel.o
                0x00000834                sys_sem_p
 .text.sys_sem_v
                0x000008a8       0x74 ./kernel/kernel.o
                0x000008a8                sys_sem_v
 .text.POWER_EnablePD
                0x0000091c       0x20 ./drivers/fsl_clock.o
 .text.POWER_DisablePD
                0x0000093c       0x20 ./drivers/fsl_clock.o
 .text.CLOCK_AttachClk
                0x0000095c       0x98 ./drivers/fsl_clock.o
                0x0000095c                CLOCK_AttachClk
 .text.CLOCK_SetClkDiv
                0x000009f4       0x80 ./drivers/fsl_clock.o
                0x000009f4                CLOCK_SetClkDiv
 .text.CLOCK_SetupFROClocking
                0x00000a74       0x80 ./drivers/fsl_clock.o
                0x00000a74                CLOCK_SetupFROClocking
 .text.CLOCK_SetFLASHAccessCyclesForFreq
                0x00000af4      0x148 ./drivers/fsl_clock.o
                0x00000af4                CLOCK_SetFLASHAccessCyclesForFreq
 .text.CLOCK_SetupExtClocking
                0x00000c3c       0x50 ./drivers/fsl_clock.o
                0x00000c3c                CLOCK_SetupExtClocking
 .text.CLOCK_GetFro1MFreq
                0x00000c8c       0x28 ./drivers/fsl_clock.o
                0x00000c8c                CLOCK_GetFro1MFreq
 .text.CLOCK_GetExtClkFreq
                0x00000cb4       0x2c ./drivers/fsl_clock.o
                0x00000cb4                CLOCK_GetExtClkFreq
 .text.CLOCK_GetOsc32KFreq
                0x00000ce0       0x58 ./drivers/fsl_clock.o
                0x00000ce0                CLOCK_GetOsc32KFreq
 .text.CLOCK_GetPLL0InClockRate
                0x00000d38       0x64 ./drivers/fsl_clock.o
                0x00000d38                CLOCK_GetPLL0InClockRate
 .text.CLOCK_SetPLL0Freq
                0x00000d9c      0x12c ./drivers/fsl_clock.o
                0x00000d9c                CLOCK_SetPLL0Freq
 .text.SDK_DelayAtLeastUs
                0x00000ec8       0xac ./drivers/fsl_common.o
                0x00000ec8                SDK_DelayAtLeastUs
 .text.FLEXCOMM0_DriverIRQHandler
                0x00000f74       0x44 ./drivers/fsl_flexcomm.o
                0x00000f74                FLEXCOMM0_DriverIRQHandler
 .text.FLEXCOMM1_DriverIRQHandler
                0x00000fb8       0x44 ./drivers/fsl_flexcomm.o
                0x00000fb8                FLEXCOMM1_DriverIRQHandler
 .text.FLEXCOMM2_DriverIRQHandler
                0x00000ffc       0x44 ./drivers/fsl_flexcomm.o
                0x00000ffc                FLEXCOMM2_DriverIRQHandler
 .text.FLEXCOMM3_DriverIRQHandler
                0x00001040       0x44 ./drivers/fsl_flexcomm.o
                0x00001040                FLEXCOMM3_DriverIRQHandler
 .text.FLEXCOMM4_DriverIRQHandler
                0x00001084       0x44 ./drivers/fsl_flexcomm.o
                0x00001084                FLEXCOMM4_DriverIRQHandler
 .text.FLEXCOMM5_DriverIRQHandler
                0x000010c8       0x44 ./drivers/fsl_flexcomm.o
                0x000010c8                FLEXCOMM5_DriverIRQHandler
 .text.FLEXCOMM6_DriverIRQHandler
                0x0000110c       0x44 ./drivers/fsl_flexcomm.o
                0x0000110c                FLEXCOMM6_DriverIRQHandler
 .text.FLEXCOMM7_DriverIRQHandler
                0x00001150       0x44 ./drivers/fsl_flexcomm.o
                0x00001150                FLEXCOMM7_DriverIRQHandler
 .text.FLEXCOMM8_DriverIRQHandler
                0x00001194       0x48 ./drivers/fsl_flexcomm.o
                0x00001194                FLEXCOMM8_DriverIRQHandler
 .text.GPIO_EnablePortClock
                0x000011dc       0x44 ./drivers/fsl_gpio.o
 .text.GPIO_PortInit
                0x00001220       0x2c ./drivers/fsl_gpio.o
                0x00001220                GPIO_PortInit
 .text.__NVIC_EnableIRQ
                0x0000124c       0x3c ./drivers/fsl_pint.o
 .text.__NVIC_ClearPendingIRQ
                0x00001288       0x3c ./drivers/fsl_pint.o
 .text.PINT_Init
                0x000012c4       0xe0 ./drivers/fsl_pint.o
                0x000012c4                PINT_Init
 .text.PINT_PinInterruptConfig
                0x000013a4       0xe0 ./drivers/fsl_pint.o
                0x000013a4                PINT_PinInterruptConfig
 .text.PINT_EnableCallbackByIndex
                0x00001484       0x6c ./drivers/fsl_pint.o
                0x00001484                PINT_EnableCallbackByIndex
 .text.SEC_GPIO_INT0_IRQ0_DriverIRQHandler
                0x000014f0       0x48 ./drivers/fsl_pint.o
                0x000014f0                SEC_GPIO_INT0_IRQ0_DriverIRQHandler
 .text.SEC_GPIO_INT0_IRQ1_DriverIRQHandler
                0x00001538       0x44 ./drivers/fsl_pint.o
                0x00001538                SEC_GPIO_INT0_IRQ1_DriverIRQHandler
 .text.PIN_INT0_DriverIRQHandler
                0x0000157c       0x48 ./drivers/fsl_pint.o
                0x0000157c                PIN_INT0_DriverIRQHandler
 .text.PIN_INT1_DriverIRQHandler
                0x000015c4       0x48 ./drivers/fsl_pint.o
                0x000015c4                PIN_INT1_DriverIRQHandler
 .text.PIN_INT2_DriverIRQHandler
                0x0000160c       0x48 ./drivers/fsl_pint.o
                0x0000160c                PIN_INT2_DriverIRQHandler
 .text.PIN_INT3_DriverIRQHandler
                0x00001654       0x48 ./drivers/fsl_pint.o
                0x00001654                PIN_INT3_DriverIRQHandler
 .text.PIN_INT4_DriverIRQHandler
                0x0000169c       0x48 ./drivers/fsl_pint.o
                0x0000169c                PIN_INT4_DriverIRQHandler
 .text.PIN_INT5_DriverIRQHandler
                0x000016e4       0x48 ./drivers/fsl_pint.o
                0x000016e4                PIN_INT5_DriverIRQHandler
 .text.PIN_INT6_DriverIRQHandler
                0x0000172c       0x48 ./drivers/fsl_pint.o
                0x0000172c                PIN_INT6_DriverIRQHandler
 .text.PIN_INT7_DriverIRQHandler
                0x00001774       0x48 ./drivers/fsl_pint.o
                0x00001774                PIN_INT7_DriverIRQHandler
 .text.RESET_SetPeripheralReset
                0x000017bc       0x6c ./drivers/fsl_reset.o
                0x000017bc                RESET_SetPeripheralReset
 .text.RESET_ClearPeripheralReset
                0x00001828       0x6c ./drivers/fsl_reset.o
                0x00001828                RESET_ClearPeripheralReset
 .text.SystemInit
                0x00001894       0x64 ./device/system_LPC55S69_cm33_core0.o
                0x00001894                SystemInit
 .text.__NVIC_SetPriority
                0x000018f8       0x54 ./device/target.o
 .text.dev_read_test
                0x0000194c       0x84 ./device/target.o
 .text.leds     0x000019d0       0x64 ./device/target.o
 .text.dev_init_leds
                0x00001a34       0x58 ./device/target.o
 .text.dev_init_btn
                0x00001a8c       0x5c ./device/target.o
 .text.dev_init
                0x00001ae8       0x74 ./device/target.o
                0x00001ae8                dev_init
 .text.BOARD_InitDebugConsole
                0x00001b5c       0x38 ./board/board.o
                0x00001b5c                BOARD_InitDebugConsole
 .text.POWER_DisablePD
                0x00001b94       0x20 ./board/clock_config.o
 .text.BOARD_BootClockPLL100M
                0x00001bb4       0xec ./board/clock_config.o
                0x00001bb4                BOARD_BootClockPLL100M
 .text.BOARD_InitPins
                0x00001ca0       0xd4 ./board/pin_mux.o
                0x00001ca0                BOARD_InitPins
 .text.lowpower_set_system_voltage
                0x00001d74       0xa0 C:\Users\BENZINANE\Desktop\LPC55S69_OS.src\LPC55S69\mcuxpresso\libpower_hardabi.a(fsl_power_lib.o)
 .text.lowpower_set_voltage_for_process
                0x00001e14       0x84 C:\Users\BENZINANE\Desktop\LPC55S69_OS.src\LPC55S69\mcuxpresso\libpower_hardabi.a(fsl_power_lib.o)
 .text.POWER_SetVoltageForFreq
                0x00001e98       0x84 C:\Users\BENZINANE\Desktop\LPC55S69_OS.src\LPC55S69\mcuxpresso\libpower_hardabi.a(fsl_power_lib.o)
                0x00001e98                POWER_SetVoltageForFreq
 .text          0x00001f1c       0x30 D:/MXU/MCUXpressoIDE_11.10.0_3148/ide/plugins/com.nxp.mcuxpresso.tools.win32_11.10.0.202311280810/tools/bin/../lib/gcc/arm-none-eabi/13.2.1/thumb/v8-m.main+fp/hard\libgcc.a(_aeabi_uldivmod.o)
                0x00001f1c                __aeabi_uldivmod
 .text.__udivmoddi4
                0x00001f4c      0x300 D:/MXU/MCUXpressoIDE_11.10.0_3148/ide/plugins/com.nxp.mcuxpresso.tools.win32_11.10.0.202311280810/tools/bin/../lib/gcc/arm-none-eabi/13.2.1/thumb/v8-m.main+fp/hard\libgcc.a(_udivmoddi4.o)
                0x00001f4c                __udivmoddi4
 .text          0x0000224c        0x4 D:/MXU/MCUXpressoIDE_11.10.0_3148/ide/plugins/com.nxp.mcuxpresso.tools.win32_11.10.0.202311280810/tools/bin/../lib/gcc/arm-none-eabi/13.2.1/thumb/v8-m.main+fp/hard\libgcc.a(_dvmd_tls.o)
                0x0000224c                __aeabi_idiv0
                0x0000224c                __aeabi_ldiv0
 .text.__assert_func
                0x00002250       0x3c D:/MXU/MCUXpressoIDE_11.10.0_3148/ide/plugins/com.nxp.mcuxpresso.tools.win32_11.10.0.202311280810/tools/bin/../lib/gcc/arm-none-eabi/13.2.1/thumb/v8-m.main+fp/hard\libc_nano.a(libc_a-assert.o)
                0x00002250                __assert_func
 .text.malloc   0x0000228c       0x10 D:/MXU/MCUXpressoIDE_11.10.0_3148/ide/plugins/com.nxp.mcuxpresso.tools.win32_11.10.0.202311280810/tools/bin/../lib/gcc/arm-none-eabi/13.2.1/thumb/v8-m.main+fp/hard\libc_nano.a(libc_a-malloc.o)
                0x0000228c                malloc
 .text.free     0x0000229c       0x10 D:/MXU/MCUXpressoIDE_11.10.0_3148/ide/plugins/com.nxp.mcuxpresso.tools.win32_11.10.0.202311280810/tools/bin/../lib/gcc/arm-none-eabi/13.2.1/thumb/v8-m.main+fp/hard\libc_nano.a(libc_a-malloc.o)
                0x0000229c                free
 .text.sbrk_aligned
                0x000022ac       0x44 D:/MXU/MCUXpressoIDE_11.10.0_3148/ide/plugins/com.nxp.mcuxpresso.tools.win32_11.10.0.202311280810/tools/bin/../lib/gcc/arm-none-eabi/13.2.1/thumb/v8-m.main+fp/hard\libc_nano.a(libc_a-mallocr.o)
 .text._malloc_r
                0x000022f0      0x100 D:/MXU/MCUXpressoIDE_11.10.0_3148/ide/plugins/com.nxp.mcuxpresso.tools.win32_11.10.0.202311280810/tools/bin/../lib/gcc/arm-none-eabi/13.2.1/thumb/v8-m.main+fp/hard\libc_nano.a(libc_a-mallocr.o)
                0x000022f0                _malloc_r
 .text.__malloc_lock
                0x000023f0        0xc D:/MXU/MCUXpressoIDE_11.10.0_3148/ide/plugins/com.nxp.mcuxpresso.tools.win32_11.10.0.202311280810/tools/bin/../lib/gcc/arm-none-eabi/13.2.1/thumb/v8-m.main+fp/hard\libc_nano.a(libc_a-mlock.o)
                0x000023f0                __malloc_lock
 .text.__malloc_unlock
                0x000023fc        0xc D:/MXU/MCUXpressoIDE_11.10.0_3148/ide/plugins/com.nxp.mcuxpresso.tools.win32_11.10.0.202311280810/tools/bin/../lib/gcc/arm-none-eabi/13.2.1/thumb/v8-m.main+fp/hard\libc_nano.a(libc_a-mlock.o)
                0x000023fc                __malloc_unlock
 .text.fprintf  0x00002408       0x24 D:/MXU/MCUXpressoIDE_11.10.0_3148/ide/plugins/com.nxp.mcuxpresso.tools.win32_11.10.0.202311280810/tools/bin/../lib/gcc/arm-none-eabi/13.2.1/thumb/v8-m.main+fp/hard\libc_nano.a(libc_a-fprintf.o)
                0x00002408                fiprintf
                0x00002408                fprintf
 .text._sbrk_r  0x0000242c       0x20 D:/MXU/MCUXpressoIDE_11.10.0_3148/ide/plugins/com.nxp.mcuxpresso.tools.win32_11.10.0.202311280810/tools/bin/../lib/gcc/arm-none-eabi/13.2.1/thumb/v8-m.main+fp/hard\libc_nano.a(libc_a-sbrkr.o)
                0x0000242c                _sbrk_r
 .text.__errno  0x0000244c        0xc D:/MXU/MCUXpressoIDE_11.10.0_3148/ide/plugins/com.nxp.mcuxpresso.tools.win32_11.10.0.202311280810/tools/bin/../lib/gcc/arm-none-eabi/13.2.1/thumb/v8-m.main+fp/hard\libc_nano.a(libc_a-errno.o)
                0x0000244c                __errno
 .text._free_r  0x00002458       0x94 D:/MXU/MCUXpressoIDE_11.10.0_3148/ide/plugins/com.nxp.mcuxpresso.tools.win32_11.10.0.202311280810/tools/bin/../lib/gcc/arm-none-eabi/13.2.1/thumb/v8-m.main+fp/hard\libc_nano.a(libc_a-freer.o)
                0x00002458                _free_r
 .text._vfprintf_r
                0x000024ec      0x230 D:/MXU/MCUXpressoIDE_11.10.0_3148/ide/plugins/com.nxp.mcuxpresso.tools.win32_11.10.0.202311280810/tools/bin/../lib/gcc/arm-none-eabi/13.2.1/thumb/v8-m.main+fp/hard\libc_nano.a(libc_a-nano-vfprintf.o)
                0x000024ec                _vfprintf_r
                0x000024ec                _vfiprintf_r
 .text._printf_i
                0x0000271c      0x23c D:/MXU/MCUXpressoIDE_11.10.0_3148/ide/plugins/com.nxp.mcuxpresso.tools.win32_11.10.0.202311280810/tools/bin/../lib/gcc/arm-none-eabi/13.2.1/thumb/v8-m.main+fp/hard\libc_nano.a(libc_a-nano-vfprintf_i.o)
                0x0000271c                _printf_i
 .text.std      0x00002958       0x6c D:/MXU/MCUXpressoIDE_11.10.0_3148/ide/plugins/com.nxp.mcuxpresso.tools.win32_11.10.0.202311280810/tools/bin/../lib/gcc/arm-none-eabi/13.2.1/thumb/v8-m.main+fp/hard\libc_nano.a(libc_a-findfp.o)
 .text.stdio_exit_handler
                0x000029c4       0x18 D:/MXU/MCUXpressoIDE_11.10.0_3148/ide/plugins/com.nxp.mcuxpresso.tools.win32_11.10.0.202311280810/tools/bin/../lib/gcc/arm-none-eabi/13.2.1/thumb/v8-m.main+fp/hard\libc_nano.a(libc_a-findfp.o)
 .text.cleanup_stdio
                0x000029dc       0x40 D:/MXU/MCUXpressoIDE_11.10.0_3148/ide/plugins/com.nxp.mcuxpresso.tools.win32_11.10.0.202311280810/tools/bin/../lib/gcc/arm-none-eabi/13.2.1/thumb/v8-m.main+fp/hard\libc_nano.a(libc_a-findfp.o)
 .text.global_stdio_init.part.0
                0x00002a1c       0x3c D:/MXU/MCUXpressoIDE_11.10.0_3148/ide/plugins/com.nxp.mcuxpresso.tools.win32_11.10.0.202311280810/tools/bin/../lib/gcc/arm-none-eabi/13.2.1/thumb/v8-m.main+fp/hard\libc_nano.a(libc_a-findfp.o)
 .text.__sfp_lock_acquire
                0x00002a58        0xc D:/MXU/MCUXpressoIDE_11.10.0_3148/ide/plugins/com.nxp.mcuxpresso.tools.win32_11.10.0.202311280810/tools/bin/../lib/gcc/arm-none-eabi/13.2.1/thumb/v8-m.main+fp/hard\libc_nano.a(libc_a-findfp.o)
                0x00002a58                __sfp_lock_acquire
 .text.__sfp_lock_release
                0x00002a64        0xc D:/MXU/MCUXpressoIDE_11.10.0_3148/ide/plugins/com.nxp.mcuxpresso.tools.win32_11.10.0.202311280810/tools/bin/../lib/gcc/arm-none-eabi/13.2.1/thumb/v8-m.main+fp/hard\libc_nano.a(libc_a-findfp.o)
                0x00002a64                __sfp_lock_release
 .text.__sinit  0x00002a70       0x30 D:/MXU/MCUXpressoIDE_11.10.0_3148/ide/plugins/com.nxp.mcuxpresso.tools.win32_11.10.0.202311280810/tools/bin/../lib/gcc/arm-none-eabi/13.2.1/thumb/v8-m.main+fp/hard\libc_nano.a(libc_a-findfp.o)
                0x00002a70                __sinit
 .text.__swsetup_r
                0x00002aa0       0xac D:/MXU/MCUXpressoIDE_11.10.0_3148/ide/plugins/com.nxp.mcuxpresso.tools.win32_11.10.0.202311280810/tools/bin/../lib/gcc/arm-none-eabi/13.2.1/thumb/v8-m.main+fp/hard\libc_nano.a(libc_a-wsetup.o)
                0x00002aa0                __swsetup_r
 .text.raise    0x00002b4c       0x10 D:/MXU/MCUXpressoIDE_11.10.0_3148/ide/plugins/com.nxp.mcuxpresso.tools.win32_11.10.0.202311280810/tools/bin/../lib/gcc/arm-none-eabi/13.2.1/thumb/v8-m.main+fp/hard\libc_nano.a(libc_a-signal.o)
                0x00002b4c                raise
 .text._close_r
                0x00002b5c       0x20 D:/MXU/MCUXpressoIDE_11.10.0_3148/ide/plugins/com.nxp.mcuxpresso.tools.win32_11.10.0.202311280810/tools/bin/../lib/gcc/arm-none-eabi/13.2.1/thumb/v8-m.main+fp/hard\libc_nano.a(libc_a-closer.o)
                0x00002b5c                _close_r
 .text._lseek_r
                0x00002b7c       0x24 D:/MXU/MCUXpressoIDE_11.10.0_3148/ide/plugins/com.nxp.mcuxpresso.tools.win32_11.10.0.202311280810/tools/bin/../lib/gcc/arm-none-eabi/13.2.1/thumb/v8-m.main+fp/hard\libc_nano.a(libc_a-lseekr.o)
                0x00002b7c                _lseek_r
 .text._read_r  0x00002ba0       0x24 D:/MXU/MCUXpressoIDE_11.10.0_3148/ide/plugins/com.nxp.mcuxpresso.tools.win32_11.10.0.202311280810/tools/bin/../lib/gcc/arm-none-eabi/13.2.1/thumb/v8-m.main+fp/hard\libc_nano.a(libc_a-readr.o)
                0x00002ba0                _read_r
 .text._kill_r  0x00002bc4       0x24 D:/MXU/MCUXpressoIDE_11.10.0_3148/ide/plugins/com.nxp.mcuxpresso.tools.win32_11.10.0.202311280810/tools/bin/../lib/gcc/arm-none-eabi/13.2.1/thumb/v8-m.main+fp/hard\libc_nano.a(libc_a-signalr.o)
                0x00002bc4                _kill_r
 .text._write_r
                0x00002be8       0x24 D:/MXU/MCUXpressoIDE_11.10.0_3148/ide/plugins/com.nxp.mcuxpresso.tools.win32_11.10.0.202311280810/tools/bin/../lib/gcc/arm-none-eabi/13.2.1/thumb/v8-m.main+fp/hard\libc_nano.a(libc_a-writer.o)
                0x00002be8                _write_r
 .text.__sflush_r
                0x00002c0c      0x108 D:/MXU/MCUXpressoIDE_11.10.0_3148/ide/plugins/com.nxp.mcuxpresso.tools.win32_11.10.0.202311280810/tools/bin/../lib/gcc/arm-none-eabi/13.2.1/thumb/v8-m.main+fp/hard\libc_nano.a(libc_a-fflush.o)
                0x00002c0c                __sflush_r
 .text._fstat_r
                0x00002d14       0x24 D:/MXU/MCUXpressoIDE_11.10.0_3148/ide/plugins/com.nxp.mcuxpresso.tools.win32_11.10.0.202311280810/tools/bin/../lib/gcc/arm-none-eabi/13.2.1/thumb/v8-m.main+fp/hard\libc_nano.a(libc_a-fstatr.o)
                0x00002d14                _fstat_r
 .text._isatty_r
                0x00002d38       0x20 D:/MXU/MCUXpressoIDE_11.10.0_3148/ide/plugins/com.nxp.mcuxpresso.tools.win32_11.10.0.202311280810/tools/bin/../lib/gcc/arm-none-eabi/13.2.1/thumb/v8-m.main+fp/hard\libc_nano.a(libc_a-isattyr.o)
                0x00002d38                _isatty_r
 .text._sbrk    0x00002d58       0x3c D:/MXU/MCUXpressoIDE_11.10.0_3148/ide/plugins/com.nxp.mcuxpresso.tools.win32_11.10.0.202311280810/tools/bin/../lib/gcc/arm-none-eabi/13.2.1/../../../../arm-none-eabi/lib/thumb/v8-m.main+fp/hard\libcr_newlib_semihost.a(_cr_sbrk.o)
                0x00002d58                _sbrk
 .text._kill    0x00002d94       0x20 D:/MXU/MCUXpressoIDE_11.10.0_3148/ide/plugins/com.nxp.mcuxpresso.tools.win32_11.10.0.202311280810/tools/bin/../lib/gcc/arm-none-eabi/13.2.1/../../../../arm-none-eabi/lib/thumb/v8-m.main+fp/hard\libcr_newlib_semihost.a(_kill.o)
                0x00002d94                _kill
 .text.initialise_monitor_handles.part.0
                0x00002db4       0xa4 D:/MXU/MCUXpressoIDE_11.10.0_3148/ide/plugins/com.nxp.mcuxpresso.tools.win32_11.10.0.202311280810/tools/bin/../lib/gcc/arm-none-eabi/13.2.1/../../../../arm-none-eabi/lib/thumb/v8-m.main+fp/hard\libcr_newlib_semihost.a(syscalls.o)
 .text.findslot
                0x00002e58       0x30 D:/MXU/MCUXpressoIDE_11.10.0_3148/ide/plugins/com.nxp.mcuxpresso.tools.win32_11.10.0.202311280810/tools/bin/../lib/gcc/arm-none-eabi/13.2.1/../../../../arm-none-eabi/lib/thumb/v8-m.main+fp/hard\libcr_newlib_semihost.a(syscalls.o)
 .text._close   0x00002e88       0x4c D:/MXU/MCUXpressoIDE_11.10.0_3148/ide/plugins/com.nxp.mcuxpresso.tools.win32_11.10.0.202311280810/tools/bin/../lib/gcc/arm-none-eabi/13.2.1/../../../../arm-none-eabi/lib/thumb/v8-m.main+fp/hard\libcr_newlib_semihost.a(syscalls.o)
                0x00002e88                _close
 .text.__check_heap_overflow
                0x00002ed4       0x18 D:/MXU/MCUXpressoIDE_11.10.0_3148/ide/plugins/com.nxp.mcuxpresso.tools.win32_11.10.0.202311280810/tools/bin/../lib/gcc/arm-none-eabi/13.2.1/../../../../arm-none-eabi/lib/thumb/v8-m.main+fp/hard\libcr_newlib_semihost.a(_cr_check_heap.o)
                0x00002ed4                __check_heap_overflow
 .text.WDT_BOD_IRQHandler
                0x00002eec        0x8 ./startup/startup_lpc55s69_cm33_core0.o
                0x00002eec                WDT_BOD_IRQHandler
 .text.DMA0_IRQHandler
                0x00002ef4        0x8 ./startup/startup_lpc55s69_cm33_core0.o
                0x00002ef4                DMA0_IRQHandler
 .text.GINT0_IRQHandler
                0x00002efc        0x8 ./startup/startup_lpc55s69_cm33_core0.o
                0x00002efc                GINT0_IRQHandler
 .text.GINT1_IRQHandler
                0x00002f04        0x8 ./startup/startup_lpc55s69_cm33_core0.o
                0x00002f04                GINT1_IRQHandler
 .text.PIN_INT0_IRQHandler
                0x00002f0c        0x8 ./startup/startup_lpc55s69_cm33_core0.o
                0x00002f0c                PIN_INT0_IRQHandler
 .text.PIN_INT1_IRQHandler
                0x00002f14        0x8 ./startup/startup_lpc55s69_cm33_core0.o
                0x00002f14                PIN_INT1_IRQHandler
 .text.PIN_INT2_IRQHandler
                0x00002f1c        0x8 ./startup/startup_lpc55s69_cm33_core0.o
                0x00002f1c                PIN_INT2_IRQHandler
 .text.PIN_INT3_IRQHandler
                0x00002f24        0x8 ./startup/startup_lpc55s69_cm33_core0.o
                0x00002f24                PIN_INT3_IRQHandler
 .text.UTICK0_IRQHandler
                0x00002f2c        0x8 ./startup/startup_lpc55s69_cm33_core0.o
                0x00002f2c                UTICK0_IRQHandler
 .text.MRT0_IRQHandler
                0x00002f34        0x8 ./startup/startup_lpc55s69_cm33_core0.o
                0x00002f34                MRT0_IRQHandler
 .text.CTIMER0_IRQHandler
                0x00002f3c        0x8 ./startup/startup_lpc55s69_cm33_core0.o
                0x00002f3c                CTIMER0_IRQHandler
 .text.CTIMER1_IRQHandler
                0x00002f44        0x8 ./startup/startup_lpc55s69_cm33_core0.o
                0x00002f44                CTIMER1_IRQHandler
 .text.SCT0_IRQHandler
                0x00002f4c        0x8 ./startup/startup_lpc55s69_cm33_core0.o
                0x00002f4c                SCT0_IRQHandler
 .text.CTIMER3_IRQHandler
                0x00002f54        0x8 ./startup/startup_lpc55s69_cm33_core0.o
                0x00002f54                CTIMER3_IRQHandler
 .text.FLEXCOMM0_IRQHandler
                0x00002f5c        0x8 ./startup/startup_lpc55s69_cm33_core0.o
                0x00002f5c                FLEXCOMM0_IRQHandler
 .text.FLEXCOMM1_IRQHandler
                0x00002f64        0x8 ./startup/startup_lpc55s69_cm33_core0.o
                0x00002f64                FLEXCOMM1_IRQHandler
 .text.FLEXCOMM2_IRQHandler
                0x00002f6c        0x8 ./startup/startup_lpc55s69_cm33_core0.o
                0x00002f6c                FLEXCOMM2_IRQHandler
 .text.FLEXCOMM3_IRQHandler
                0x00002f74        0x8 ./startup/startup_lpc55s69_cm33_core0.o
                0x00002f74                FLEXCOMM3_IRQHandler
 .text.FLEXCOMM4_IRQHandler
                0x00002f7c        0x8 ./startup/startup_lpc55s69_cm33_core0.o
                0x00002f7c                FLEXCOMM4_IRQHandler
 .text.FLEXCOMM5_IRQHandler
                0x00002f84        0x8 ./startup/startup_lpc55s69_cm33_core0.o
                0x00002f84                FLEXCOMM5_IRQHandler
 .text.FLEXCOMM6_IRQHandler
                0x00002f8c        0x8 ./startup/startup_lpc55s69_cm33_core0.o
                0x00002f8c                FLEXCOMM6_IRQHandler
 .text.FLEXCOMM7_IRQHandler
                0x00002f94        0x8 ./startup/startup_lpc55s69_cm33_core0.o
                0x00002f94                FLEXCOMM7_IRQHandler
 .text.ADC0_IRQHandler
                0x00002f9c        0x8 ./startup/startup_lpc55s69_cm33_core0.o
                0x00002f9c                ADC0_IRQHandler
 .text.Reserved39_IRQHandler
                0x00002fa4        0x8 ./startup/startup_lpc55s69_cm33_core0.o
                0x00002fa4                Reserved39_IRQHandler
 .text.ACMP_IRQHandler
                0x00002fac        0x8 ./startup/startup_lpc55s69_cm33_core0.o
                0x00002fac                ACMP_IRQHandler
 .text.Reserved41_IRQHandler
                0x00002fb4        0x8 ./startup/startup_lpc55s69_cm33_core0.o
                0x00002fb4                Reserved41_IRQHandler
 .text.Reserved42_IRQHandler
                0x00002fbc        0x8 ./startup/startup_lpc55s69_cm33_core0.o
                0x00002fbc                Reserved42_IRQHandler
 .text.USB0_NEEDCLK_IRQHandler
                0x00002fc4        0x8 ./startup/startup_lpc55s69_cm33_core0.o
                0x00002fc4                USB0_NEEDCLK_IRQHandler
 .text.USB0_IRQHandler
                0x00002fcc        0x8 ./startup/startup_lpc55s69_cm33_core0.o
                0x00002fcc                USB0_IRQHandler
 .text.RTC_IRQHandler
                0x00002fd4        0x8 ./startup/startup_lpc55s69_cm33_core0.o
                0x00002fd4                RTC_IRQHandler
 .text.Reserved46_IRQHandler
                0x00002fdc        0x8 ./startup/startup_lpc55s69_cm33_core0.o
                0x00002fdc                Reserved46_IRQHandler
 .text.MAILBOX_IRQHandler
                0x00002fe4        0x8 ./startup/startup_lpc55s69_cm33_core0.o
                0x00002fe4                MAILBOX_IRQHandler
 .text.PIN_INT4_IRQHandler
                0x00002fec        0x8 ./startup/startup_lpc55s69_cm33_core0.o
                0x00002fec                PIN_INT4_IRQHandler
 .text.PIN_INT5_IRQHandler
                0x00002ff4        0x8 ./startup/startup_lpc55s69_cm33_core0.o
                0x00002ff4                PIN_INT5_IRQHandler
 .text.PIN_INT6_IRQHandler
                0x00002ffc        0x8 ./startup/startup_lpc55s69_cm33_core0.o
                0x00002ffc                PIN_INT6_IRQHandler
 .text.PIN_INT7_IRQHandler
                0x00003004        0x8 ./startup/startup_lpc55s69_cm33_core0.o
                0x00003004                PIN_INT7_IRQHandler
 .text.CTIMER2_IRQHandler
                0x0000300c        0x8 ./startup/startup_lpc55s69_cm33_core0.o
                0x0000300c                CTIMER2_IRQHandler
 .text.CTIMER4_IRQHandler
                0x00003014        0x8 ./startup/startup_lpc55s69_cm33_core0.o
                0x00003014                CTIMER4_IRQHandler
 .text.OS_EVENT_IRQHandler
                0x0000301c        0x8 ./startup/startup_lpc55s69_cm33_core0.o
                0x0000301c                OS_EVENT_IRQHandler
 .text.Reserved55_IRQHandler
                0x00003024        0x8 ./startup/startup_lpc55s69_cm33_core0.o
                0x00003024                Reserved55_IRQHandler
 .text.Reserved56_IRQHandler
                0x0000302c        0x8 ./startup/startup_lpc55s69_cm33_core0.o
                0x0000302c                Reserved56_IRQHandler
 .text.Reserved57_IRQHandler
                0x00003034        0x8 ./startup/startup_lpc55s69_cm33_core0.o
                0x00003034                Reserved57_IRQHandler
 .text.SDIO_IRQHandler
                0x0000303c        0x8 ./startup/startup_lpc55s69_cm33_core0.o
                0x0000303c                SDIO_IRQHandler
 .text.Reserved59_IRQHandler
                0x00003044        0x8 ./startup/startup_lpc55s69_cm33_core0.o
                0x00003044                Reserved59_IRQHandler
 .text.Reserved60_IRQHandler
                0x0000304c        0x8 ./startup/startup_lpc55s69_cm33_core0.o
                0x0000304c                Reserved60_IRQHandler
 .text.Reserved61_IRQHandler
                0x00003054        0x8 ./startup/startup_lpc55s69_cm33_core0.o
                0x00003054                Reserved61_IRQHandler
 .text.USB1_PHY_IRQHandler
                0x0000305c        0x8 ./startup/startup_lpc55s69_cm33_core0.o
                0x0000305c                USB1_PHY_IRQHandler
 .text.USB1_IRQHandler
                0x00003064        0x8 ./startup/startup_lpc55s69_cm33_core0.o
                0x00003064                USB1_IRQHandler
 .text.USB1_NEEDCLK_IRQHandler
                0x0000306c        0x8 ./startup/startup_lpc55s69_cm33_core0.o
                0x0000306c                USB1_NEEDCLK_IRQHandler
 .text.SEC_HYPERVISOR_CALL_IRQHandler
                0x00003074        0x8 ./startup/startup_lpc55s69_cm33_core0.o
                0x00003074                SEC_HYPERVISOR_CALL_IRQHandler
 .text.SEC_GPIO_INT0_IRQ0_IRQHandler
                0x0000307c        0x8 ./startup/startup_lpc55s69_cm33_core0.o
                0x0000307c                SEC_GPIO_INT0_IRQ0_IRQHandler
 .text.SEC_GPIO_INT0_IRQ1_IRQHandler
                0x00003084        0x8 ./startup/startup_lpc55s69_cm33_core0.o
                0x00003084                SEC_GPIO_INT0_IRQ1_IRQHandler
 .text.PLU_IRQHandler
                0x0000308c        0x8 ./startup/startup_lpc55s69_cm33_core0.o
                0x0000308c                PLU_IRQHandler
 .text.SEC_VIO_IRQHandler
                0x00003094        0x8 ./startup/startup_lpc55s69_cm33_core0.o
                0x00003094                SEC_VIO_IRQHandler
 .text.HASHCRYPT_IRQHandler
                0x0000309c        0x8 ./startup/startup_lpc55s69_cm33_core0.o
                0x0000309c                HASHCRYPT_IRQHandler
 .text.CASER_IRQHandler
                0x000030a4        0x8 ./startup/startup_lpc55s69_cm33_core0.o
                0x000030a4                CASER_IRQHandler
 .text.PUF_IRQHandler
                0x000030ac        0x8 ./startup/startup_lpc55s69_cm33_core0.o
                0x000030ac                PUF_IRQHandler
 .text.PQ_IRQHandler
                0x000030b4        0x8 ./startup/startup_lpc55s69_cm33_core0.o
                0x000030b4                PQ_IRQHandler
 .text.DMA1_IRQHandler
                0x000030bc        0x8 ./startup/startup_lpc55s69_cm33_core0.o
                0x000030bc                DMA1_IRQHandler
 .text.FLEXCOMM8_IRQHandler
                0x000030c4        0x8 ./startup/startup_lpc55s69_cm33_core0.o
                0x000030c4                FLEXCOMM8_IRQHandler
 .text.SVC_Handler
                0x000030cc       0x24 ./startup/svc.o
                0x000030cc                SVC_Handler
 .text.GPIO_PinWrite
                0x000030f0       0x2a ./source/main.o
 .text.tache1   0x0000311a       0x2c ./source/main.o
                0x0000311a                tache1
 .text.tache2   0x00003146        0x8 ./source/main.o
                0x00003146                tache2
 .text.os_start
                0x0000314e       0x10 ./source/oslib.o
                0x0000314e                os_start
 .text.task_new
                0x0000315e       0x1e ./source/oslib.o
                0x0000315e                task_new
 .text.task_kill
                0x0000317c       0x10 ./source/oslib.o
                0x0000317c                task_kill
 .text.task_wait
                0x0000318c       0x14 ./source/oslib.o
                0x0000318c                task_wait
 .text.sem_new  0x000031a0       0x1c ./source/oslib.o
                0x000031a0                sem_new
 .text.sem_p    0x000031bc       0x16 ./source/oslib.o
                0x000031bc                sem_p
 .text.sem_v    0x000031d2       0x16 ./source/oslib.o
                0x000031d2                sem_v
 .text.HardFault_Handler
                0x000031e8       0x2c ./source/semihost_hardfault.o
                0x000031e8                HardFault_Handler
 .text.sys_add  0x00003214       0x1c ./kernel/kernel.o
                0x00003214                sys_add
 .text.sys_sem_new
                0x00003230       0x28 ./kernel/kernel.o
                0x00003230                sys_sem_new
 .text.list_insert_head
                0x00003258       0x48 ./kernel/list.o
                0x00003258                list_insert_head
 .text.list_remove_head
                0x000032a0       0x58 ./kernel/list.o
                0x000032a0                list_remove_head
 .text.list_insert_tail
                0x000032f8       0x4a ./kernel/list.o
                0x000032f8                list_insert_tail
 .text.list_size
                0x00003342       0x40 ./kernel/list.o
                0x00003342                list_size
 .text.CLOCK_IsPLL0Locked
                0x00003382       0x24 ./drivers/fsl_clock.o
 .text.findPll0PreDiv
                0x000033a6       0x3e ./drivers/fsl_clock.o
 .text.DelayLoop
                0x000033e4       0x20 ./drivers/fsl_common.o
 .text.CLOCK_EnableClock
                0x00003404       0x30 ./drivers/fsl_gpio.o
 .text.GPIO_PinInit
                0x00003434       0xa4 ./drivers/fsl_gpio.o
                0x00003434                GPIO_PinInit
 .text.CLOCK_EnableClock
                0x000034d8       0x30 ./drivers/fsl_inputmux.o
 .text.CLOCK_DisableClock
                0x00003508       0x30 ./drivers/fsl_inputmux.o
 .text.INPUTMUX_Init
                0x00003538       0x16 ./drivers/fsl_inputmux.o
                0x00003538                INPUTMUX_Init
 .text.INPUTMUX_AttachSignal
                0x0000354e       0x38 ./drivers/fsl_inputmux.o
                0x0000354e                INPUTMUX_AttachSignal
 .text.INPUTMUX_Deinit
                0x00003586       0x16 ./drivers/fsl_inputmux.o
                0x00003586                INPUTMUX_Deinit
 .text.CLOCK_EnableClock
                0x0000359c       0x30 ./drivers/fsl_pint.o
 .text.EnableIRQ
                0x000035cc       0x32 ./drivers/fsl_pint.o
 .text.PINT_PinInterruptClrFallFlag
                0x000035fe       0x22 ./drivers/fsl_pint.o
 .text.PINT_PinInterruptClrRiseFlag
                0x00003620       0x22 ./drivers/fsl_pint.o
 .text.PINT_PatternMatchResetDetectLogic
                0x00003642       0x34 ./drivers/fsl_pint.o
                0x00003642                PINT_PatternMatchResetDetectLogic
 .text.PINT_PinInterruptClrStatus
                0x00003676       0x4e ./drivers/fsl_pint.o
                0x00003676                PINT_PinInterruptClrStatus
 .text.RESET_PeripheralReset
                0x000036c4       0x1c ./drivers/fsl_reset.o
                0x000036c4                RESET_PeripheralReset
 .text.SystemInitHook
                0x000036e0        0xe ./device/system_LPC55S69_cm33_core0.o
                0x000036e0                SystemInitHook
 .text.GPIO_PinWrite
                0x000036ee       0x2a ./device/target.o
 .text.dev_init_test
                0x00003718       0x2a ./device/target.o
 .text.dev_open_test
                0x00003742       0x50 ./device/target.o
 .text.dev_close_test
                0x00003792       0x34 ./device/target.o
 .text.on_swuser_cb
                0x000037c6       0x18 ./device/target.o
 .text.DbgConsole_Init
                0x000037de       0x20 ./board/board.o
 .text.BOARD_InitBootClocks
                0x000037fe        0xc ./board/clock_config.o
                0x000037fe                BOARD_InitBootClocks
 .text.BOARD_InitPeripherals
                0x0000380a        0xe ./board/peripherals.o
                0x0000380a                BOARD_InitPeripherals
 .text.BOARD_InitBootPeripherals
                0x00003818        0xc ./board/peripherals.o
                0x00003818                BOARD_InitBootPeripherals
 .text.Chip_GetVersion
                0x00003824       0x36 ./board/pin_mux.o
 .text.CLOCK_EnableClock
                0x0000385a       0x30 ./board/pin_mux.o
 .text.IOCON_PinMuxSet
                0x0000388a       0x2e ./board/pin_mux.o
 .text.BOARD_InitBootPins
                0x000038b8        0xc ./board/pin_mux.o
                0x000038b8                BOARD_InitBootPins
 .text.memset   0x000038c4       0x10 D:/MXU/MCUXpressoIDE_11.10.0_3148/ide/plugins/com.nxp.mcuxpresso.tools.win32_11.10.0.202311280810/tools/bin/../lib/gcc/arm-none-eabi/13.2.1/thumb/v8-m.main+fp/hard\libc_nano.a(libc_a-memset.o)
                0x000038c4                memset
 .text.__retarget_lock_init_recursive
                0x000038d4        0x2 D:/MXU/MCUXpressoIDE_11.10.0_3148/ide/plugins/com.nxp.mcuxpresso.tools.win32_11.10.0.202311280810/tools/bin/../lib/gcc/arm-none-eabi/13.2.1/thumb/v8-m.main+fp/hard\libc_nano.a(libc_a-lock.o)
                0x000038d4                __retarget_lock_init_recursive
 .text.__retarget_lock_acquire_recursive
                0x000038d6        0x2 D:/MXU/MCUXpressoIDE_11.10.0_3148/ide/plugins/com.nxp.mcuxpresso.tools.win32_11.10.0.202311280810/tools/bin/../lib/gcc/arm-none-eabi/13.2.1/thumb/v8-m.main+fp/hard\libc_nano.a(libc_a-lock.o)
                0x000038d6                __retarget_lock_acquire_recursive
 .text.__retarget_lock_release_recursive
                0x000038d8        0x2 D:/MXU/MCUXpressoIDE_11.10.0_3148/ide/plugins/com.nxp.mcuxpresso.tools.win32_11.10.0.202311280810/tools/bin/../lib/gcc/arm-none-eabi/13.2.1/thumb/v8-m.main+fp/hard\libc_nano.a(libc_a-lock.o)
                0x000038d8                __retarget_lock_release_recursive
 .text.memcpy   0x000038da       0x1a D:/MXU/MCUXpressoIDE_11.10.0_3148/ide/plugins/com.nxp.mcuxpresso.tools.win32_11.10.0.202311280810/tools/bin/../lib/gcc/arm-none-eabi/13.2.1/thumb/v8-m.main+fp/hard\libc_nano.a(libc_a-memcpy-stub.o)
                0x000038da                memcpy
 .text          0x000038f4       0x10 D:/MXU/MCUXpressoIDE_11.10.0_3148/ide/plugins/com.nxp.mcuxpresso.tools.win32_11.10.0.202311280810/tools/bin/../lib/gcc/arm-none-eabi/13.2.1/thumb/v8-m.main+fp/hard\libc_nano.a(libc_a-strlen.o)
                0x000038f4                strlen
 .text.abort    0x00003904        0xe D:/MXU/MCUXpressoIDE_11.10.0_3148/ide/plugins/com.nxp.mcuxpresso.tools.win32_11.10.0.202311280810/tools/bin/../lib/gcc/arm-none-eabi/13.2.1/thumb/v8-m.main+fp/hard\libc_nano.a(libc_a-abort.o)
                0x00003904                abort
 .text.__sfputc_r
                0x00003912       0x2e D:/MXU/MCUXpressoIDE_11.10.0_3148/ide/plugins/com.nxp.mcuxpresso.tools.win32_11.10.0.202311280810/tools/bin/../lib/gcc/arm-none-eabi/13.2.1/thumb/v8-m.main+fp/hard\libc_nano.a(libc_a-nano-vfprintf.o)
 .text.__sfputs_r
                0x00003940       0x24 D:/MXU/MCUXpressoIDE_11.10.0_3148/ide/plugins/com.nxp.mcuxpresso.tools.win32_11.10.0.202311280810/tools/bin/../lib/gcc/arm-none-eabi/13.2.1/thumb/v8-m.main+fp/hard\libc_nano.a(libc_a-nano-vfprintf.o)
                0x00003940                __sfputs_r
 .text._printf_common
                0x00003964       0xe4 D:/MXU/MCUXpressoIDE_11.10.0_3148/ide/plugins/com.nxp.mcuxpresso.tools.win32_11.10.0.202311280810/tools/bin/../lib/gcc/arm-none-eabi/13.2.1/thumb/v8-m.main+fp/hard\libc_nano.a(libc_a-nano-vfprintf_i.o)
                0x00003964                _printf_common
 .text._fwalk_sglue
                0x00003a48       0x3c D:/MXU/MCUXpressoIDE_11.10.0_3148/ide/plugins/com.nxp.mcuxpresso.tools.win32_11.10.0.202311280810/tools/bin/../lib/gcc/arm-none-eabi/13.2.1/thumb/v8-m.main+fp/hard\libc_nano.a(libc_a-fwalk.o)
                0x00003a48                _fwalk_sglue
 .text.__sread  0x00003a84       0x22 D:/MXU/MCUXpressoIDE_11.10.0_3148/ide/plugins/com.nxp.mcuxpresso.tools.win32_11.10.0.202311280810/tools/bin/../lib/gcc/arm-none-eabi/13.2.1/thumb/v8-m.main+fp/hard\libc_nano.a(libc_a-stdio.o)
                0x00003a84                __sread
 .text.__swrite
                0x00003aa6       0x38 D:/MXU/MCUXpressoIDE_11.10.0_3148/ide/plugins/com.nxp.mcuxpresso.tools.win32_11.10.0.202311280810/tools/bin/../lib/gcc/arm-none-eabi/13.2.1/thumb/v8-m.main+fp/hard\libc_nano.a(libc_a-stdio.o)
                0x00003aa6                __swrite
 .text.__sseek  0x00003ade       0x24 D:/MXU/MCUXpressoIDE_11.10.0_3148/ide/plugins/com.nxp.mcuxpresso.tools.win32_11.10.0.202311280810/tools/bin/../lib/gcc/arm-none-eabi/13.2.1/thumb/v8-m.main+fp/hard\libc_nano.a(libc_a-stdio.o)
                0x00003ade                __sseek
 .text.__sclose
                0x00003b02        0x8 D:/MXU/MCUXpressoIDE_11.10.0_3148/ide/plugins/com.nxp.mcuxpresso.tools.win32_11.10.0.202311280810/tools/bin/../lib/gcc/arm-none-eabi/13.2.1/thumb/v8-m.main+fp/hard\libc_nano.a(libc_a-stdio.o)
                0x00003b02                __sclose
 .text.__swbuf_r
                0x00003b0a       0x7c D:/MXU/MCUXpressoIDE_11.10.0_3148/ide/plugins/com.nxp.mcuxpresso.tools.win32_11.10.0.202311280810/tools/bin/../lib/gcc/arm-none-eabi/13.2.1/thumb/v8-m.main+fp/hard\libc_nano.a(libc_a-wbuf.o)
                0x00003b0a                __swbuf_r
 .text._raise_r
                0x00003b86       0x50 D:/MXU/MCUXpressoIDE_11.10.0_3148/ide/plugins/com.nxp.mcuxpresso.tools.win32_11.10.0.202311280810/tools/bin/../lib/gcc/arm-none-eabi/13.2.1/thumb/v8-m.main+fp/hard\libc_nano.a(libc_a-signal.o)
                0x00003b86                _raise_r
 .text._getpid_r
                0x00003bd6        0x4 D:/MXU/MCUXpressoIDE_11.10.0_3148/ide/plugins/com.nxp.mcuxpresso.tools.win32_11.10.0.202311280810/tools/bin/../lib/gcc/arm-none-eabi/13.2.1/thumb/v8-m.main+fp/hard\libc_nano.a(libc_a-signalr.o)
                0x00003bd6                _getpid_r
 .text.memchr   0x00003bda       0x1c D:/MXU/MCUXpressoIDE_11.10.0_3148/ide/plugins/com.nxp.mcuxpresso.tools.win32_11.10.0.202311280810/tools/bin/../lib/gcc/arm-none-eabi/13.2.1/thumb/v8-m.main+fp/hard\libc_nano.a(libc_a-memchr-stub.o)
                0x00003bda                memchr
 .text._fflush_r
                0x00003bf6       0x50 D:/MXU/MCUXpressoIDE_11.10.0_3148/ide/plugins/com.nxp.mcuxpresso.tools.win32_11.10.0.202311280810/tools/bin/../lib/gcc/arm-none-eabi/13.2.1/thumb/v8-m.main+fp/hard\libc_nano.a(libc_a-fflush.o)
                0x00003bf6                _fflush_r
 .text.__swhatbuf_r
                0x00003c46       0x4a D:/MXU/MCUXpressoIDE_11.10.0_3148/ide/plugins/com.nxp.mcuxpresso.tools.win32_11.10.0.202311280810/tools/bin/../lib/gcc/arm-none-eabi/13.2.1/thumb/v8-m.main+fp/hard\libc_nano.a(libc_a-makebuf.o)
                0x00003c46                __swhatbuf_r
 .text.__smakebuf_r
                0x00003c90       0x78 D:/MXU/MCUXpressoIDE_11.10.0_3148/ide/plugins/com.nxp.mcuxpresso.tools.win32_11.10.0.202311280810/tools/bin/../lib/gcc/arm-none-eabi/13.2.1/thumb/v8-m.main+fp/hard\libc_nano.a(libc_a-makebuf.o)
                0x00003c90                __smakebuf_r
 .text._exit    0x00003d08        0x8 D:/MXU/MCUXpressoIDE_11.10.0_3148/ide/plugins/com.nxp.mcuxpresso.tools.win32_11.10.0.202311280810/tools/bin/../lib/gcc/arm-none-eabi/13.2.1/../../../../arm-none-eabi/lib/thumb/v8-m.main+fp/hard\libcr_newlib_semihost.a(_exit.o)
                0x00003d08                _exit
 .text.error    0x00003d10       0x1c D:/MXU/MCUXpressoIDE_11.10.0_3148/ide/plugins/com.nxp.mcuxpresso.tools.win32_11.10.0.202311280810/tools/bin/../lib/gcc/arm-none-eabi/13.2.1/../../../../arm-none-eabi/lib/thumb/v8-m.main+fp/hard\libcr_newlib_semihost.a(syscalls.o)
 .text.checkerror
                0x00003d2c        0xa D:/MXU/MCUXpressoIDE_11.10.0_3148/ide/plugins/com.nxp.mcuxpresso.tools.win32_11.10.0.202311280810/tools/bin/../lib/gcc/arm-none-eabi/13.2.1/../../../../arm-none-eabi/lib/thumb/v8-m.main+fp/hard\libcr_newlib_semihost.a(syscalls.o)
 .text._swiread
                0x00003d36       0x20 D:/MXU/MCUXpressoIDE_11.10.0_3148/ide/plugins/com.nxp.mcuxpresso.tools.win32_11.10.0.202311280810/tools/bin/../lib/gcc/arm-none-eabi/13.2.1/../../../../arm-none-eabi/lib/thumb/v8-m.main+fp/hard\libcr_newlib_semihost.a(syscalls.o)
                0x00003d36                _swiread
 .text._read    0x00003d56       0x34 D:/MXU/MCUXpressoIDE_11.10.0_3148/ide/plugins/com.nxp.mcuxpresso.tools.win32_11.10.0.202311280810/tools/bin/../lib/gcc/arm-none-eabi/13.2.1/../../../../arm-none-eabi/lib/thumb/v8-m.main+fp/hard\libcr_newlib_semihost.a(syscalls.o)
                0x00003d56                _read
 .text._swilseek
                0x00003d8a       0x78 D:/MXU/MCUXpressoIDE_11.10.0_3148/ide/plugins/com.nxp.mcuxpresso.tools.win32_11.10.0.202311280810/tools/bin/../lib/gcc/arm-none-eabi/13.2.1/../../../../arm-none-eabi/lib/thumb/v8-m.main+fp/hard\libcr_newlib_semihost.a(syscalls.o)
                0x00003d8a                _swilseek
 .text._lseek   0x00003e02        0x4 D:/MXU/MCUXpressoIDE_11.10.0_3148/ide/plugins/com.nxp.mcuxpresso.tools.win32_11.10.0.202311280810/tools/bin/../lib/gcc/arm-none-eabi/13.2.1/../../../../arm-none-eabi/lib/thumb/v8-m.main+fp/hard\libcr_newlib_semihost.a(syscalls.o)
                0x00003e02                _lseek
 .text._swiwrite
                0x00003e06       0x20 D:/MXU/MCUXpressoIDE_11.10.0_3148/ide/plugins/com.nxp.mcuxpresso.tools.win32_11.10.0.202311280810/tools/bin/../lib/gcc/arm-none-eabi/13.2.1/../../../../arm-none-eabi/lib/thumb/v8-m.main+fp/hard\libcr_newlib_semihost.a(syscalls.o)
                0x00003e06                _swiwrite
 .text._write   0x00003e26       0x40 D:/MXU/MCUXpressoIDE_11.10.0_3148/ide/plugins/com.nxp.mcuxpresso.tools.win32_11.10.0.202311280810/tools/bin/../lib/gcc/arm-none-eabi/13.2.1/../../../../arm-none-eabi/lib/thumb/v8-m.main+fp/hard\libcr_newlib_semihost.a(syscalls.o)
                0x00003e26                _write
 .text._swiclose
                0x00003e66       0x1a D:/MXU/MCUXpressoIDE_11.10.0_3148/ide/plugins/com.nxp.mcuxpresso.tools.win32_11.10.0.202311280810/tools/bin/../lib/gcc/arm-none-eabi/13.2.1/../../../../arm-none-eabi/lib/thumb/v8-m.main+fp/hard\libcr_newlib_semihost.a(syscalls.o)
                0x00003e66                _swiclose
 .text._getpid  0x00003e80        0x4 D:/MXU/MCUXpressoIDE_11.10.0_3148/ide/plugins/com.nxp.mcuxpresso.tools.win32_11.10.0.202311280810/tools/bin/../lib/gcc/arm-none-eabi/13.2.1/../../../../arm-none-eabi/lib/thumb/v8-m.main+fp/hard\libcr_newlib_semihost.a(syscalls.o)
                0x00003e80                _getpid
 .text._swistat
                0x00003e84       0x42 D:/MXU/MCUXpressoIDE_11.10.0_3148/ide/plugins/com.nxp.mcuxpresso.tools.win32_11.10.0.202311280810/tools/bin/../lib/gcc/arm-none-eabi/13.2.1/../../../../arm-none-eabi/lib/thumb/v8-m.main+fp/hard\libcr_newlib_semihost.a(syscalls.o)
                0x00003e84                _swistat
 .text._fstat   0x00003ec6       0x1c D:/MXU/MCUXpressoIDE_11.10.0_3148/ide/plugins/com.nxp.mcuxpresso.tools.win32_11.10.0.202311280810/tools/bin/../lib/gcc/arm-none-eabi/13.2.1/../../../../arm-none-eabi/lib/thumb/v8-m.main+fp/hard\libcr_newlib_semihost.a(syscalls.o)
                0x00003ec6                _fstat
 .text._isatty  0x00003ee2       0x2a D:/MXU/MCUXpressoIDE_11.10.0_3148/ide/plugins/com.nxp.mcuxpresso.tools.win32_11.10.0.202311280810/tools/bin/../lib/gcc/arm-none-eabi/13.2.1/../../../../arm-none-eabi/lib/thumb/v8-m.main+fp/hard\libcr_newlib_semihost.a(syscalls.o)
                0x00003ee2                _isatty
 *(SORT_BY_ALIGNMENT(.rodata) SORT_BY_ALIGNMENT(.rodata.*) SORT_BY_ALIGNMENT(.constdata) SORT_BY_ALIGNMENT(.constdata.*))
 .rodata        0x00003f0c        0x2 ./source/main.o
 *fill*         0x00003f0e        0x2 ff
 .rodata.SDK_DelayAtLeastUs.str1.4
                0x00003f10      0x1cb ./drivers/fsl_common.o
                                 0x38 (size before relaxing)
 *fill*         0x000040db        0x1 ff
 .rodata.__func__.0
                0x000040dc       0x13 ./drivers/fsl_common.o
 .rodata.FLEXCOMM_GetInstance.str1.4
                0x000040ef       0x3f ./drivers/fsl_flexcomm.o
 .rodata.FLEXCOMM0_DriverIRQHandler.str1.4
                0x000040ef       0x18 ./drivers/fsl_flexcomm.o
 .rodata.FLEXCOMM1_DriverIRQHandler.str1.4
                0x000040ef       0x18 ./drivers/fsl_flexcomm.o
 .rodata.FLEXCOMM2_DriverIRQHandler.str1.4
                0x000040ef       0x18 ./drivers/fsl_flexcomm.o
 .rodata.FLEXCOMM3_DriverIRQHandler.str1.4
                0x000040ef       0x18 ./drivers/fsl_flexcomm.o
 .rodata.FLEXCOMM4_DriverIRQHandler.str1.4
                0x000040ef       0x18 ./drivers/fsl_flexcomm.o
 .rodata.FLEXCOMM5_DriverIRQHandler.str1.4
                0x000040ef       0x18 ./drivers/fsl_flexcomm.o
 .rodata.FLEXCOMM6_DriverIRQHandler.str1.4
                0x000040ef       0x18 ./drivers/fsl_flexcomm.o
 .rodata.FLEXCOMM7_DriverIRQHandler.str1.4
                0x000040ef       0x18 ./drivers/fsl_flexcomm.o
 .rodata.FLEXCOMM8_DriverIRQHandler.str1.4
                0x000040ef       0x18 ./drivers/fsl_flexcomm.o
 *fill*         0x000040ef        0x1 ff
 .rodata.__func__.8
                0x000040f0       0x1b ./drivers/fsl_flexcomm.o
 *fill*         0x0000410b        0x1 ff
 .rodata.__func__.7
                0x0000410c       0x1b ./drivers/fsl_flexcomm.o
 *fill*         0x00004127        0x1 ff
 .rodata.__func__.6
                0x00004128       0x1b ./drivers/fsl_flexcomm.o
 *fill*         0x00004143        0x1 ff
 .rodata.__func__.5
                0x00004144       0x1b ./drivers/fsl_flexcomm.o
 *fill*         0x0000415f        0x1 ff
 .rodata.__func__.4
                0x00004160       0x1b ./drivers/fsl_flexcomm.o
 *fill*         0x0000417b        0x1 ff
 .rodata.__func__.3
                0x0000417c       0x1b ./drivers/fsl_flexcomm.o
 *fill*         0x00004197        0x1 ff
 .rodata.__func__.2
                0x00004198       0x1b ./drivers/fsl_flexcomm.o
 *fill*         0x000041b3        0x1 ff
 .rodata.__func__.1
                0x000041b4       0x1b ./drivers/fsl_flexcomm.o
 *fill*         0x000041cf        0x1 ff
 .rodata.__func__.0
                0x000041d0       0x1b ./drivers/fsl_flexcomm.o
 *fill*         0x000041eb        0x1 ff
 .rodata.s_gpioClockName
                0x000041ec        0x8 ./drivers/fsl_gpio.o
 .rodata.s_gpioResets
                0x000041f4       0x18 ./drivers/fsl_gpio.o
 .rodata.GPIO_EnablePortClock.str1.4
                0x0000420c       0x2f ./drivers/fsl_gpio.o
 .rodata.__func__.0
                0x0000420c       0x15 ./drivers/fsl_gpio.o
 *fill*         0x00004221        0x3 ff
 .rodata.s_pintIRQ
                0x00004224        0xa ./drivers/fsl_pint.o
 .rodata.PINT_Init.str1.4
                0x0000422e       0x1b ./drivers/fsl_pint.o
 *fill*         0x0000422e        0x2 ff
 .rodata.__func__.9
                0x00004230        0xa ./drivers/fsl_pint.o
 *fill*         0x0000423a        0x2 ff
 .rodata.__func__.8
                0x0000423c       0x18 ./drivers/fsl_pint.o
 .rodata.__func__.3
                0x00004254       0x1b ./drivers/fsl_pint.o
 .rodata.RESET_SetPeripheralReset.str1.4
                0x0000426f       0x1c ./drivers/fsl_reset.o
 *fill*         0x0000426f        0x1 ff
 .rodata.__func__.1
                0x00004270       0x19 ./drivers/fsl_reset.o
 *fill*         0x00004289        0x3 ff
 .rodata.__func__.0
                0x0000428c       0x1b ./drivers/fsl_reset.o
 .rodata.dev_read_test.str1.4
                0x000042a7       0x13 ./device/target.o
 *fill*         0x000042a7        0x1 ff
 .rodata        0x000042a8        0x2 ./device/target.o
 .rodata.__assert_func.str1.1
                0x000042aa       0x73 D:/MXU/MCUXpressoIDE_11.10.0_3148/ide/plugins/com.nxp.mcuxpresso.tools.win32_11.10.0.202311280810/tools/bin/../lib/gcc/arm-none-eabi/13.2.1/thumb/v8-m.main+fp/hard\libc_nano.a(libc_a-assert.o)
                                 0x3d (size before relaxing)
 .rodata._vfprintf_r.str1.1
                0x0000431d       0x11 D:/MXU/MCUXpressoIDE_11.10.0_3148/ide/plugins/com.nxp.mcuxpresso.tools.win32_11.10.0.202311280810/tools/bin/../lib/gcc/arm-none-eabi/13.2.1/thumb/v8-m.main+fp/hard\libc_nano.a(libc_a-nano-vfprintf.o)
 .rodata._printf_i.str1.1
                0x0000431d       0x22 D:/MXU/MCUXpressoIDE_11.10.0_3148/ide/plugins/com.nxp.mcuxpresso.tools.win32_11.10.0.202311280810/tools/bin/../lib/gcc/arm-none-eabi/13.2.1/thumb/v8-m.main+fp/hard\libc_nano.a(libc_a-nano-vfprintf_i.o)
 .rodata.initialise_monitor_handles.part.0.str1.1
                0x0000431d        0x4 D:/MXU/MCUXpressoIDE_11.10.0_3148/ide/plugins/com.nxp.mcuxpresso.tools.win32_11.10.0.202311280810/tools/bin/../lib/gcc/arm-none-eabi/13.2.1/../../../../arm-none-eabi/lib/thumb/v8-m.main+fp/hard\libcr_newlib_semihost.a(syscalls.o)
                0x00004340                        . = ALIGN (0x4)
 *fill*         0x0000431d        0x3 ff

.glue_7         0x00004320        0x0
 .glue_7        0x00004320        0x0 linker stubs

.glue_7t        0x00004320        0x0
 .glue_7t       0x00004320        0x0 linker stubs

.vfp11_veneer   0x00004320        0x0
 .vfp11_veneer  0x00004320        0x0 linker stubs

.v4_bx          0x00004320        0x0
 .v4_bx         0x00004320        0x0 linker stubs

.iplt           0x00004320        0x0
 .iplt          0x00004320        0x0 ./startup/startup_lpc55s69_cm33_core0.o

.ARM.extab
 *(SORT_BY_ALIGNMENT(.ARM.extab*) SORT_BY_ALIGNMENT(.gnu.linkonce.armextab.*))

.ARM.exidx      0x00004320        0x8
                0x00004320                        __exidx_start = .
 *(SORT_BY_ALIGNMENT(.ARM.exidx*) SORT_BY_ALIGNMENT(.gnu.linkonce.armexidx.*))
 .ARM.exidx.text.__udivmoddi4
                0x00004320        0x8 D:/MXU/MCUXpressoIDE_11.10.0_3148/ide/plugins/com.nxp.mcuxpresso.tools.win32_11.10.0.202311280810/tools/bin/../lib/gcc/arm-none-eabi/13.2.1/thumb/v8-m.main+fp/hard\libgcc.a(_udivmoddi4.o)
 .ARM.exidx     0x00004328        0x0 D:/MXU/MCUXpressoIDE_11.10.0_3148/ide/plugins/com.nxp.mcuxpresso.tools.win32_11.10.0.202311280810/tools/bin/../lib/gcc/arm-none-eabi/13.2.1/thumb/v8-m.main+fp/hard\libc_nano.a(libc_a-strlen.o)
                                  0x8 (size before relaxing)
                0x00004328                        __exidx_end = .
                0x00004328                        _etext = .

.rel.dyn        0x00004328        0x0
 .rel.iplt      0x00004328        0x0 ./startup/startup_lpc55s69_cm33_core0.o

.m_usb_data
 *(SORT_BY_ALIGNMENT(m_usb_global))

.data_RAM2      0x20040000        0x0 load address 0x00004328
 FILL mask 0xff
                [!provide]                        PROVIDE (__start_data_RAM2 = .)
                [!provide]                        PROVIDE (__start_data_SRAM4 = .)
 *(SORT_BY_ALIGNMENT(.ramfunc.$RAM2))
 *(SORT_BY_ALIGNMENT(.ramfunc.$SRAM4))
 *(SORT_BY_ALIGNMENT(.data.$RAM2))
 *(SORT_BY_ALIGNMENT(.data.$SRAM4))
 *(SORT_BY_ALIGNMENT(.data.$RAM2.*))
 *(SORT_BY_ALIGNMENT(.data.$SRAM4.*))
                0x20040000                        . = ALIGN (0x4)
                [!provide]                        PROVIDE (__end_data_RAM2 = .)
                [!provide]                        PROVIDE (__end_data_SRAM4 = .)

.data_RAM3      0x04000000        0x0 load address 0x00004328
 FILL mask 0xff
                [!provide]                        PROVIDE (__start_data_RAM3 = .)
                [!provide]                        PROVIDE (__start_data_SRAMX = .)
 *(SORT_BY_ALIGNMENT(.ramfunc.$RAM3))
 *(SORT_BY_ALIGNMENT(.ramfunc.$SRAMX))
 *(SORT_BY_ALIGNMENT(.data.$RAM3))
 *(SORT_BY_ALIGNMENT(.data.$SRAMX))
 *(SORT_BY_ALIGNMENT(.data.$RAM3.*))
 *(SORT_BY_ALIGNMENT(.data.$SRAMX.*))
                0x04000000                        . = ALIGN (0x4)
                [!provide]                        PROVIDE (__end_data_RAM3 = .)
                [!provide]                        PROVIDE (__end_data_SRAMX = .)

.data_RAM4      0x40100000        0x0 load address 0x00004328
 FILL mask 0xff
                [!provide]                        PROVIDE (__start_data_RAM4 = .)
                [!provide]                        PROVIDE (__start_data_USB_RAM = .)
 *(SORT_BY_ALIGNMENT(.ramfunc.$RAM4))
 *(SORT_BY_ALIGNMENT(.ramfunc.$USB_RAM))
 *(SORT_BY_ALIGNMENT(.data.$RAM4))
 *(SORT_BY_ALIGNMENT(.data.$USB_RAM))
 *(SORT_BY_ALIGNMENT(.data.$RAM4.*))
 *(SORT_BY_ALIGNMENT(.data.$USB_RAM.*))
                0x40100000                        . = ALIGN (0x4)
                [!provide]                        PROVIDE (__end_data_RAM4 = .)
                [!provide]                        PROVIDE (__end_data_USB_RAM = .)

.uninit_RESERVED
                0x20000000        0x0
                0x20000000                        _start_uninit_RESERVED = .
 *(SORT_BY_ALIGNMENT(.bss.$RESERVED*))
                0x20000000                        . = ALIGN (0x4)
                0x20000000                        _end_uninit_RESERVED = .

.data           0x20000000      0x114 load address 0x00004328
 FILL mask 0xff
                0x20000000                        _data = .
                [!provide]                        PROVIDE (__start_data_RAM = .)
                [!provide]                        PROVIDE (__start_data_SRAM = .)
 *(SORT_BY_ALIGNMENT(vtable))
 *(SORT_BY_ALIGNMENT(.ramfunc*))
 *(SORT_BY_ALIGNMENT(CodeQuickAccess))
 *(SORT_BY_ALIGNMENT(DataQuickAccess))
 *(SORT_BY_ALIGNMENT(RamFunction))
 *(SORT_BY_ALIGNMENT(.data*))
 .data.id       0x20000000        0x4 ./kernel/kernel.o
 .data.s_Ext_Clk_Freq
                0x20000004        0x4 ./drivers/fsl_clock.o
 .data.SystemCoreClock
                0x20000008        0x4 ./device/system_LPC55S69_cm33_core0.o
                0x20000008                SystemCoreClock
 .data.dev_test
                0x2000000c       0x34 ./device/target.o
                0x2000000c                dev_test
 .data.dev_leds
                0x20000040       0x34 ./device/target.o
                0x20000040                dev_leds
 .data.dev_swuser
                0x20000074       0x34 ./device/target.o
                0x20000074                dev_swuser
 .data.device_table
                0x200000a8       0x10 ./device/target.o
                0x200000a8                device_table
 .data._impure_ptr
                0x200000b8        0x4 D:/MXU/MCUXpressoIDE_11.10.0_3148/ide/plugins/com.nxp.mcuxpresso.tools.win32_11.10.0.202311280810/tools/bin/../lib/gcc/arm-none-eabi/13.2.1/thumb/v8-m.main+fp/hard\libc_nano.a(libc_a-impure.o)
                0x200000b8                _impure_ptr
 .data._impure_data
                0x200000bc       0x4c D:/MXU/MCUXpressoIDE_11.10.0_3148/ide/plugins/com.nxp.mcuxpresso.tools.win32_11.10.0.202311280810/tools/bin/../lib/gcc/arm-none-eabi/13.2.1/thumb/v8-m.main+fp/hard\libc_nano.a(libc_a-impure.o)
                0x200000bc                _impure_data
 .data.__sglue  0x20000108        0xc D:/MXU/MCUXpressoIDE_11.10.0_3148/ide/plugins/com.nxp.mcuxpresso.tools.win32_11.10.0.202311280810/tools/bin/../lib/gcc/arm-none-eabi/13.2.1/thumb/v8-m.main+fp/hard\libc_nano.a(libc_a-findfp.o)
                0x20000108                __sglue
                0x20000114                        . = ALIGN (0x4)
                0x20000114                        _edata = .
                [!provide]                        PROVIDE (__end_data_RAM = .)
                [!provide]                        PROVIDE (__end_data_SRAM = .)

.igot.plt       0x20000114        0x0 load address 0x0000443c
 .igot.plt      0x20000114        0x0 ./startup/startup_lpc55s69_cm33_core0.o

.bss_RAM2       0x20040000        0x0
                [!provide]                        PROVIDE (__start_bss_RAM2 = .)
                [!provide]                        PROVIDE (__start_bss_SRAM4 = .)
 *(SORT_BY_ALIGNMENT(.bss.$RAM2))
 *(SORT_BY_ALIGNMENT(.bss.$SRAM4))
 *(SORT_BY_ALIGNMENT(.bss.$RAM2.*))
 *(SORT_BY_ALIGNMENT(.bss.$SRAM4.*))
                0x20040000                        . = ALIGN ((. != 0x0)?0x4:0x1)
                [!provide]                        PROVIDE (__end_bss_RAM2 = .)
                [!provide]                        PROVIDE (__end_bss_SRAM4 = .)

.bss_RAM3       0x04000000        0x0
                [!provide]                        PROVIDE (__start_bss_RAM3 = .)
                [!provide]                        PROVIDE (__start_bss_SRAMX = .)
 *(SORT_BY_ALIGNMENT(.bss.$RAM3))
 *(SORT_BY_ALIGNMENT(.bss.$SRAMX))
 *(SORT_BY_ALIGNMENT(.bss.$RAM3.*))
 *(SORT_BY_ALIGNMENT(.bss.$SRAMX.*))
                0x04000000                        . = ALIGN ((. != 0x0)?0x4:0x1)
                [!provide]                        PROVIDE (__end_bss_RAM3 = .)
                [!provide]                        PROVIDE (__end_bss_SRAMX = .)

.bss_RAM4       0x40100000        0x0
                [!provide]                        PROVIDE (__start_bss_RAM4 = .)
                [!provide]                        PROVIDE (__start_bss_USB_RAM = .)
 *(SORT_BY_ALIGNMENT(.bss.$RAM4))
 *(SORT_BY_ALIGNMENT(.bss.$USB_RAM))
 *(SORT_BY_ALIGNMENT(.bss.$RAM4.*))
 *(SORT_BY_ALIGNMENT(.bss.$USB_RAM.*))
                0x40100000                        . = ALIGN ((. != 0x0)?0x4:0x1)
                [!provide]                        PROVIDE (__end_bss_RAM4 = .)
                [!provide]                        PROVIDE (__end_bss_USB_RAM = .)

.bss            0x20000114      0x260
                0x20000114                        _bss = .
                [!provide]                        PROVIDE (__start_bss_RAM = .)
                [!provide]                        PROVIDE (__start_bss_SRAM = .)
 *(SORT_BY_ALIGNMENT(.bss*))
 .bss.tsk_running
                0x20000114        0x4 ./kernel/kernel.o
                0x20000114                tsk_running
 .bss.tsk_prev  0x20000118        0x4 ./kernel/kernel.o
                0x20000118                tsk_prev
 .bss.tsk_sleeping
                0x2000011c        0x4 ./kernel/kernel.o
                0x2000011c                tsk_sleeping
 .bss.sys_tick_cnt
                0x20000120        0x4 ./kernel/kernel.o
                0x20000120                sys_tick_cnt
 .bss.s_Pll0_Freq
                0x20000124        0x4 ./drivers/fsl_clock.o
 .bss.s_flexcommIrqHandler
                0x20000128       0x24 ./drivers/fsl_flexcomm.o
 .bss.s_flexcommHandle
                0x2000014c       0x24 ./drivers/fsl_flexcomm.o
 .bss.s_secpintCallback
                0x20000170        0x8 ./drivers/fsl_pint.o
 .bss.s_pintCallback
                0x20000178       0x20 ./drivers/fsl_pint.o
 .bss.opened_fds
                0x20000198       0x50 ./device/vfs.o
                0x20000198                opened_fds
 .bss.vfs_mutex
                0x200001e8        0x4 ./device/vfs.o
                0x200001e8                vfs_mutex
 .bss.__malloc_sbrk_start
                0x200001ec        0x4 D:/MXU/MCUXpressoIDE_11.10.0_3148/ide/plugins/com.nxp.mcuxpresso.tools.win32_11.10.0.202311280810/tools/bin/../lib/gcc/arm-none-eabi/13.2.1/thumb/v8-m.main+fp/hard\libc_nano.a(libc_a-mallocr.o)
                0x200001ec                __malloc_sbrk_start
 .bss.__malloc_free_list
                0x200001f0        0x4 D:/MXU/MCUXpressoIDE_11.10.0_3148/ide/plugins/com.nxp.mcuxpresso.tools.win32_11.10.0.202311280810/tools/bin/../lib/gcc/arm-none-eabi/13.2.1/thumb/v8-m.main+fp/hard\libc_nano.a(libc_a-mallocr.o)
                0x200001f0                __malloc_free_list
 .bss.__sf      0x200001f4      0x138 D:/MXU/MCUXpressoIDE_11.10.0_3148/ide/plugins/com.nxp.mcuxpresso.tools.win32_11.10.0.202311280810/tools/bin/../lib/gcc/arm-none-eabi/13.2.1/thumb/v8-m.main+fp/hard\libc_nano.a(libc_a-findfp.o)
                0x200001f4                __sf
 .bss.__stdio_exit_handler
                0x2000032c        0x4 D:/MXU/MCUXpressoIDE_11.10.0_3148/ide/plugins/com.nxp.mcuxpresso.tools.win32_11.10.0.202311280810/tools/bin/../lib/gcc/arm-none-eabi/13.2.1/thumb/v8-m.main+fp/hard\libc_nano.a(libc_a-findfp.o)
                0x2000032c                __stdio_exit_handler
 .bss.errno     0x20000330        0x4 D:/MXU/MCUXpressoIDE_11.10.0_3148/ide/plugins/com.nxp.mcuxpresso.tools.win32_11.10.0.202311280810/tools/bin/../lib/gcc/arm-none-eabi/13.2.1/thumb/v8-m.main+fp/hard\libc_nano.a(libc_a-reent.o)
                0x20000330                errno
 .bss.__end_of_heap
                0x20000334        0x4 D:/MXU/MCUXpressoIDE_11.10.0_3148/ide/plugins/com.nxp.mcuxpresso.tools.win32_11.10.0.202311280810/tools/bin/../lib/gcc/arm-none-eabi/13.2.1/../../../../arm-none-eabi/lib/thumb/v8-m.main+fp/hard\libcr_newlib_semihost.a(_cr_sbrk.o)
                0x20000334                __end_of_heap
 .bss.initialized.0
                0x20000338        0x4 D:/MXU/MCUXpressoIDE_11.10.0_3148/ide/plugins/com.nxp.mcuxpresso.tools.win32_11.10.0.202311280810/tools/bin/../lib/gcc/arm-none-eabi/13.2.1/../../../../arm-none-eabi/lib/thumb/v8-m.main+fp/hard\libcr_newlib_semihost.a(syscalls.o)
 .bss.monitor_stderr
                0x2000033c        0x4 D:/MXU/MCUXpressoIDE_11.10.0_3148/ide/plugins/com.nxp.mcuxpresso.tools.win32_11.10.0.202311280810/tools/bin/../lib/gcc/arm-none-eabi/13.2.1/../../../../arm-none-eabi/lib/thumb/v8-m.main+fp/hard\libcr_newlib_semihost.a(syscalls.o)
 .bss.monitor_stdout
                0x20000340        0x4 D:/MXU/MCUXpressoIDE_11.10.0_3148/ide/plugins/com.nxp.mcuxpresso.tools.win32_11.10.0.202311280810/tools/bin/../lib/gcc/arm-none-eabi/13.2.1/../../../../arm-none-eabi/lib/thumb/v8-m.main+fp/hard\libcr_newlib_semihost.a(syscalls.o)
 .bss.monitor_stdin
                0x20000344        0x4 D:/MXU/MCUXpressoIDE_11.10.0_3148/ide/plugins/com.nxp.mcuxpresso.tools.win32_11.10.0.202311280810/tools/bin/../lib/gcc/arm-none-eabi/13.2.1/../../../../arm-none-eabi/lib/thumb/v8-m.main+fp/hard\libcr_newlib_semihost.a(syscalls.o)
 .bss.openfiles
                0x20000348       0x28 D:/MXU/MCUXpressoIDE_11.10.0_3148/ide/plugins/com.nxp.mcuxpresso.tools.win32_11.10.0.202311280810/tools/bin/../lib/gcc/arm-none-eabi/13.2.1/../../../../arm-none-eabi/lib/thumb/v8-m.main+fp/hard\libcr_newlib_semihost.a(syscalls.o)
 .bss.__lock___malloc_recursive_mutex
                0x20000370        0x1 D:/MXU/MCUXpressoIDE_11.10.0_3148/ide/plugins/com.nxp.mcuxpresso.tools.win32_11.10.0.202311280810/tools/bin/../lib/gcc/arm-none-eabi/13.2.1/thumb/v8-m.main+fp/hard\libc_nano.a(libc_a-lock.o)
                0x20000370                __lock___malloc_recursive_mutex
 .bss.__lock___sfp_recursive_mutex
                0x20000371        0x1 D:/MXU/MCUXpressoIDE_11.10.0_3148/ide/plugins/com.nxp.mcuxpresso.tools.win32_11.10.0.202311280810/tools/bin/../lib/gcc/arm-none-eabi/13.2.1/thumb/v8-m.main+fp/hard\libc_nano.a(libc_a-lock.o)
                0x20000371                __lock___sfp_recursive_mutex
 *(SORT_BY_ALIGNMENT(COMMON))
                0x20000374                        . = ALIGN (0x4)
 *fill*         0x20000372        0x2 
                0x20000374                        _ebss = .
                [!provide]                        PROVIDE (__end_bss_RAM = .)
                [!provide]                        PROVIDE (__end_bss_SRAM = .)
                [!provide]                        PROVIDE (end = .)

.noinit_RAM2    0x20040000        0x0
                [!provide]                        PROVIDE (__start_noinit_RAM2 = .)
                [!provide]                        PROVIDE (__start_noinit_SRAM4 = .)
 *(SORT_BY_ALIGNMENT(.noinit.$RAM2))
 *(SORT_BY_ALIGNMENT(.noinit.$SRAM4))
 *(SORT_BY_ALIGNMENT(.noinit.$RAM2.*))
 *(SORT_BY_ALIGNMENT(.noinit.$SRAM4.*))
                0x20040000                        . = ALIGN (0x4)
                [!provide]                        PROVIDE (__end_noinit_RAM2 = .)
                [!provide]                        PROVIDE (__end_noinit_SRAM4 = .)

.noinit_RAM3    0x04000000        0x0
                [!provide]                        PROVIDE (__start_noinit_RAM3 = .)
                [!provide]                        PROVIDE (__start_noinit_SRAMX = .)
 *(SORT_BY_ALIGNMENT(.noinit.$RAM3))
 *(SORT_BY_ALIGNMENT(.noinit.$SRAMX))
 *(SORT_BY_ALIGNMENT(.noinit.$RAM3.*))
 *(SORT_BY_ALIGNMENT(.noinit.$SRAMX.*))
                0x04000000                        . = ALIGN (0x4)
                [!provide]                        PROVIDE (__end_noinit_RAM3 = .)
                [!provide]                        PROVIDE (__end_noinit_SRAMX = .)

.noinit_RAM4    0x40100000        0x0
                [!provide]                        PROVIDE (__start_noinit_RAM4 = .)
                [!provide]                        PROVIDE (__start_noinit_USB_RAM = .)
 *(SORT_BY_ALIGNMENT(.noinit.$RAM4))
 *(SORT_BY_ALIGNMENT(.noinit.$USB_RAM))
 *(SORT_BY_ALIGNMENT(.noinit.$RAM4.*))
 *(SORT_BY_ALIGNMENT(.noinit.$USB_RAM.*))
                0x40100000                        . = ALIGN (0x4)
                [!provide]                        PROVIDE (__end_noinit_RAM4 = .)
                [!provide]                        PROVIDE (__end_noinit_USB_RAM = .)

.noinit         0x20000374        0x0
                0x20000374                        _noinit = .
                [!provide]                        PROVIDE (__start_noinit_RAM = .)
                [!provide]                        PROVIDE (__start_noinit_SRAM = .)
 *(SORT_BY_ALIGNMENT(.noinit*))
                0x20000374                        . = ALIGN (0x4)
                0x20000374                        _end_noinit = .
                [!provide]                        PROVIDE (__end_noinit_RAM = .)
                [!provide]                        PROVIDE (__end_noinit_SRAM = .)
                0x00001000                        _HeapSize = 0x1000

.heap           0x20000374     0x1000
                0x20000374                        _pvHeapStart = .
                0x20001374                        . = (. + _HeapSize)
 *fill*         0x20000374     0x1000 
                0x20001374                        . = ALIGN (0x4)
                0x20001374                        _pvHeapLimit = .
                0x00001000                        _StackSize = 0x1000

.heap2stackfill
                0x20001374     0x1000
                0x20002374                        . = (. + _StackSize)
 *fill*         0x20001374     0x1000 

.stack          0x2003f000        0x0
                0x2003f000                        _vStackBase = .
                0x2003f000                        . = ALIGN (0x4)
                0x20040000                        _vStackTop = (. + _StackSize)
                [!provide]                        PROVIDE (__valid_user_code_checksum = (0x0 - ((((((_vStackTop + (ResetISR + 0x1)) + (NMI_Handler + 0x1)) + (HardFault_Handler + 0x1)) + (DEFINED (MemManage_Handler)?MemManage_Handler:0x0 + 0x1)) + (DEFINED (BusFault_Handler)?BusFault_Handler:0x0 + 0x1)) + (DEFINED (UsageFault_Handler)?UsageFault_Handler:0x0 + 0x1))))
                0x00000000                        _image_start = LOADADDR (.text)
                0x0000443c                        _image_end = (LOADADDR (.data) + SIZEOF (.data))
                0x0000443c                        _image_size = (_image_end - _image_start)
OUTPUT(LPC55S69_OS.src.axf elf32-littlearm)
LOAD linker stubs

.debug_info     0x00000000    0x19d61
 .debug_info    0x00000000     0x1421 ./startup/startup_lpc55s69_cm33_core0.o
 .debug_info    0x00001421       0x3a ./startup/svc.o
 .debug_info    0x0000145b      0x481 ./source/main.o
 .debug_info    0x000018dc      0x2c0 ./source/oslib.o
 .debug_info    0x00001b9c       0x3c ./source/semihost_hardfault.o
 .debug_info    0x00001bd8      0xfa9 ./kernel/kernel.o
 .debug_info    0x00002b81      0x31e ./kernel/list.o
 .debug_info    0x00002e9f     0x32e8 ./drivers/fsl_clock.o
 .debug_info    0x00006187      0x2d0 ./drivers/fsl_common.o
 .debug_info    0x00006457     0x1b02 ./drivers/fsl_flexcomm.o
 .debug_info    0x00007f59     0x1776 ./drivers/fsl_gpio.o
 .debug_info    0x000096cf     0x1e33 ./drivers/fsl_inputmux.o
 .debug_info    0x0000b502     0x23bb ./drivers/fsl_pint.o
 .debug_info    0x0000d8bd      0xf3b ./drivers/fsl_reset.o
 .debug_info    0x0000e7f8     0x1366 ./device/system_LPC55S69_cm33_core0.o
 .debug_info    0x0000fb5e     0x23e5 ./device/target.o
 .debug_info    0x00011f43      0x8e8 ./device/vfs.o
 .debug_info    0x0001282b      0x92b ./board/board.o
 .debug_info    0x00013156     0x16e1 ./board/clock_config.o
 .debug_info    0x00014837       0xa9 ./board/peripherals.o
 .debug_info    0x000148e0     0x1e7c ./board/pin_mux.o
 .debug_info    0x0001675c     0x3605 C:\Users\BENZINANE\Desktop\LPC55S69_OS.src\LPC55S69\mcuxpresso\libpower_hardabi.a(fsl_power_lib.o)

.debug_abbrev   0x00000000     0x2e41
 .debug_abbrev  0x00000000      0x2a2 ./startup/startup_lpc55s69_cm33_core0.o
 .debug_abbrev  0x000002a2       0x26 ./startup/svc.o
 .debug_abbrev  0x000002c8      0x22b ./source/main.o
 .debug_abbrev  0x000004f3      0x11e ./source/oslib.o
 .debug_abbrev  0x00000611       0x31 ./source/semihost_hardfault.o
 .debug_abbrev  0x00000642      0x41d ./kernel/kernel.o
 .debug_abbrev  0x00000a5f      0x169 ./kernel/list.o
 .debug_abbrev  0x00000bc8      0x39b ./drivers/fsl_clock.o
 .debug_abbrev  0x00000f63      0x1c0 ./drivers/fsl_common.o
 .debug_abbrev  0x00001123      0x2fa ./drivers/fsl_flexcomm.o
 .debug_abbrev  0x0000141d      0x251 ./drivers/fsl_gpio.o
 .debug_abbrev  0x0000166e      0x1d7 ./drivers/fsl_inputmux.o
 .debug_abbrev  0x00001845      0x314 ./drivers/fsl_pint.o
 .debug_abbrev  0x00001b59      0x175 ./drivers/fsl_reset.o
 .debug_abbrev  0x00001cce      0x1fa ./device/system_LPC55S69_cm33_core0.o
 .debug_abbrev  0x00001ec8      0x305 ./device/target.o
 .debug_abbrev  0x000021cd      0x20a ./device/vfs.o
 .debug_abbrev  0x000023d7      0x120 ./board/board.o
 .debug_abbrev  0x000024f7      0x226 ./board/clock_config.o
 .debug_abbrev  0x0000271d       0x61 ./board/peripherals.o
 .debug_abbrev  0x0000277e      0x22f ./board/pin_mux.o
 .debug_abbrev  0x000029ad      0x494 C:\Users\BENZINANE\Desktop\LPC55S69_OS.src\LPC55S69\mcuxpresso\libpower_hardabi.a(fsl_power_lib.o)

.debug_loc      0x00000000     0x1c55
 .debug_loc     0x00000000      0x20d ./startup/startup_lpc55s69_cm33_core0.o
 .debug_loc     0x0000020d     0x1a48 C:\Users\BENZINANE\Desktop\LPC55S69_OS.src\LPC55S69\mcuxpresso\libpower_hardabi.a(fsl_power_lib.o)

.debug_aranges  0x00000000      0xc18
 .debug_aranges
                0x00000000      0x270 ./startup/startup_lpc55s69_cm33_core0.o
 .debug_aranges
                0x00000270       0x28 ./startup/svc.o
 .debug_aranges
                0x00000298       0x48 ./source/main.o
 .debug_aranges
                0x000002e0       0x78 ./source/oslib.o
 .debug_aranges
                0x00000358       0x20 ./source/semihost_hardfault.o
 .debug_aranges
                0x00000378       0xa0 ./kernel/kernel.o
 .debug_aranges
                0x00000418       0x48 ./kernel/list.o
 .debug_aranges
                0x00000460      0x220 ./drivers/fsl_clock.o
 .debug_aranges
                0x00000680       0x38 ./drivers/fsl_common.o
 .debug_aranges
                0x000006b8       0x90 ./drivers/fsl_flexcomm.o
 .debug_aranges
                0x00000748       0x38 ./drivers/fsl_gpio.o
 .debug_aranges
                0x00000780       0x40 ./drivers/fsl_inputmux.o
 .debug_aranges
                0x000007c0      0x118 ./drivers/fsl_pint.o
 .debug_aranges
                0x000008d8       0x30 ./drivers/fsl_reset.o
 .debug_aranges
                0x00000908       0x88 ./device/system_LPC55S69_cm33_core0.o
 .debug_aranges
                0x00000990       0xa0 ./device/target.o
 .debug_aranges
                0x00000a30       0x68 ./device/vfs.o
 .debug_aranges
                0x00000a98       0x30 ./board/board.o
 .debug_aranges
                0x00000ac8       0x50 ./board/clock_config.o
 .debug_aranges
                0x00000b18       0x28 ./board/peripherals.o
 .debug_aranges
                0x00000b40       0x40 ./board/pin_mux.o
 .debug_aranges
                0x00000b80       0x98 C:\Users\BENZINANE\Desktop\LPC55S69_OS.src\LPC55S69\mcuxpresso\libpower_hardabi.a(fsl_power_lib.o)

.debug_ranges   0x00000000      0xc28
 .debug_ranges  0x00000000      0x260 ./startup/startup_lpc55s69_cm33_core0.o
 .debug_ranges  0x00000260       0x20 ./startup/svc.o
 .debug_ranges  0x00000280       0x38 ./source/main.o
 .debug_ranges  0x000002b8       0x68 ./source/oslib.o
 .debug_ranges  0x00000320       0x10 ./source/semihost_hardfault.o
 .debug_ranges  0x00000330       0x90 ./kernel/kernel.o
 .debug_ranges  0x000003c0       0x38 ./kernel/list.o
 .debug_ranges  0x000003f8      0x210 ./drivers/fsl_clock.o
 .debug_ranges  0x00000608       0x28 ./drivers/fsl_common.o
 .debug_ranges  0x00000630       0x80 ./drivers/fsl_flexcomm.o
 .debug_ranges  0x000006b0       0x28 ./drivers/fsl_gpio.o
 .debug_ranges  0x000006d8       0x30 ./drivers/fsl_inputmux.o
 .debug_ranges  0x00000708      0x108 ./drivers/fsl_pint.o
 .debug_ranges  0x00000810       0x20 ./drivers/fsl_reset.o
 .debug_ranges  0x00000830       0x78 ./device/system_LPC55S69_cm33_core0.o
 .debug_ranges  0x000008a8       0x90 ./device/target.o
 .debug_ranges  0x00000938       0x58 ./device/vfs.o
 .debug_ranges  0x00000990       0x20 ./board/board.o
 .debug_ranges  0x000009b0       0x40 ./board/clock_config.o
 .debug_ranges  0x000009f0       0x18 ./board/peripherals.o
 .debug_ranges  0x00000a08       0x30 ./board/pin_mux.o
 .debug_ranges  0x00000a38      0x1f0 C:\Users\BENZINANE\Desktop\LPC55S69_OS.src\LPC55S69\mcuxpresso\libpower_hardabi.a(fsl_power_lib.o)

.debug_macro    0x00000000     0x35d4
 .debug_macro   0x00000000      0x273 ./startup/startup_lpc55s69_cm33_core0.o
 .debug_macro   0x00000273       0x10 ./startup/startup_lpc55s69_cm33_core0.o
 .debug_macro   0x00000283       0x2f ./startup/startup_lpc55s69_cm33_core0.o
 .debug_macro   0x000002b2       0x10 ./startup/startup_lpc55s69_cm33_core0.o
 .debug_macro   0x000002c2       0xf6 ./startup/startup_lpc55s69_cm33_core0.o
 .debug_macro   0x000003b8      0x25c ./startup/startup_lpc55s69_cm33_core0.o
 .debug_macro   0x00000614       0x5e ./startup/startup_lpc55s69_cm33_core0.o
 .debug_macro   0x00000672      0x28d ./source/main.o
 .debug_macro   0x000008ff       0x16 ./source/main.o
 .debug_macro   0x00000915       0x9e ./source/main.o
 .debug_macro   0x000009b3      0x112 ./source/main.o
 .debug_macro   0x00000ac5       0x10 ./source/main.o
 .debug_macro   0x00000ad5       0x16 ./source/main.o
 .debug_macro   0x00000aeb       0x76 ./source/main.o
 .debug_macro   0x00000b61      0x24d ./source/oslib.o
 .debug_macro   0x00000dae       0x11 ./source/semihost_hardfault.o
 .debug_macro   0x00000dbf      0x24e ./kernel/kernel.o
 .debug_macro   0x0000100d      0x27c ./kernel/list.o
 .debug_macro   0x00001289       0x1c ./kernel/list.o
 .debug_macro   0x000012a5      0x2b5 ./drivers/fsl_clock.o
 .debug_macro   0x0000155a      0x2fe ./drivers/fsl_clock.o
 .debug_macro   0x00001858      0x212 ./drivers/fsl_common.o
 .debug_macro   0x00001a6a      0x215 ./drivers/fsl_flexcomm.o
 .debug_macro   0x00001c7f       0x10 ./drivers/fsl_flexcomm.o
 .debug_macro   0x00001c8f      0x21c ./drivers/fsl_gpio.o
 .debug_macro   0x00001eab      0x21f ./drivers/fsl_inputmux.o
 .debug_macro   0x000020ca       0x8e ./drivers/fsl_inputmux.o
 .debug_macro   0x00002158      0x21b ./drivers/fsl_pint.o
 .debug_macro   0x00002373       0x70 ./drivers/fsl_pint.o
 .debug_macro   0x000023e3      0x20c ./drivers/fsl_reset.o
 .debug_macro   0x000025ef       0xa9 ./device/system_LPC55S69_cm33_core0.o
 .debug_macro   0x00002698      0x282 ./device/target.o
 .debug_macro   0x0000291a       0x76 ./device/target.o
 .debug_macro   0x00002990       0x88 ./device/target.o
 .debug_macro   0x00002a18       0x16 ./device/target.o
 .debug_macro   0x00002a2e      0x256 ./device/vfs.o
 .debug_macro   0x00002c84      0x2a2 ./board/board.o
 .debug_macro   0x00002f26       0x16 ./board/board.o
 .debug_macro   0x00002f3c       0x35 ./board/board.o
 .debug_macro   0x00002f71      0x222 ./board/clock_config.o
 .debug_macro   0x00003193      0x210 ./board/peripherals.o
 .debug_macro   0x000033a3      0x231 ./board/pin_mux.o

.debug_line     0x00000000     0xbdcb
 .debug_line    0x00000000      0xddb ./startup/startup_lpc55s69_cm33_core0.o
 .debug_line    0x00000ddb       0x77 ./startup/svc.o
 .debug_line    0x00000e52      0x6e2 ./source/main.o
 .debug_line    0x00001534      0x725 ./source/oslib.o
 .debug_line    0x00001c59       0x59 ./source/semihost_hardfault.o
 .debug_line    0x00001cb2      0xa56 ./kernel/kernel.o
 .debug_line    0x00002708      0x79c ./kernel/list.o
 .debug_line    0x00002ea4     0x19f9 ./drivers/fsl_clock.o
 .debug_line    0x0000489d      0x659 ./drivers/fsl_common.o
 .debug_line    0x00004ef6      0x825 ./drivers/fsl_flexcomm.o
 .debug_line    0x0000571b      0x626 ./drivers/fsl_gpio.o
 .debug_line    0x00005d41      0x643 ./drivers/fsl_inputmux.o
 .debug_line    0x00006384      0xe41 ./drivers/fsl_pint.o
 .debug_line    0x000071c5      0x60d ./drivers/fsl_reset.o
 .debug_line    0x000077d2      0x622 ./device/system_LPC55S69_cm33_core0.o
 .debug_line    0x00007df4      0xa10 ./device/target.o
 .debug_line    0x00008804      0x7d3 ./device/vfs.o
 .debug_line    0x00008fd7      0x768 ./board/board.o
 .debug_line    0x0000973f      0x720 ./board/clock_config.o
 .debug_line    0x00009e5f      0x5d2 ./board/peripherals.o
 .debug_line    0x0000a431      0x720 ./board/pin_mux.o
 .debug_line    0x0000ab51     0x127a C:\Users\BENZINANE\Desktop\LPC55S69_OS.src\LPC55S69\mcuxpresso\libpower_hardabi.a(fsl_power_lib.o)

.debug_str      0x00000000    0xbd404
 .debug_str     0x00000000    0xbd404 ./startup/startup_lpc55s69_cm33_core0.o
                              0xb1dcb (size before relaxing)
 .debug_str     0x000bd404       0x6b ./startup/svc.o
 .debug_str     0x000bd404    0xb0fc5 ./source/main.o
 .debug_str     0x000bd404    0xb0871 ./source/oslib.o
 .debug_str     0x000bd404     0x2f9b ./source/semihost_hardfault.o
 .debug_str     0x000bd404    0xb177d ./kernel/kernel.o
 .debug_str     0x000bd404    0xb0d67 ./kernel/list.o
 .debug_str     0x000bd404    0xb3afb ./drivers/fsl_clock.o
 .debug_str     0x000bd404    0xaef9e ./drivers/fsl_common.o
 .debug_str     0x000bd404    0xb123a ./drivers/fsl_flexcomm.o
 .debug_str     0x000bd404    0xb0bcb ./drivers/fsl_gpio.o
 .debug_str     0x000bd404    0xb2c38 ./drivers/fsl_inputmux.o
 .debug_str     0x000bd404    0xb1bab ./drivers/fsl_pint.o
 .debug_str     0x000bd404    0xafc3b ./drivers/fsl_reset.o
 .debug_str     0x000bd404    0xa9b6a ./device/system_LPC55S69_cm33_core0.o
 .debug_str     0x000bd404    0xb5033 ./device/target.o
 .debug_str     0x000bd404    0xb124a ./device/vfs.o
 .debug_str     0x000bd404    0xb2a71 ./board/board.o
 .debug_str     0x000bd404    0xb1d41 ./board/clock_config.o
 .debug_str     0x000bd404    0xaee6e ./board/peripherals.o
 .debug_str     0x000bd404    0xb331b ./board/pin_mux.o
 .debug_str     0x000bd404     0x34ab C:\Users\BENZINANE\Desktop\LPC55S69_OS.src\LPC55S69\mcuxpresso\libpower_hardabi.a(fsl_power_lib.o)

.comment        0x00000000       0xbd
 .comment       0x00000000       0xbd ./startup/startup_lpc55s69_cm33_core0.o
                                 0x45 (size before relaxing)
 .comment       0x000000bd       0x45 ./source/main.o
 .comment       0x000000bd       0x45 ./source/oslib.o
 .comment       0x000000bd       0x45 ./source/semihost_hardfault.o
 .comment       0x000000bd       0x45 ./kernel/kernel.o
 .comment       0x000000bd       0x45 ./kernel/list.o
 .comment       0x000000bd       0x45 ./drivers/fsl_clock.o
 .comment       0x000000bd       0x45 ./drivers/fsl_common.o
 .comment       0x000000bd       0x45 ./drivers/fsl_flexcomm.o
 .comment       0x000000bd       0x45 ./drivers/fsl_gpio.o
 .comment       0x000000bd       0x45 ./drivers/fsl_inputmux.o
 .comment       0x000000bd       0x45 ./drivers/fsl_pint.o
 .comment       0x000000bd       0x45 ./drivers/fsl_reset.o
 .comment       0x000000bd       0x45 ./device/system_LPC55S69_cm33_core0.o
 .comment       0x000000bd       0x45 ./device/target.o
 .comment       0x000000bd       0x45 ./device/vfs.o
 .comment       0x000000bd       0x45 ./board/board.o
 .comment       0x000000bd       0x45 ./board/clock_config.o
 .comment       0x000000bd       0x45 ./board/peripherals.o
 .comment       0x000000bd       0x45 ./board/pin_mux.o
 .comment       0x000000bd       0x7a C:\Users\BENZINANE\Desktop\LPC55S69_OS.src\LPC55S69\mcuxpresso\libpower_hardabi.a(fsl_power_lib.o)