C:\Users\benzh\Desktop\LPC55S69-OS\CMSIS/core_cm33.h:2324:22:__NVIC_SetPriority	16	static
C:\Users\benzh\Desktop\LPC55S69-OS\drivers/fsl_gpio.h:153:20:GPIO_PinWrite	24	static
../device/target.c:49:12:dev_init_test	16	static
../device/target.c:56:12:dev_open_test	16	static
../device/target.c:72:12:dev_close_test	16	static
../device/target.c:80:12:dev_read_test	40	static
../device/target.c:100:13:leds	16	static
../device/target.c:129:12:dev_init_leds	24	static
../device/target.c:146:12:dev_open_leds	16	static
../device/target.c:161:12:dev_close_leds	16	static
../device/target.c:169:12:dev_write_leds	24	static
../device/target.c:205:13:on_swuser_cb	16	static
../device/target.c:211:12:dev_init_btn	16	static
../device/target.c:232:12:dev_open_btn	16	static
../device/target.c:247:12:dev_close_btn	16	static
../device/target.c:255:12:dev_read_btn	24	static
../device/target.c:289:12:dev_init_ser	16	static
../device/target.c:298:12:dev_open_ser	16	static
../device/target.c:311:12:dev_close_ser	16	static
../device/target.c:319:12:dev_read_ser	32	static
../device/target.c:335:12:dev_write_ser	24	static
../device/target.c:362:6:dev_init	24	static
../device/target.c:385:19:initi_usart0	32	static
