C:\Users\benzh\Desktop\LPC55S69-OS\CMSIS/core_cm33.h:2324:22:__NVIC_SetPriority	16	static
C:\Users\benzh\Desktop\LPC55S69-OS\CMSIS/core_cm33.h:2773:26:SysTick_Config	16	static
../kernel/kernel.c:26:5:sys_add	16	static
../kernel/kernel.c:37:9:svc_dispatch	24	static
../kernel/kernel.c:87:6:sys_switch_ctx	4	static
../kernel/kernel.c:101:6:sys_tick_cb	24	static
../kernel/kernel.c:133:6:SysTick_Handler	8	static
../kernel/kernel.c:150:9:sys_os_start	16	static
../kernel/kernel.c:197:9:sys_task_new	24	static
../kernel/kernel.c:265:9:sys_task_kill	16	static
../kernel/kernel.c:279:9:sys_task_id	4	static
../kernel/kernel.c:289:9:sys_task_yield	4	static
../kernel/kernel.c:298:9:sys_task_wait	16	static
../kernel/kernel.c:322:13:sys_sem_new	24	static
../kernel/kernel.c:334:9:sys_sem_p	24	static
../kernel/kernel.c:357:9:sys_sem_v	24	static
../kernel/kernel.c:379:6:print_semaphore_status	16	static
